******************************************************************************
                  TI ARM Linker PC v5.2.7                      
******************************************************************************
>> Linked Wed Aug 24 22:40:56 2016

OUTPUT FILE NAME:   <CC26XX_BLE.out>
ENTRY POINT SYMBOL: "ResetISR"  address: 00005a25


MEMORY CONFIGURATION

         name            origin    length      used     unused   attr    fill
----------------------  --------  ---------  --------  --------  ----  --------
  FLASH                 00000000   0000dfff  0000a036  00003fc9  R  X
  FLASH_LAST_PAGE       0001f000   00001000  00000058  00000fa8  R  X
  SRAM                  20000000   000043eb  00002d3e  000016ad  RW X


SEGMENT ALLOCATION MAP

run origin  load origin   length   init length attrs members
----------  ----------- ---------- ----------- ----- -------
00000000    00000000    0000a040   0000a040    r-x
  00000000    00000000    0000003c   0000003c    r-- .resetVecs
  0000003c    0000003c    000000c4   000000c4    r-x .text.1
  00000100    00000100    0000003c   0000003c    r-- .const:ti_sysbios_knl_Task_Object__PARAMS__C
  0000013c    0000013c    00000034   00000034    r-- .const:ti_sysbios_knl_Mailbox_Object__PARAMS__C
  00000170    00000170    00000030   00000030    r-- .const:ti_sysbios_family_arm_m3_Hwi_Object__PARAMS__C
  000001a0    000001a0    0000002c   0000002c    r-- .const:ti_sysbios_hal_Hwi_Object__PARAMS__C
  000001cc    000001cc    00000028   00000028    r-- .const:ti_sysbios_heaps_HeapMem_Module__FXNS__C
  000001f4    000001f4    00000028   00000028    r-- .const:ti_sysbios_knl_Swi_Object__PARAMS__C
  0000021c    0000021c    00000024   00000024    r-- .const:ti_sysbios_gates_GateHwi_Module__FXNS__C
  00000240    00000240    00000024   00000024    r-- .const:ti_sysbios_gates_GateMutex_Module__FXNS__C
  00000264    00000264    00000024   00000024    r-- .const:ti_sysbios_heaps_HeapMem_Object__PARAMS__C
  00000288    00000288    00000024   00000024    r-- .const:ti_sysbios_knl_Clock_Object__PARAMS__C
  000002ac    000002ac    00000024   00000024    r-- .const:ti_sysbios_knl_Semaphore_Object__PARAMS__C
  000002d0    000002d0    00000020   00000020    r-- .const:ti_sysbios_family_arm_m3_Hwi_Object__DESC__C
  000002f0    000002f0    00000020   00000020    r-- .const:ti_sysbios_gates_GateHwi_Object__DESC__C
  00000310    00000310    00000020   00000020    r-- .const:ti_sysbios_gates_GateMutex_Object__DESC__C
  00000330    00000330    00000020   00000020    r-- .const:ti_sysbios_hal_Hwi_Object__DESC__C
  00000350    00000350    00000020   00000020    r-- .const:ti_sysbios_heaps_HeapMem_Object__DESC__C
  00000370    00000370    00000020   00000020    r-- .const:ti_sysbios_knl_Clock_Object__DESC__C
  00000390    00000390    00000020   00000020    r-- .const:ti_sysbios_knl_Mailbox_Object__DESC__C
  000003b0    000003b0    00000020   00000020    r-- .const:ti_sysbios_knl_Queue_Object__DESC__C
  000003d0    000003d0    00000020   00000020    r-- .const:ti_sysbios_knl_Semaphore_Object__DESC__C
  000003f0    000003f0    00000020   00000020    r-- .const:ti_sysbios_knl_Swi_Object__DESC__C
  00000410    00000410    00000020   00000020    r-- .const:ti_sysbios_knl_Task_Object__DESC__C
  00000430    00000430    00000018   00000018    r-- .const:ti_sysbios_gates_GateHwi_Object__PARAMS__C
  00000448    00000448    00000018   00000018    r-- .const:ti_sysbios_gates_GateMutex_Object__PARAMS__C
  00000460    00000460    00000018   00000018    r-- .const:ti_sysbios_knl_Queue_Object__PARAMS__C
  00000478    00000478    00000008   00000008    r-- .const:ti_sysbios_knl_Idle_funcList__C
  00000480    00000480    00000004   00000004    r-x .text.2
  00000484    00000484    00000004   00000004    r-- .const:ti_sysbios_family_arm_cc26xx_Timer_startupNeeded__C
  00000488    00000488    00000004   00000004    r-- .const:ti_sysbios_family_arm_m3_Hwi_E_alreadyDefined__C
  0000048c    0000048c    00000004   00000004    r-- .const:ti_sysbios_family_arm_m3_Hwi_E_hwiLimitExceeded__C
  00000490    00000490    00000004   00000004    r-- .const:ti_sysbios_family_arm_m3_Hwi_NUM_INTERRUPTS__C
  00000494    00000494    00000004   00000004    r-- .const:ti_sysbios_family_arm_m3_Hwi_Object__count__C
  00000498    00000498    00000004   00000004    r-- .const:ti_sysbios_family_arm_m3_Hwi_Object__table__C
  0000049c    0000049c    00000004   00000004    r-- .const:ti_sysbios_family_arm_m3_Hwi_ccr__C
  000004a0    000004a0    00000004   00000004    r-- .const:ti_sysbios_family_arm_m3_Hwi_excHandlerFunc__C
  000004a4    000004a4    00000004   00000004    r-- .const:ti_sysbios_family_arm_m3_Hwi_nullIsrFunc__C
  000004a8    000004a8    00000004   00000004    r-- .const:ti_sysbios_family_arm_m3_Hwi_numSparseInterrupts__C
  000004ac    000004ac    00000004   00000004    r-- .const:ti_sysbios_family_arm_m3_Hwi_priGroup__C
  000004b0    000004b0    00000004   00000004    r-- .const:ti_sysbios_family_arm_m3_TaskSupport_stackAlignment__C
  000004b4    000004b4    00000004   00000004    r-- .const:ti_sysbios_heaps_HeapMem_E_memory__C
  000004b8    000004b8    00000004   00000004    r-- .const:ti_sysbios_heaps_HeapMem_Module__gateObj__C
  000004bc    000004bc    00000004   00000004    r-- .const:ti_sysbios_heaps_HeapMem_Object__count__C
  000004c0    000004c0    00000004   00000004    r-- .const:ti_sysbios_heaps_HeapMem_Object__table__C
  000004c4    000004c4    00000004   00000004    r-- .const:ti_sysbios_heaps_HeapMem_reqAlign__C
  000004c8    000004c8    00000004   00000004    r-- .const:ti_sysbios_knl_Clock_serviceMargin__C
  000004cc    000004cc    00000004   00000004    r-- .const:ti_sysbios_knl_Mailbox_Object__count__C
  000004d0    000004d0    00000004   00000004    r-- .const:ti_sysbios_knl_Mailbox_Object__table__C
  000004d4    000004d4    00000004   00000004    r-- .const:ti_sysbios_knl_Queue_Object__count__C
  000004d8    000004d8    00000004   00000004    r-- .const:ti_sysbios_knl_Queue_Object__table__C
  000004dc    000004dc    00000004   00000004    r-- .const:ti_sysbios_knl_Swi_Object__count__C
  000004e0    000004e0    00000004   00000004    r-- .const:ti_sysbios_knl_Swi_Object__table__C
  000004e4    000004e4    00000004   00000004    r-- .const:ti_sysbios_knl_Swi_numPriorities__C
  000004e8    000004e8    00000004   00000004    r-- .const:ti_sysbios_knl_Task_Object__count__C
  000004ec    000004ec    00000004   00000004    r-- .const:ti_sysbios_knl_Task_Object__table__C
  000004f0    000004f0    00000004   00000004    r-- .const:ti_sysbios_knl_Task_allBlockedFunc__C
  000004f4    000004f4    00000004   00000004    r-- .const:ti_sysbios_knl_Task_defaultStackHeap__C
  000004f8    000004f8    00000004   00000004    r-- .const:ti_sysbios_knl_Task_defaultStackSize__C
  000004fc    000004fc    00000004   00000004    r-- .const:ti_sysbios_knl_Task_numConstructedTasks__C
  00000500    00000500    00000002   00000002    r-x .text.3
  00000502    00000502    00000002   00000002    r-- .const:ti_sysbios_family_arm_cc26xx_Timer_Module__id__C
  00000504    00000504    00000002   00000002    r-- .const:ti_sysbios_family_arm_cc26xx_TimestampProvider_useClockTimer__C
  00000506    00000506    00000002   00000002    r-- .const:ti_sysbios_family_arm_m3_Hwi_Module__id__C
  00000508    00000508    00000002   00000002    r-- .const:ti_sysbios_gates_GateHwi_Module__id__C
  0000050a    0000050a    00000002   00000002    r-- .const:ti_sysbios_gates_GateMutex_Module__id__C
  0000050c    0000050c    00000002   00000002    r-- .const:ti_sysbios_heaps_HeapMem_Module__id__C
  0000050e    0000050e    00000002   00000002    r-- .const:ti_sysbios_knl_Task_initStackFlag__C
  00000510    00000510    00000001   00000001    r-- .const:ti_sysbios_knl_Clock_tickMode__C
  00000514    00000514    00000008   00000008    r-- .const:xdc_runtime_Startup_firstFxns__C
  0000051c    0000051c    00000008   00000008    r-- .const:xdc_runtime_Startup_lastFxns__C
  00000524    00000524    00000004   00000004    r-- .const:xdc_runtime_Assert_E_assertFailed__C
  00000528    00000528    00000004   00000004    r-- .const:xdc_runtime_Error_E_memory__C
  0000052c    0000052c    00000004   00000004    r-- .const:xdc_runtime_Error_policyFxn__C
  00000530    00000530    00000004   00000004    r-- .const:xdc_runtime_IGateProvider_Interface__BASE__C
  00000534    00000534    00000004   00000004    r-- .const:xdc_runtime_IHeap_Interface__BASE__C
  00000538    00000538    00000004   00000004    r-- .const:xdc_runtime_IModule_Interface__BASE__C
  0000053c    0000053c    00000004   00000004    r-- .const:xdc_runtime_Main_Module__diagsEnabled__C
  00000540    00000540    00000004   00000004    r-- .const:xdc_runtime_Main_Module__diagsIncluded__C
  00000544    00000544    00000004   00000004    r-- .const:xdc_runtime_Main_Module__diagsMask__C
  00000548    00000548    00000004   00000004    r-- .const:xdc_runtime_Memory_defaultHeapInstance__C
  0000054c    0000054c    00000004   00000004    r-- .const:xdc_runtime_Startup_execImpl__C
  00000550    00000550    00000004   00000004    r-- .const:xdc_runtime_Startup_maxPasses__C
  00000554    00000554    00000004   00000004    r-- .const:xdc_runtime_Startup_sfxnRts__C
  00000558    00000558    00000004   00000004    r-- .const:xdc_runtime_Startup_sfxnTab__C
  0000055c    0000055c    00000004   00000004    r-- .const:xdc_runtime_Startup_startModsFxn__C
  00000560    00000560    00000004   00000004    r-- .const:xdc_runtime_SysCallback_abortFxn__C
  00000564    00000564    00000004   00000004    r-- .const:xdc_runtime_SysCallback_exitFxn__C
  00000568    00000568    00000004   00000004    r-- .const:xdc_runtime_System_abortFxn__C
  0000056c    0000056c    00000004   00000004    r-- .const:xdc_runtime_System_exitFxn__C
  00000570    00000570    00000004   00000004    r-- .const:xdc_runtime_System_maxAtexitHandlers__C
  00000574    00000574    00000004   00000004    r-- .const:xdc_runtime_Text_charTab__C
  00000578    00000578    00000004   00000004    r-- .const:xdc_runtime_Text_nameEmpty__C
  0000057c    0000057c    00000004   00000004    r-- .const:xdc_runtime_Text_nameStatic__C
  00000580    00000580    00000004   00000004    r-- .const:xdc_runtime_Text_nameUnknown__C
  00000584    00000584    00000002   00000002    r-- .const:xdc_runtime_Main_Module__id__C
  00000586    00000586    00000002   00000002    r-- .const:xdc_runtime_Memory_Module__id__C
  00000588    00000588    00000002   00000002    r-- .const:xdc_runtime_Text_charCnt__C
  0000058a    0000058a    00000002   00000002    r-- .const:xdc_runtime_Text_isLoaded__C
  0000058c    0000058c    00000001   00000001    r-- .const:xdc_runtime_Error_policy__C
  00000590    00000590    00000004   00000004    r-- .const:ti_sysbios_rom_ROM_AONRTCChannelEnable
  00000594    00000594    00000004   00000004    r-- .const:ti_sysbios_rom_ROM_AONRTCCompareValueSet
  00000598    00000598    00000004   00000004    r-- .const:ti_sysbios_rom_ROM_AONRTCCurrentCompareValueGet
  0000059c    0000059c    00000004   00000004    r-- .const:ti_sysbios_rom_ROM_AONRTCEventClear
  000005a0    000005a0    00000004   00000004    r-- .const:ti_sysbios_rom_ROM_ti_sysbios_family_arm_cc26xx_Timer_getCount64__E
  000005a4    000005a4    00000004   00000004    r-- .const:ti_sysbios_rom_ROM_ti_sysbios_family_arm_cc26xx_Timer_getCurrentTick__E
  000005a8    000005a8    00000004   00000004    r-- .const:ti_sysbios_rom_ROM_ti_sysbios_family_arm_cc26xx_Timer_getMaxTicks__E
  000005ac    000005ac    00000004   00000004    r-- .const:ti_sysbios_rom_ROM_ti_sysbios_family_arm_cc26xx_Timer_initDevice__I
  000005b0    000005b0    00000004   00000004    r-- .const:ti_sysbios_rom_ROM_ti_sysbios_family_arm_cc26xx_Timer_setNextTick__E
  000005b4    000005b4    00000004   00000004    r-- .const:ti_sysbios_rom_ROM_ti_sysbios_family_arm_cc26xx_Timer_setThreshold__I
  000005b8    000005b8    00000004   00000004    r-- .const:ti_sysbios_rom_ROM_ti_sysbios_family_arm_cc26xx_Timer_start__E
  000005bc    000005bc    00000004   00000004    r-- .const:ti_sysbios_rom_ROM_ti_sysbios_family_arm_cc26xx_TimestampProvider_get32__E
  000005c0    000005c0    00000004   00000004    r-- .const:ti_sysbios_rom_ROM_xdc_runtime_Startup_getState__I
  000005c4    000005c4    00000004   00000004    r-- .const:ti_sysbios_rom_ROM_xdc_runtime_System_SupportProxy_abort__E
  000005c8    000005c8    00000004   00000004    r-- .const:ti_sysbios_rom_ROM_xdc_runtime_System_SupportProxy_exit__E
  000005cc    000005cc    00000004   00000004    r-- .const:ti_sysbios_gates_GateMutex_Instance_State_sem__O
  000005d0    000005d0    00000004   00000004    r-- .const:ti_sysbios_knl_Clock_Module_State_clockQ__O
  000005d4    000005d4    00000004   00000004    r-- .const:ti_sysbios_knl_Mailbox_Instance_State_dataQue__O
  000005d8    000005d8    00000004   00000004    r-- .const:ti_sysbios_knl_Mailbox_Instance_State_dataSem__O
  000005dc    000005dc    00000004   00000004    r-- .const:ti_sysbios_knl_Mailbox_Instance_State_freeQue__O
  000005e0    000005e0    00000004   00000004    r-- .const:ti_sysbios_knl_Mailbox_Instance_State_freeSem__O
  000005e4    000005e4    00000004   00000004    r-- .const:ti_sysbios_knl_Semaphore_Instance_State_pendQ__O
  000005e8    000005e8    00000004   00000004    r-- .const:ti_sysbios_knl_Task_Module_State_inactiveQ__O
  000005ec    000005ec    0000770c   0000770c    r-x .text.4
  00007cf8    00007cf8    00001b34   00001b34    r-- .const
  00009830    00009830    00000810   00000810    r-- .cinit
0001ffa8    0001ffa8    00000058   00000058    r--
  0001ffa8    0001ffa8    00000058   00000058    r-- .ccfg
20000000    20000000    000000c8   00000000    rw-
  20000000    20000000    000000c8   00000000    rw- .vecs
20000100    20000100    00002880   00000000    rw-
  20000100    20000100    00000044   00000000    rw- .data:ti_sysbios_knl_Task_Module__state__V
  20000144    20000144    00000034   00000000    rw- .data:ti_sysbios_family_arm_m3_Hwi_Module__state__V
  20000178    20000178    0000002c   00000000    rw- .data:ti_sysbios_knl_Clock_Module__state__V
  200001a4    200001a4    00000024   00000000    rw- .data:ti_sysbios_BIOS_Module__state__V
  200001c8    200001c8    0000001c   00000000    rw- .data:ti_sysbios_knl_Swi_Module__state__V
  200001e4    200001e4    00000008   00000000    rw- .data:ti_sysbios_family_arm_cc26xx_Timer_Module__state__V
  200001ec    200001ec    00000004   00000000    rw- .data:ti_sysbios_family_arm_cc26xx_TimestampProvider_Module__state__V
  200001f0    200001f0    00000008   00000000    rw- .data:xdc_runtime_Startup_Module__state__V
  200001f8    200001f8    00000008   00000000    rw- .data:xdc_runtime_System_Module__state__V
  20000200    20000200    00000004   00000000    rw- .data:xdc_runtime_Memory_Module__state__V
  20000208    20000208    00001592   00000000    rw- .bss
  200017a0    200017a0    000011e0   00000000    rw- .data
20003fe8    20003fe8    00000400   00000000    rw-
  20003fe8    20003fe8    00000400   00000000    rw- .stack


SECTION ALLOCATION MAP

 output                                  attributes/
section   page    origin      length       input sections
--------  ----  ----------  ----------   ----------------
.resetVecs 
*          0    00000000    0000003c     
                  00000000    0000003c     appBLE_pem3.oem3 (.resetVecs)

.text.1    0    0000003c    000000c4     
                  0000003c    000000b4     PINCC26XX.obj (.text:PINCC26XX_setIoCfg$10)
                  000000f0    00000008     (.tramp.ti_sysbios_family_arm_m3_Hwi_disableFxn__E.1)
                  000000f8    00000008     (.tramp.ti_sysbios_family_arm_m3_Hwi_restoreFxn__E.1)

.const:ti_sysbios_knl_Task_Object__PARAMS__C 
*          0    00000100    0000003c     
                  00000100    0000003c     appBLE_pem3.oem3 (.const:ti_sysbios_knl_Task_Object__PARAMS__C)

.const:ti_sysbios_knl_Mailbox_Object__PARAMS__C 
*          0    0000013c    00000034     
                  0000013c    00000034     appBLE_pem3.oem3 (.const:ti_sysbios_knl_Mailbox_Object__PARAMS__C)

.const:ti_sysbios_family_arm_m3_Hwi_Object__PARAMS__C 
*          0    00000170    00000030     
                  00000170    00000030     appBLE_pem3.oem3 (.const:ti_sysbios_family_arm_m3_Hwi_Object__PARAMS__C)

.const:ti_sysbios_hal_Hwi_Object__PARAMS__C 
*          0    000001a0    0000002c     
                  000001a0    0000002c     appBLE_pem3.oem3 (.const:ti_sysbios_hal_Hwi_Object__PARAMS__C)

.const:ti_sysbios_heaps_HeapMem_Module__FXNS__C 
*          0    000001cc    00000028     
                  000001cc    00000028     appBLE_pem3.oem3 (.const:ti_sysbios_heaps_HeapMem_Module__FXNS__C)

.const:ti_sysbios_knl_Swi_Object__PARAMS__C 
*          0    000001f4    00000028     
                  000001f4    00000028     appBLE_pem3.oem3 (.const:ti_sysbios_knl_Swi_Object__PARAMS__C)

.const:ti_sysbios_gates_GateHwi_Module__FXNS__C 
*          0    0000021c    00000024     
                  0000021c    00000024     appBLE_pem3.oem3 (.const:ti_sysbios_gates_GateHwi_Module__FXNS__C)

.const:ti_sysbios_gates_GateMutex_Module__FXNS__C 
*          0    00000240    00000024     
                  00000240    00000024     appBLE_pem3.oem3 (.const:ti_sysbios_gates_GateMutex_Module__FXNS__C)

.const:ti_sysbios_heaps_HeapMem_Object__PARAMS__C 
*          0    00000264    00000024     
                  00000264    00000024     appBLE_pem3.oem3 (.const:ti_sysbios_heaps_HeapMem_Object__PARAMS__C)

.const:ti_sysbios_knl_Clock_Object__PARAMS__C 
*          0    00000288    00000024     
                  00000288    00000024     appBLE_pem3.oem3 (.const:ti_sysbios_knl_Clock_Object__PARAMS__C)

.const:ti_sysbios_knl_Semaphore_Object__PARAMS__C 
*          0    000002ac    00000024     
                  000002ac    00000024     appBLE_pem3.oem3 (.const:ti_sysbios_knl_Semaphore_Object__PARAMS__C)

.const:ti_sysbios_family_arm_m3_Hwi_Object__DESC__C 
*          0    000002d0    00000020     
                  000002d0    00000020     appBLE_pem3.oem3 (.const:ti_sysbios_family_arm_m3_Hwi_Object__DESC__C)

.const:ti_sysbios_gates_GateHwi_Object__DESC__C 
*          0    000002f0    00000020     
                  000002f0    00000020     appBLE_pem3.oem3 (.const:ti_sysbios_gates_GateHwi_Object__DESC__C)

.const:ti_sysbios_gates_GateMutex_Object__DESC__C 
*          0    00000310    00000020     
                  00000310    00000020     appBLE_pem3.oem3 (.const:ti_sysbios_gates_GateMutex_Object__DESC__C)

.const:ti_sysbios_hal_Hwi_Object__DESC__C 
*          0    00000330    00000020     
                  00000330    00000020     appBLE_pem3.oem3 (.const:ti_sysbios_hal_Hwi_Object__DESC__C)

.const:ti_sysbios_heaps_HeapMem_Object__DESC__C 
*          0    00000350    00000020     
                  00000350    00000020     appBLE_pem3.oem3 (.const:ti_sysbios_heaps_HeapMem_Object__DESC__C)

.const:ti_sysbios_knl_Clock_Object__DESC__C 
*          0    00000370    00000020     
                  00000370    00000020     appBLE_pem3.oem3 (.const:ti_sysbios_knl_Clock_Object__DESC__C)

.const:ti_sysbios_knl_Mailbox_Object__DESC__C 
*          0    00000390    00000020     
                  00000390    00000020     appBLE_pem3.oem3 (.const:ti_sysbios_knl_Mailbox_Object__DESC__C)

.const:ti_sysbios_knl_Queue_Object__DESC__C 
*          0    000003b0    00000020     
                  000003b0    00000020     appBLE_pem3.oem3 (.const:ti_sysbios_knl_Queue_Object__DESC__C)

.const:ti_sysbios_knl_Semaphore_Object__DESC__C 
*          0    000003d0    00000020     
                  000003d0    00000020     appBLE_pem3.oem3 (.const:ti_sysbios_knl_Semaphore_Object__DESC__C)

.const:ti_sysbios_knl_Swi_Object__DESC__C 
*          0    000003f0    00000020     
                  000003f0    00000020     appBLE_pem3.oem3 (.const:ti_sysbios_knl_Swi_Object__DESC__C)

.const:ti_sysbios_knl_Task_Object__DESC__C 
*          0    00000410    00000020     
                  00000410    00000020     appBLE_pem3.oem3 (.const:ti_sysbios_knl_Task_Object__DESC__C)

.const:ti_sysbios_gates_GateHwi_Object__PARAMS__C 
*          0    00000430    00000018     
                  00000430    00000018     appBLE_pem3.oem3 (.const:ti_sysbios_gates_GateHwi_Object__PARAMS__C)

.const:ti_sysbios_gates_GateMutex_Object__PARAMS__C 
*          0    00000448    00000018     
                  00000448    00000018     appBLE_pem3.oem3 (.const:ti_sysbios_gates_GateMutex_Object__PARAMS__C)

.const:ti_sysbios_knl_Queue_Object__PARAMS__C 
*          0    00000460    00000018     
                  00000460    00000018     appBLE_pem3.oem3 (.const:ti_sysbios_knl_Queue_Object__PARAMS__C)

.const:ti_sysbios_knl_Idle_funcList__C 
*          0    00000478    00000008     
                  00000478    00000008     appBLE_pem3.oem3 (.const:ti_sysbios_knl_Idle_funcList__C)

.text.2    0    00000480    00000004     
                  00000480    00000004     ICallBleAPI.obj (.text:GATTServApp_AddService)

.const:ti_sysbios_family_arm_cc26xx_Timer_startupNeeded__C 
*          0    00000484    00000004     
                  00000484    00000004     appBLE_pem3.oem3 (.const:ti_sysbios_family_arm_cc26xx_Timer_startupNeeded__C)

.const:ti_sysbios_family_arm_m3_Hwi_E_alreadyDefined__C 
*          0    00000488    00000004     
                  00000488    00000004     appBLE_pem3.oem3 (.const:ti_sysbios_family_arm_m3_Hwi_E_alreadyDefined__C)

.const:ti_sysbios_family_arm_m3_Hwi_E_hwiLimitExceeded__C 
*          0    0000048c    00000004     
                  0000048c    00000004     appBLE_pem3.oem3 (.const:ti_sysbios_family_arm_m3_Hwi_E_hwiLimitExceeded__C)

.const:ti_sysbios_family_arm_m3_Hwi_NUM_INTERRUPTS__C 
*          0    00000490    00000004     
                  00000490    00000004     appBLE_pem3.oem3 (.const:ti_sysbios_family_arm_m3_Hwi_NUM_INTERRUPTS__C)

.const:ti_sysbios_family_arm_m3_Hwi_Object__count__C 
*          0    00000494    00000004     
                  00000494    00000004     appBLE_pem3.oem3 (.const:ti_sysbios_family_arm_m3_Hwi_Object__count__C)

.const:ti_sysbios_family_arm_m3_Hwi_Object__table__C 
*          0    00000498    00000004     
                  00000498    00000004     appBLE_pem3.oem3 (.const:ti_sysbios_family_arm_m3_Hwi_Object__table__C)

.const:ti_sysbios_family_arm_m3_Hwi_ccr__C 
*          0    0000049c    00000004     
                  0000049c    00000004     appBLE_pem3.oem3 (.const:ti_sysbios_family_arm_m3_Hwi_ccr__C)

.const:ti_sysbios_family_arm_m3_Hwi_excHandlerFunc__C 
*          0    000004a0    00000004     
                  000004a0    00000004     appBLE_pem3.oem3 (.const:ti_sysbios_family_arm_m3_Hwi_excHandlerFunc__C)

.const:ti_sysbios_family_arm_m3_Hwi_nullIsrFunc__C 
*          0    000004a4    00000004     
                  000004a4    00000004     appBLE_pem3.oem3 (.const:ti_sysbios_family_arm_m3_Hwi_nullIsrFunc__C)

.const:ti_sysbios_family_arm_m3_Hwi_numSparseInterrupts__C 
*          0    000004a8    00000004     
                  000004a8    00000004     appBLE_pem3.oem3 (.const:ti_sysbios_family_arm_m3_Hwi_numSparseInterrupts__C)

.const:ti_sysbios_family_arm_m3_Hwi_priGroup__C 
*          0    000004ac    00000004     
                  000004ac    00000004     appBLE_pem3.oem3 (.const:ti_sysbios_family_arm_m3_Hwi_priGroup__C)

.const:ti_sysbios_family_arm_m3_TaskSupport_stackAlignment__C 
*          0    000004b0    00000004     
                  000004b0    00000004     appBLE_pem3.oem3 (.const:ti_sysbios_family_arm_m3_TaskSupport_stackAlignment__C)

.const:ti_sysbios_heaps_HeapMem_E_memory__C 
*          0    000004b4    00000004     
                  000004b4    00000004     appBLE_pem3.oem3 (.const:ti_sysbios_heaps_HeapMem_E_memory__C)

.const:ti_sysbios_heaps_HeapMem_Module__gateObj__C 
*          0    000004b8    00000004     
                  000004b8    00000004     appBLE_pem3.oem3 (.const:ti_sysbios_heaps_HeapMem_Module__gateObj__C)

.const:ti_sysbios_heaps_HeapMem_Object__count__C 
*          0    000004bc    00000004     
                  000004bc    00000004     appBLE_pem3.oem3 (.const:ti_sysbios_heaps_HeapMem_Object__count__C)

.const:ti_sysbios_heaps_HeapMem_Object__table__C 
*          0    000004c0    00000004     
                  000004c0    00000004     appBLE_pem3.oem3 (.const:ti_sysbios_heaps_HeapMem_Object__table__C)

.const:ti_sysbios_heaps_HeapMem_reqAlign__C 
*          0    000004c4    00000004     
                  000004c4    00000004     appBLE_pem3.oem3 (.const:ti_sysbios_heaps_HeapMem_reqAlign__C)

.const:ti_sysbios_knl_Clock_serviceMargin__C 
*          0    000004c8    00000004     
                  000004c8    00000004     appBLE_pem3.oem3 (.const:ti_sysbios_knl_Clock_serviceMargin__C)

.const:ti_sysbios_knl_Mailbox_Object__count__C 
*          0    000004cc    00000004     
                  000004cc    00000004     appBLE_pem3.oem3 (.const:ti_sysbios_knl_Mailbox_Object__count__C)

.const:ti_sysbios_knl_Mailbox_Object__table__C 
*          0    000004d0    00000004     
                  000004d0    00000004     appBLE_pem3.oem3 (.const:ti_sysbios_knl_Mailbox_Object__table__C)

.const:ti_sysbios_knl_Queue_Object__count__C 
*          0    000004d4    00000004     
                  000004d4    00000004     appBLE_pem3.oem3 (.const:ti_sysbios_knl_Queue_Object__count__C)

.const:ti_sysbios_knl_Queue_Object__table__C 
*          0    000004d8    00000004     
                  000004d8    00000004     appBLE_pem3.oem3 (.const:ti_sysbios_knl_Queue_Object__table__C)

.const:ti_sysbios_knl_Swi_Object__count__C 
*          0    000004dc    00000004     
                  000004dc    00000004     appBLE_pem3.oem3 (.const:ti_sysbios_knl_Swi_Object__count__C)

.const:ti_sysbios_knl_Swi_Object__table__C 
*          0    000004e0    00000004     
                  000004e0    00000004     appBLE_pem3.oem3 (.const:ti_sysbios_knl_Swi_Object__table__C)

.const:ti_sysbios_knl_Swi_numPriorities__C 
*          0    000004e4    00000004     
                  000004e4    00000004     appBLE_pem3.oem3 (.const:ti_sysbios_knl_Swi_numPriorities__C)

.const:ti_sysbios_knl_Task_Object__count__C 
*          0    000004e8    00000004     
                  000004e8    00000004     appBLE_pem3.oem3 (.const:ti_sysbios_knl_Task_Object__count__C)

.const:ti_sysbios_knl_Task_Object__table__C 
*          0    000004ec    00000004     
                  000004ec    00000004     appBLE_pem3.oem3 (.const:ti_sysbios_knl_Task_Object__table__C)

.const:ti_sysbios_knl_Task_allBlockedFunc__C 
*          0    000004f0    00000004     
                  000004f0    00000004     appBLE_pem3.oem3 (.const:ti_sysbios_knl_Task_allBlockedFunc__C)

.const:ti_sysbios_knl_Task_defaultStackHeap__C 
*          0    000004f4    00000004     
                  000004f4    00000004     appBLE_pem3.oem3 (.const:ti_sysbios_knl_Task_defaultStackHeap__C)

.const:ti_sysbios_knl_Task_defaultStackSize__C 
*          0    000004f8    00000004     
                  000004f8    00000004     appBLE_pem3.oem3 (.const:ti_sysbios_knl_Task_defaultStackSize__C)

.const:ti_sysbios_knl_Task_numConstructedTasks__C 
*          0    000004fc    00000004     
                  000004fc    00000004     appBLE_pem3.oem3 (.const:ti_sysbios_knl_Task_numConstructedTasks__C)

.text.3    0    00000500    00000002     
                  00000500    00000002     rtsv7M3_T_le_eabi.lib : i_div0.obj (.text)

.const:ti_sysbios_family_arm_cc26xx_Timer_Module__id__C 
*          0    00000502    00000002     
                  00000502    00000002     appBLE_pem3.oem3 (.const:ti_sysbios_family_arm_cc26xx_Timer_Module__id__C)

.const:ti_sysbios_family_arm_cc26xx_TimestampProvider_useClockTimer__C 
*          0    00000504    00000002     
                  00000504    00000002     appBLE_pem3.oem3 (.const:ti_sysbios_family_arm_cc26xx_TimestampProvider_useClockTimer__C)

.const:ti_sysbios_family_arm_m3_Hwi_Module__id__C 
*          0    00000506    00000002     
                  00000506    00000002     appBLE_pem3.oem3 (.const:ti_sysbios_family_arm_m3_Hwi_Module__id__C)

.const:ti_sysbios_gates_GateHwi_Module__id__C 
*          0    00000508    00000002     
                  00000508    00000002     appBLE_pem3.oem3 (.const:ti_sysbios_gates_GateHwi_Module__id__C)

.const:ti_sysbios_gates_GateMutex_Module__id__C 
*          0    0000050a    00000002     
                  0000050a    00000002     appBLE_pem3.oem3 (.const:ti_sysbios_gates_GateMutex_Module__id__C)

.const:ti_sysbios_heaps_HeapMem_Module__id__C 
*          0    0000050c    00000002     
                  0000050c    00000002     appBLE_pem3.oem3 (.const:ti_sysbios_heaps_HeapMem_Module__id__C)

.const:ti_sysbios_knl_Task_initStackFlag__C 
*          0    0000050e    00000002     
                  0000050e    00000002     appBLE_pem3.oem3 (.const:ti_sysbios_knl_Task_initStackFlag__C)

.const:ti_sysbios_knl_Clock_tickMode__C 
*          0    00000510    00000001     
                  00000510    00000001     appBLE_pem3.oem3 (.const:ti_sysbios_knl_Clock_tickMode__C)

.const:xdc_runtime_Startup_firstFxns__C 
*          0    00000514    00000008     
                  00000514    00000008     appBLE_pem3.oem3 (.const:xdc_runtime_Startup_firstFxns__C)

.const:xdc_runtime_Startup_lastFxns__C 
*          0    0000051c    00000008     
                  0000051c    00000008     appBLE_pem3.oem3 (.const:xdc_runtime_Startup_lastFxns__C)

.const:xdc_runtime_Assert_E_assertFailed__C 
*          0    00000524    00000004     
                  00000524    00000004     appBLE_pem3.oem3 (.const:xdc_runtime_Assert_E_assertFailed__C)

.const:xdc_runtime_Error_E_memory__C 
*          0    00000528    00000004     
                  00000528    00000004     appBLE_pem3.oem3 (.const:xdc_runtime_Error_E_memory__C)

.const:xdc_runtime_Error_policyFxn__C 
*          0    0000052c    00000004     
                  0000052c    00000004     appBLE_pem3.oem3 (.const:xdc_runtime_Error_policyFxn__C)

.const:xdc_runtime_IGateProvider_Interface__BASE__C 
*          0    00000530    00000004     
                  00000530    00000004     appBLE_pem3.oem3 (.const:xdc_runtime_IGateProvider_Interface__BASE__C)

.const:xdc_runtime_IHeap_Interface__BASE__C 
*          0    00000534    00000004     
                  00000534    00000004     appBLE_pem3.oem3 (.const:xdc_runtime_IHeap_Interface__BASE__C)

.const:xdc_runtime_IModule_Interface__BASE__C 
*          0    00000538    00000004     
                  00000538    00000004     appBLE_pem3.oem3 (.const:xdc_runtime_IModule_Interface__BASE__C)

.const:xdc_runtime_Main_Module__diagsEnabled__C 
*          0    0000053c    00000004     
                  0000053c    00000004     appBLE_pem3.oem3 (.const:xdc_runtime_Main_Module__diagsEnabled__C)

.const:xdc_runtime_Main_Module__diagsIncluded__C 
*          0    00000540    00000004     
                  00000540    00000004     appBLE_pem3.oem3 (.const:xdc_runtime_Main_Module__diagsIncluded__C)

.const:xdc_runtime_Main_Module__diagsMask__C 
*          0    00000544    00000004     
                  00000544    00000004     appBLE_pem3.oem3 (.const:xdc_runtime_Main_Module__diagsMask__C)

.const:xdc_runtime_Memory_defaultHeapInstance__C 
*          0    00000548    00000004     
                  00000548    00000004     appBLE_pem3.oem3 (.const:xdc_runtime_Memory_defaultHeapInstance__C)

.const:xdc_runtime_Startup_execImpl__C 
*          0    0000054c    00000004     
                  0000054c    00000004     appBLE_pem3.oem3 (.const:xdc_runtime_Startup_execImpl__C)

.const:xdc_runtime_Startup_maxPasses__C 
*          0    00000550    00000004     
                  00000550    00000004     appBLE_pem3.oem3 (.const:xdc_runtime_Startup_maxPasses__C)

.const:xdc_runtime_Startup_sfxnRts__C 
*          0    00000554    00000004     
                  00000554    00000004     appBLE_pem3.oem3 (.const:xdc_runtime_Startup_sfxnRts__C)

.const:xdc_runtime_Startup_sfxnTab__C 
*          0    00000558    00000004     
                  00000558    00000004     appBLE_pem3.oem3 (.const:xdc_runtime_Startup_sfxnTab__C)

.const:xdc_runtime_Startup_startModsFxn__C 
*          0    0000055c    00000004     
                  0000055c    00000004     appBLE_pem3.oem3 (.const:xdc_runtime_Startup_startModsFxn__C)

.const:xdc_runtime_SysCallback_abortFxn__C 
*          0    00000560    00000004     
                  00000560    00000004     appBLE_pem3.oem3 (.const:xdc_runtime_SysCallback_abortFxn__C)

.const:xdc_runtime_SysCallback_exitFxn__C 
*          0    00000564    00000004     
                  00000564    00000004     appBLE_pem3.oem3 (.const:xdc_runtime_SysCallback_exitFxn__C)

.const:xdc_runtime_System_abortFxn__C 
*          0    00000568    00000004     
                  00000568    00000004     appBLE_pem3.oem3 (.const:xdc_runtime_System_abortFxn__C)

.const:xdc_runtime_System_exitFxn__C 
*          0    0000056c    00000004     
                  0000056c    00000004     appBLE_pem3.oem3 (.const:xdc_runtime_System_exitFxn__C)

.const:xdc_runtime_System_maxAtexitHandlers__C 
*          0    00000570    00000004     
                  00000570    00000004     appBLE_pem3.oem3 (.const:xdc_runtime_System_maxAtexitHandlers__C)

.const:xdc_runtime_Text_charTab__C 
*          0    00000574    00000004     
                  00000574    00000004     appBLE_pem3.oem3 (.const:xdc_runtime_Text_charTab__C)

.const:xdc_runtime_Text_nameEmpty__C 
*          0    00000578    00000004     
                  00000578    00000004     appBLE_pem3.oem3 (.const:xdc_runtime_Text_nameEmpty__C)

.const:xdc_runtime_Text_nameStatic__C 
*          0    0000057c    00000004     
                  0000057c    00000004     appBLE_pem3.oem3 (.const:xdc_runtime_Text_nameStatic__C)

.const:xdc_runtime_Text_nameUnknown__C 
*          0    00000580    00000004     
                  00000580    00000004     appBLE_pem3.oem3 (.const:xdc_runtime_Text_nameUnknown__C)

.const:xdc_runtime_Main_Module__id__C 
*          0    00000584    00000002     
                  00000584    00000002     appBLE_pem3.oem3 (.const:xdc_runtime_Main_Module__id__C)

.const:xdc_runtime_Memory_Module__id__C 
*          0    00000586    00000002     
                  00000586    00000002     appBLE_pem3.oem3 (.const:xdc_runtime_Memory_Module__id__C)

.const:xdc_runtime_Text_charCnt__C 
*          0    00000588    00000002     
                  00000588    00000002     appBLE_pem3.oem3 (.const:xdc_runtime_Text_charCnt__C)

.const:xdc_runtime_Text_isLoaded__C 
*          0    0000058a    00000002     
                  0000058a    00000002     appBLE_pem3.oem3 (.const:xdc_runtime_Text_isLoaded__C)

.const:xdc_runtime_Error_policy__C 
*          0    0000058c    00000001     
                  0000058c    00000001     appBLE_pem3.oem3 (.const:xdc_runtime_Error_policy__C)

.const:ti_sysbios_rom_ROM_AONRTCChannelEnable 
*          0    00000590    00000004     
                  00000590    00000004     appBLE_pem3.oem3 (.const:ti_sysbios_rom_ROM_AONRTCChannelEnable)

.const:ti_sysbios_rom_ROM_AONRTCCompareValueSet 
*          0    00000594    00000004     
                  00000594    00000004     appBLE_pem3.oem3 (.const:ti_sysbios_rom_ROM_AONRTCCompareValueSet)

.const:ti_sysbios_rom_ROM_AONRTCCurrentCompareValueGet 
*          0    00000598    00000004     
                  00000598    00000004     appBLE_pem3.oem3 (.const:ti_sysbios_rom_ROM_AONRTCCurrentCompareValueGet)

.const:ti_sysbios_rom_ROM_AONRTCEventClear 
*          0    0000059c    00000004     
                  0000059c    00000004     appBLE_pem3.oem3 (.const:ti_sysbios_rom_ROM_AONRTCEventClear)

.const:ti_sysbios_rom_ROM_ti_sysbios_family_arm_cc26xx_Timer_getCount64__E 
*          0    000005a0    00000004     
                  000005a0    00000004     appBLE_pem3.oem3 (.const:ti_sysbios_rom_ROM_ti_sysbios_family_arm_cc26xx_Timer_getCount64__E)

.const:ti_sysbios_rom_ROM_ti_sysbios_family_arm_cc26xx_Timer_getCurrentTick__E 
*          0    000005a4    00000004     
                  000005a4    00000004     appBLE_pem3.oem3 (.const:ti_sysbios_rom_ROM_ti_sysbios_family_arm_cc26xx_Timer_getCurrentTick__E)

.const:ti_sysbios_rom_ROM_ti_sysbios_family_arm_cc26xx_Timer_getMaxTicks__E 
*          0    000005a8    00000004     
                  000005a8    00000004     appBLE_pem3.oem3 (.const:ti_sysbios_rom_ROM_ti_sysbios_family_arm_cc26xx_Timer_getMaxTicks__E)

.const:ti_sysbios_rom_ROM_ti_sysbios_family_arm_cc26xx_Timer_initDevice__I 
*          0    000005ac    00000004     
                  000005ac    00000004     appBLE_pem3.oem3 (.const:ti_sysbios_rom_ROM_ti_sysbios_family_arm_cc26xx_Timer_initDevice__I)

.const:ti_sysbios_rom_ROM_ti_sysbios_family_arm_cc26xx_Timer_setNextTick__E 
*          0    000005b0    00000004     
                  000005b0    00000004     appBLE_pem3.oem3 (.const:ti_sysbios_rom_ROM_ti_sysbios_family_arm_cc26xx_Timer_setNextTick__E)

.const:ti_sysbios_rom_ROM_ti_sysbios_family_arm_cc26xx_Timer_setThreshold__I 
*          0    000005b4    00000004     
                  000005b4    00000004     appBLE_pem3.oem3 (.const:ti_sysbios_rom_ROM_ti_sysbios_family_arm_cc26xx_Timer_setThreshold__I)

.const:ti_sysbios_rom_ROM_ti_sysbios_family_arm_cc26xx_Timer_start__E 
*          0    000005b8    00000004     
                  000005b8    00000004     appBLE_pem3.oem3 (.const:ti_sysbios_rom_ROM_ti_sysbios_family_arm_cc26xx_Timer_start__E)

.const:ti_sysbios_rom_ROM_ti_sysbios_family_arm_cc26xx_TimestampProvider_get32__E 
*          0    000005bc    00000004     
                  000005bc    00000004     appBLE_pem3.oem3 (.const:ti_sysbios_rom_ROM_ti_sysbios_family_arm_cc26xx_TimestampProvider_get32__E)

.const:ti_sysbios_rom_ROM_xdc_runtime_Startup_getState__I 
*          0    000005c0    00000004     
                  000005c0    00000004     appBLE_pem3.oem3 (.const:ti_sysbios_rom_ROM_xdc_runtime_Startup_getState__I)

.const:ti_sysbios_rom_ROM_xdc_runtime_System_SupportProxy_abort__E 
*          0    000005c4    00000004     
                  000005c4    00000004     appBLE_pem3.oem3 (.const:ti_sysbios_rom_ROM_xdc_runtime_System_SupportProxy_abort__E)

.const:ti_sysbios_rom_ROM_xdc_runtime_System_SupportProxy_exit__E 
*          0    000005c8    00000004     
                  000005c8    00000004     appBLE_pem3.oem3 (.const:ti_sysbios_rom_ROM_xdc_runtime_System_SupportProxy_exit__E)

.const:ti_sysbios_gates_GateMutex_Instance_State_sem__O 
*          0    000005cc    00000004     
                  000005cc    00000004     appBLE_pem3.oem3 (.const:ti_sysbios_gates_GateMutex_Instance_State_sem__O)

.const:ti_sysbios_knl_Clock_Module_State_clockQ__O 
*          0    000005d0    00000004     
                  000005d0    00000004     appBLE_pem3.oem3 (.const:ti_sysbios_knl_Clock_Module_State_clockQ__O)

.const:ti_sysbios_knl_Mailbox_Instance_State_dataQue__O 
*          0    000005d4    00000004     
                  000005d4    00000004     appBLE_pem3.oem3 (.const:ti_sysbios_knl_Mailbox_Instance_State_dataQue__O)

.const:ti_sysbios_knl_Mailbox_Instance_State_dataSem__O 
*          0    000005d8    00000004     
                  000005d8    00000004     appBLE_pem3.oem3 (.const:ti_sysbios_knl_Mailbox_Instance_State_dataSem__O)

.const:ti_sysbios_knl_Mailbox_Instance_State_freeQue__O 
*          0    000005dc    00000004     
                  000005dc    00000004     appBLE_pem3.oem3 (.const:ti_sysbios_knl_Mailbox_Instance_State_freeQue__O)

.const:ti_sysbios_knl_Mailbox_Instance_State_freeSem__O 
*          0    000005e0    00000004     
                  000005e0    00000004     appBLE_pem3.oem3 (.const:ti_sysbios_knl_Mailbox_Instance_State_freeSem__O)

.const:ti_sysbios_knl_Semaphore_Instance_State_pendQ__O 
*          0    000005e4    00000004     
                  000005e4    00000004     appBLE_pem3.oem3 (.const:ti_sysbios_knl_Semaphore_Instance_State_pendQ__O)

.const:ti_sysbios_knl_Task_Module_State_inactiveQ__O 
*          0    000005e8    00000004     
                  000005e8    00000004     appBLE_pem3.oem3 (.const:ti_sysbios_knl_Task_Module_State_inactiveQ__O)

.text.4    0    000005ec    0000770c     
                  000005ec    00000440     sysbios.aem3 : mangled__BIOS_lib.obj (.text:xdc_runtime_System_doPrint__I)
                  00000a2c    00000376     driverlib.lib : setup.obj (.text:HapiTrimDeviceShutDown$37)
                  00000da2    00000002     appBLE_pem3.oem3 (.text:ti_sysbios_BIOS_nullFunc__I)
                  00000da4    0000034c     sysbios.aem3 : mangled__BIOS_lib.obj (.text:ti_sysbios_family_arm_cc26xx_Power_auxISR__E)
                  000010f0    000002f8                  : mangled__BIOS_lib.obj (.text:ti_sysbios_family_arm_cc26xx_Power_sleep__E)
                  000013e8    000002dc     UARTCC26XX.obj (.text:UARTCC26XX_open)
                  000016c4    00000268     UARTCC26XX.obj (.text:UARTCC26XX_write)
                  0000192c    00000228     peripheral.obj (.text:gapRole_processGAPMsg$6)
                  00001b54    00000224     peripheral.obj (.text:GAPRole_SetParameter)
                  00001d78    000001f4     rtsv7M3_T_le_eabi.lib : ull_div_t2.obj (.text)
                  00001f6c    000001e4     UARTCC26XX.obj (.text:UARTCC26XX_read)
                  00002150    000001dc     CC26XX_BLEPeripheral.obj (.text:CC26XX_BLEPeripheral_init$18)
                  0000232c    000001c6     driverlib.lib : sys_ctrl.obj (.text:SysCtrlSetRechargeBeforePowerDown)
                  000024f2    00000002     sysbios.aem3 : mangled__BIOS_lib.obj (.text:ti_sysbios_family_arm_cc26xx_Power_defaultClockFunc__E)
                  000024f4    00000188     PINCC26XX.obj (.text:PIN_init)
                  0000267c    0000015c     UARTCC26XX.obj (.text:UARTCC26XX_hwiIntFxn)
                  000027d8    00000154     uart_logs.obj (.text:uartLog_doPrint$20)
                  0000292c    00000150     CC26XX_BLEPeripheral.obj (.text:CC26XX_BLEPeripheral_taskFxn$18)
                  00002a7c    00000144     UARTCC26XX.obj (.text:UARTCC26XX_initHw$14)
                  00002bc0    00000130     sysbios.aem3 : mangled__BIOS_lib.obj (.text:xdc_runtime_Text_putSite__E)
                  00002cf0    00000124     peripheral.obj (.text:GAPRole_GetParameter)
                  00002e14    00000110     UARTCC26XX.obj (.text:UARTCC26XX_writeCancel)
                  00002f24    00000104     sysbios.aem3 : mangled__BIOS_lib.obj (.text:calibrateRcoscHf1$28)
                  00003028    000000fc     rtsv7M3_T_le_eabi.lib : fd_mul_t2.obj (.text)
                  00003124    000000fc     sysbios.aem3 : mangled__BIOS_lib.obj (.text:xdc_runtime_Text_putLab__E)
                  00003220    000000f8                  : mangled__BIOS_lib.obj (.text:ti_sysbios_family_arm_cc26xx_Power_startFirstMeasurement__E)
                  00003318    000000f8     appBLE_pem3.oem3 (.text:xdc_runtime_System_printfExtend__I)
                  00003410    000000f6     driverlib.lib : setup.obj (.text:GetTrimForAnabypassValue1$37)
                  00003506    00000002     sysbios.aem3 : mangled__BIOS_lib.obj (.text:ti_sysbios_family_arm_cc26xx_Power_defaultNotifyTrapFunc__E)
                  00003508    000000f4     UARTCC26XX.obj (.text:UARTCC26XX_readCancel)
                  000035fc    000000f4     peripheral.obj (.text:gapRole_taskFxn$6)
                  000036f0    000000f0     sysbios.aem3 : mangled__BIOS_lib.obj (.text:ti_sysbios_family_arm_cc26xx_Power_standbyPolicy__E)
                  000037e0    000000ec     ICall.obj (.text:ICall_primWaitMatch$8)
                  000038cc    000000dc     UARTCC26XX.obj (.text:UARTCC26XX_close)
                  000039a8    000000d8     sysbios.aem3 : mangled__BIOS_lib.obj (.text:ti_sysbios_family_arm_cc26xx_Power_setDependency__E)
                  00003a80    000000d0     UARTCC26XX.obj (.text:readData$14)
                  00003b50    000000d0     UARTCC26XX.obj (.text:readFinishedDoCallback$14)
                  00003c20    000000d0     sysbios.aem3 : mangled__BIOS_lib.obj (.text:ti_sysbios_family_arm_cc26xx_Power_releaseDependency__E)
                  00003cf0    000000cc     UARTCC26XX.obj (.text:writeData$14)
                  00003dbc    000000b4     driverlib.lib : setup.obj (.text:trimDevice)
                  00003e70    000000b0     devinfoservice.obj (.text:devInfo_ReadAttrCB$3)
                  00003f20    000000b0     sysbios.aem3 : mangled__BIOS_lib.obj (.text:ti_sysbios_knl_Clock_workFuncDynamic__E)
                  00003fd0    000000a4                  : mangled__BIOS_lib.obj (.text:ti_sysbios_family_arm_cc26xx_Power_initiateCalibration__E)
                  00004074    000000a0     auto_init.aem3 : auto_init.oem3 (.text)
                  00004114    000000a0     peripheral.obj (.text:gapRole_init$6)
                  000041b4    0000009c     rtsv7M3_T_le_eabi.lib : memcpy_t2.obj (.text)
                  00004250    00000094     driverlib.lib : osc.obj (.text:OSCHF_GetStartupTime)
                  000042e4    00000094     UARTCC26XX.obj (.text:UARTCC26XX_initIO$14)
                  00004378    00000094     simpleGATTprofile.obj (.text:simpleProfile_WriteAttrCB$7)
                  0000440c    00000090     CC26XX_BLEPeripheral.obj (.text:CC26XX_BLEPeripheral_processStateChangeEvt$18)
                  0000449c    00000090     PINCC26XX.obj (.text:PIN_open)
                  0000452c    00000090     UARTCC26XX.obj (.text:writeFinishedDoCallback$14)
                  000045bc    0000008c     sysbios.aem3 : mangled__BIOS_lib.obj (.text:ti_sysbios_family_arm_cc26xx_Power_LF_clockFunc__E)
                  00004648    0000008c                  : mangled__BIOS_lib.obj (.text:ti_sysbios_family_arm_cc26xx_Power_Module_startup__E)
                  000046d4    00000088                  : mangled__BIOS_lib.obj (.text:ti_sysbios_family_arm_cc26xx_Timer_start__E)
                  0000475c    00000084     driverlib.lib : setup.obj (.text:GetTrimForAmpcompCtrl$37)
                  000047e0    00000084     ICall.obj (.text:ICall_heapMalloc)
                  00004864    00000084     ICall.obj (.text:ICall_primSetTimer$8)
                  000048e8    00000080     uart_logs.obj (.text:uartLog_outputFxn)
                  00004968    0000007c     ICall.obj (.text:ICall_createRemoteTasks)
                  000049e4    0000007c     UARTCC26XX.obj (.text:writeTxFifoFlush$14)
                  00004a60    0000007a     rtsv7M3_T_le_eabi.lib : memset_t2.obj (.text)
                  00004ada    00000002     appBLE_pem3.oem3 (.text:ti_sysbios_rom_cortexm_cc26xx_CC26xx_badRomRevision__E)
                  00004adc    00000074     ICall.obj (.text:ICall_primSend$8)
                  00004b50    00000072     driverlib.lib : chipinfo.obj (.text:ChipInfo_GetHwRevision)
                  00004bc2    00000002     sysbios.aem3 : mangled__BIOS_lib.obj (.text:xdc_runtime_SysCallback_defaultAbort)
                  00004bc4    00000070     peripheral.obj (.text:gapRole_startConnUpdate$6)
                  00004c34    0000006c     ICallCC2650.obj (.text:ICallPlatform_pwrUpdActivityCounter)
                  00004ca0    0000006c     driverlib.lib : sys_ctrl.obj (.text:SysCtrl_DCDC_VoltageConditionalControl)
                  00004d0c    0000006a     rtsv7M3_T_le_eabi.lib : copy_decompress_rle.obj (.text)
                  00004d76    00000002     sysbios.aem3 : mangled__BIOS_lib.obj (.text:xdc_runtime_SysCallback_defaultExit)
                  00004d78    00000068     uart_logs.obj (.text:uartLog_flush)
                  00004de0    00000066     gattservapp_util.obj (.text:gattServApp_SendNotiInd$5)
                  00004e46    00000066     simpleGATTprofile.obj (.text:simpleProfile_ReadAttrCB$7)
                  00004eac    00000064     gattservapp_util.obj (.text:GATTServApp_ProcessCharCfg)
                  00004f10    00000064     driverlib.lib : osc.obj (.text:OSCHF_AttemptToSwitchToXosc)
                  00004f74    00000062                   : sys_ctrl.obj (.text:SysCtrlAdjustRechargeAfterPowerDown)
                  00004fd6    00000002     sysbios.aem3 : mangled__BIOS_lib.obj (.text:xdc_runtime_SysCallback_defaultPutch)
                  00004fd8    00000060     appBLE_pem3.oem3 (.text:ti_sysbios_family_arm_cc26xx_Power_XOSC_HF_clockFunc__E)
                  00005038    00000060     sysbios.aem3 : mangled__BIOS_lib.obj (.text:ti_sysbios_family_arm_cc26xx_Timer_setNextTick__E)
                  00005098    0000005c     simpleGATTprofile.obj (.text:SimpleProfile_SetParameter)
                  000050f4    0000005c     appBLE_pem3.oem3 (.text:xdc_runtime_Startup_getState__I)
                  00005150    0000005a     driverlib.lib : ddi.obj (.text:NOROM_DDI16BitfieldWrite)
                  000051aa    00000002     --HOLE-- [fill = 0]
                  000051ac    00000058     ICall.obj (.text:ICall_primEnroll$8)
                  00005204    00000058     sysbios.aem3 : mangled__BIOS_lib.obj (.text:ti_sysbios_family_arm_cc26xx_Power_notify__I)
                  0000525c    00000054     ICallCC2650.obj (.text:ICallPlatform_pwrRegisterNotify)
                  000052b0    00000054     ICall.obj (.text:ICall_primThreadServes$8)
                  00005304    00000054     sysbios.aem3 : mangled__BIOS_lib.obj (.text:xdc_runtime_Text_visitRope2__I)
                  00005358    00000052     ICall.obj (.text:ICall_primWait$8)
                  000053aa    00000052     driverlib.lib : osc.obj (.text:NOROM_OSCClockSourceSet)
                  000053fc    00000050     ICallBleAPI.obj (.text:GAP_DeviceInit)
                  0000544c    00000050     ICallBleAPI.obj (.text:GAP_UpdateAdvertisingData)
                  0000549c    00000050     ICall.obj (.text:ICall_primGetEntityId$8)
                  000054ec    00000050     ICall.obj (.text:ICall_primRegisterApp$8)
                  0000553c    00000050     PINCC26XX.obj (.text:PIN_remove)
                  0000558c    00000050     UARTCC26XX.obj (.text:startTxFifoEmptyClk$14)
                  000055dc    0000004c     peripheral.obj (.text:GAPRole_SendUpdateParam)
                  00005628    0000004c     ICall.obj (.text:ICall_newTask$8)
                  00005674    0000004c     peripheral.obj (.text:gapRole_processStackMsg$6)
                  000056c0    0000004c     rtsv7M3_T_le_eabi.lib : cpy_tbl.obj (.text)
                  0000570c    0000004c     sysbios.aem3 : mangled__BIOS_lib.obj (.text:xdc_runtime_Text_xprintf__I)
                  00005758    0000004a     gattservapp_util.obj (.text:GATTServApp_ProcessCCCWriteReq)
                  000057a2    00000002     --HOLE-- [fill = 0]
                  000057a4    00000048     PINCC26XX.obj (.text:PIN_Isr$10)
                  000057ec    00000048     util.obj (.text:Util_constructClock)
                  00005834    00000048     ICallBleAPI.obj (.text:gapSendParamAndPtrCmd$16)
                  0000587c    00000048     ICallBleAPI.obj (.text:gattIndNoti$16)
                  000058c4    00000048     rtsv7M3_T_le_eabi.lib : fd_toi_t2.obj (.text)
                  0000590c    00000048     sysbios.aem3 : mangled__BIOS_lib.obj (.text:xdc_runtime_LoggerCallback_write8__E)
                  00005954    00000046     driverlib.lib : ddi.obj (.text:NOROM_DDI16BitfieldRead)
                  0000599a    00000002     --HOLE-- [fill = 0]
                  0000599c    00000044     ICallBleAPI.obj (.text:GAP_TerminateLinkReq)
                  000059e0    00000044     simpleGATTprofile.obj (.text:SimpleProfile_GetParameter)
                  00005a24    00000044     boot.aem3 : boot.oem3 (.text)
                  00005a68    00000044     rtsv7M3_T_le_eabi.lib : exit.obj (.text)
                  00005aac    00000044     sysbios.aem3 : mangled__BIOS_lib.obj (.text:ti_sysbios_family_arm_cc26xx_Timer_initDevice__I)
                  00005af0    00000044                  : mangled__BIOS_lib.obj (.text:xdc_runtime_LoggerCallback_Module_startup__E)
                  00005b34    00000042     ICall.obj (.text:ICall_primCreateSemaphore$8)
                  00005b76    00000042     ICall.obj (.text:ICall_primCreateTask$8)
                  00005bb8    00000040     peripheral.obj (.text:GAPRole_createTask)
                  00005bf8    00000040     ICallBleAPI.obj (.text:GATT_SendRsp)
                  00005c38    00000040     driverlib.lib : osc.obj (.text:NOROM_OSCInterfaceEnable)
                  00005c78    00000040     rtsv7M3_T_le_eabi.lib : u_divt2.obj (.text)
                  00005cb8    00000040     appBLE_pem3.oem3 (.text:ti_sysbios_family_arm_cc26xx_Power_XOSC_HF)
                  00005cf8    00000040     sysbios.aem3 : mangled__BIOS_lib.obj (.text:ti_sysbios_family_arm_cc26xx_Power_isStableXOSC_HF__E)
                  00005d38    00000040                  : mangled__BIOS_lib.obj (.text:ti_sysbios_family_arm_cc26xx_Timer_getCurrentTick__E)
                  00005d78    0000003e     ICallBleAPI.obj (.text:hciSendParamsCmd$16)
                  00005db6    00000002     --HOLE-- [fill = 0]
                  00005db8    0000003c     CC26XX_BLEPeripheral.obj (.text:CC26XX_BLEPeripheral_createTask)
                  00005df4    0000003c     ICallBleAPI.obj (.text:GAP_GetParamValue)
                  00005e30    0000003c     ICallBleAPI.obj (.text:GATTServApp_RegisterService)
                  00005e6c    0000003c     ICallCC2650.obj (.text:ICallPlatform_pwrConfigACAction)
                  00005ea8    0000003c     ICallBleAPI.obj (.text:profileSetParameter$16)
                  00005ee4    0000003c     ICallBleAPI.obj (.text:sendWaitMatchCS$16)
                  00005f20    0000003c     ICallBleAPI.obj (.text:sendWaitMatchValueCS$16)
                  00005f5c    0000003c     sysbios.aem3 : mangled__BIOS_lib.obj (.text:ti_sysbios_family_arm_cc26xx_Power_releaseConstraint__E)
                  00005f98    00000038     CC26XX_BLEPeripheral.obj (.text:CC26XX_BLEPeripheral_sendAttRsp$18)
                  00005fd0    00000038     ICallBleAPI.obj (.text:GAPBondMgr_LinkEst)
                  00006008    00000038     ICall.obj (.text:ICall_primGetMaxMSecs$8)
                  00006040    00000038     PINCC26XX.obj (.text:PIN_setOutputEnable)
                  00006078    00000038     util.obj (.text:Util_restartClock)
                  000060b0    00000038     ICallBleAPI.obj (.text:linkDB_NumConns)
                  000060e8    00000038     sysbios.aem3 : mangled__BIOS_lib.obj (.text:ti_sysbios_family_arm_cc26xx_Power_setConstraint__E)
                  00006120    00000038                  : mangled__BIOS_lib.obj (.text:ti_sysbios_family_arm_cc26xx_Timer_setThreshold__I)
                  00006158    00000038                  : mangled__BIOS_lib.obj (.text:xdc_runtime_LoggerCallback_write4__E)
                  00006190    00000036     ICallCC2650.obj (.text:ICallPlatform_pwrDispenseImpl$9)
                  000061c6    00000036     ICallCC2650.obj (.text:ICallPlatform_pwrRequireImpl$9)
                  000061fc    00000036     ICall.obj (.text:ICall_primWaitSemaphore$8)
                  00006232    00000002     --HOLE-- [fill = 0]
                  00006234    00000034     CC26XX_BLEPeripheral.obj (.text:CC26XX_BLEPeripheral_processGATTMsg$18)
                  00006268    00000034     driverlib.lib : chipinfo.obj (.text:ChipInfo_GetChipFamily)
                  0000629c    00000034     ICallBleAPI.obj (.text:GAPBondMgr_SetParameter)
                  000062d0    00000034     ICallBleAPI.obj (.text:GAP_SetParamValue)
                  00006304    00000034     ICall.obj (.text:ICall_primEntityId2ServiceId$8)
                  00006338    00000034     ICall.obj (.text:ICall_primFetchMsg$8)
                  0000636c    00000034     ICall.obj (.text:ICall_primRegisterISR$8)
                  000063a0    00000034     ICall.obj (.text:ICall_primRegisterISR_Ext$8)
                  000063d4    00000034     ICall.obj (.text:ICall_searchServiceEntity$8)
                  00006408    00000034     driverlib.lib : setup.obj (.text:SetAonRtcSubSecInc$37)
                  0000643c    00000034     ICallBleAPI.obj (.text:osal_snv_read)
                  00006470    00000034     ICallBleAPI.obj (.text:osal_snv_write)
                  000064a4    00000034     ICallBleAPI.obj (.text:profileAddService$16)
                  000064d8    00000034     ICallBleAPI.obj (.text:registerTask$16)
                  0000650c    00000033     sysbios.aem3 : mangled__BIOS_lib.obj (.text:xdc_runtime_Text_printVisFxn__I)
                  0000653f    00000001     --HOLE-- [fill = 0]
                  00006540    00000032     driverlib.lib : osc.obj (.text:OSCHF_SwitchToRcOscTurnOffXosc)
                  00006572    00000032     ICallBleAPI.obj (.text:gapSendParamsCmd$16)
                  000065a4    00000032     ICallBleAPI.obj (.text:gapSendPtrParamsCmd$16)
                  000065d6    00000032     ICallBleAPI.obj (.text:matchGapSetGetParamCS$16)
                  00006608    00000032     ICallBleAPI.obj (.text:matchGattCmdStatus$16)
                  0000663a    00000032     ICallBleAPI.obj (.text:matchUtilNvCS$16)
                  0000666c    00000030     ICallCC2650.obj (.text:ICallPlatform_pwrNotify$9)
                  0000669c    00000030     ICall.obj (.text:ICall_heapInit)
                  000066cc    00000030     ICall.obj (.text:ICall_msecs2Ticks$8)
                  000066fc    00000030     appBLE_pem3.oem3 (.text:ti_sysbios_BIOS_atExitFunc__I)
                  0000672c    00000030     sysbios.aem3 : mangled__BIOS_lib.obj (.text:ti_sysbios_family_arm_cc26xx_Power_registerNotify__E)
                  0000675c    00000030                  : mangled__BIOS_lib.obj (.text:ti_sysbios_family_arm_cc26xx_Power_switchXOSC_HF__E)
                  0000678c    00000030     appBLE_pem3.oem3 (.text:xdc_runtime_LoggerCallback_Object__create__S)
                  000067bc    00000030     sysbios.aem3 : mangled__BIOS_lib.obj (.text:xdc_runtime_LoggerCallback_write2__E)
                  000067ec    0000002e     driverlib.lib : setup.obj (.text:GetTrimForRadcExtCfg$37)
                  0000681a    0000002e     CC26XX_BLEPeripheral.obj (.text:ICall_fetchServiceMsg$18)
                  00006848    0000002e     peripheral.obj (.text:ICall_fetchServiceMsg$6)
                  00006876    0000002e     ICall.obj (.text:ICall_msgDequeue$8)
                  000068a4    0000002e     ICallBleAPI.obj (.text:matchProfileAddServiceCS$16)
                  000068d2    0000002c     driverlib.lib : aon_batmon.obj (.text:AONBatMonTemperatureGetDegC)
                  000068fe    00000002     --HOLE-- [fill = 0]
                  00006900    0000002c     ICallBleAPI.obj (.text:GAPBondMgr_Register)
                  0000692c    0000002c     ICallBleAPI.obj (.text:HCI_EXT_ConnEventNoticeCmd)
                  00006958    0000002c     ICall.obj (.text:ICall_heapFree)
                  00006984    0000002c     simpleGATTprofile.obj (.text:ICall_malloc$7)
                  000069b0    0000002c     ICall.obj (.text:ICall_msgEnqueue$8)
                  000069dc    0000002c     ICall.obj (.text:ICall_primAllocMsg$8)
                  00006a08    0000002c     ICall.obj (.text:ICall_primFetchServiceMsg$8)
                  00006a34    0000002c     ICall.obj (.text:ICall_searchTask$8)
                  00006a60    0000002c     ICallBleAPI.obj (.text:ICall_sendServiceMsg$16)
                  00006a8c    0000002c     driverlib.lib : aon_rtc.obj (.text:NOROM_AONRTCCurrentCompareValueGet)
                  00006ab8    0000002c     PINCC26XX.obj (.text:PIN_setConfig)
                  00006ae4    0000002a     ICallBleAPI.obj (.text:ICall_waitMatch$16)
                  00006b0e    0000002a     util.obj (.text:Util_enqueueMsg)
                  00006b38    0000002a     ICallBleAPI.obj (.text:matchProfileCS$16)
                  00006b62    00000002     --HOLE-- [fill = 0]
                  00006b64    00000028     CC26XX_BLEPeripheral.obj (.text:CC26XX_BLEPeripheral_freeAttRsp$18)
                  00006b8c    00000028     gattservapp_util.obj (.text:GATTServApp_WriteCharCfg)
                  00006bb4    00000028     driverlib.lib : setup.obj (.text:GetTrimForAmpcompTh2$37)
                  00006bdc    00000028     ICall.obj (.text:ICall_init)
                  00006c04    00000028     ICall.obj (.text:ICall_msgPrepend$8)
                  00006c2c    00000028     CC26XX_BLEPeripheral.obj (.text:ICall_registerApp$18)
                  00006c54    00000028     peripheral.obj (.text:ICall_registerApp$6)
                  00006c7c    00000028     simpleGATTprofile.obj (.text:SimpleProfile_AddService)
                  00006ca4    00000028     gattservapp_util.obj (.text:gattServApp_FindCharCfgItem$5)
                  00006ccc    00000028     appBLE_pem3.oem3 (.text:ti_sysbios_family_arm_cc26xx_Power_isDependencyActive)
                  00006cf4    00000028     sysbios.aem3 : mangled__BIOS_lib.obj (.text:ti_sysbios_family_arm_cc26xx_Timer_getMaxTicks__E)
                  00006d1c    00000028                  : mangled__BIOS_lib.obj (.text:xdc_runtime_LoggerCallback_write0__E)
                  00006d44    00000028                  : mangled__BIOS_lib.obj (.text:xdc_runtime_LoggerCallback_write1__E)
                  00006d6c    00000028                  : mangled__BIOS_lib.obj (.text:xdc_runtime_System_snprintf__E)
                  00006d94    00000026     driverlib.lib : osc.obj (.text:NOROM_OSCClockSourceGet)
                  00006dba    00000026     main.obj (.text:main)
                  00006de0    00000024     CC26XX_BLEPeripheral.obj (.text:CC26XX_BLEPeripheral_enqueueMsg$18)
                  00006e04    00000024     ICallBleAPI.obj (.text:GAPBondMgr_LinkTerm)
                  00006e28    00000024     gattservapp_util.obj (.text:GATTServApp_FindAttr)
                  00006e4c    00000024     ICallBleAPI.obj (.text:ICall_getLocalMsgEntityId$16)
                  00006e70    00000024     ICallBleAPI.obj (.text:ICall_threadServes$16)
                  00006e94    00000024     PINCC26XX.obj (.text:PINCC26XX_setMux)
                  00006eb8    00000024     PINCC26XX.obj (.text:PIN_setOutputValue)
                  00006edc    00000024     UARTCC26XX.obj (.text:UARTCC26XX_control)
                  00006f00    00000024     appBLE_pem3.oem3 (.text:ti_sysbios_BIOS_registerRTSLock__I)
                  00006f24    00000024     appBLE_pem3.oem3 (.text:ti_sysbios_BIOS_removeRTSLock__I)
                  00006f48    00000024     appBLE_pem3.oem3 (.text:ti_sysbios_BIOS_startFunc__I)
                  00006f6c    00000024     sysbios.aem3 : mangled__BIOS_lib.obj (.text:ti_sysbios_family_arm_cc26xx_Timer_dynamicStub__E)
                  00006f90    00000022     driverlib.lib : setup.obj (.text:GetTrimForAmpcompTh1$37)
                  00006fb2    00000022     ICall.obj (.text:ICall_dispatch$8)
                  00006fd4    00000022     util.obj (.text:ICall_malloc$21)
                  00006ff6    00000002     --HOLE-- [fill = 0]
                  00006ff8    00000020     gattservapp_util.obj (.text:GATTServApp_InitCharCfg)
                  00007018    00000020     ICallBleAPI.obj (.text:GATT_bm_alloc)
                  00007038    00000020     driverlib.lib : setup.obj (.text:GetTrimForRcOscLfRtuneCtuneTrim$37)
                  00007058    00000020                   : setup.obj (.text:GetTrimForXoscHfCtl$37)
                  00007078    00000020     ICallBleAPI.obj (.text:ICall_allocMsg$16)
                  00007098    00000020     ICallBleAPI.obj (.text:ICall_getEntityId$16)
                  000070b8    00000020     CC26XX_BLEPeripheral.obj (.text:ICall_malloc$18)
                  000070d8    00000020     ICall.obj (.text:ICall_primService$8)
                  000070f8    00000020     ICall.obj (.text:ICall_searchService$8)
                  00007118    00000020     util.obj (.text:Util_dequeueMsg)
                  00007138    00000020     rtsv7M3_T_le_eabi.lib : u_tofd_t2.obj (.text)
                  00007158    00000020     appBLE_pem3.oem3 (.text:ti_sysbios_BIOS_rtsLock__I)
                  00007178    00000020     sysbios.aem3 : mangled__BIOS_lib.obj (.text:ti_sysbios_family_arm_cc26xx_TimestampProvider_get32__E)
                  00007198    0000001e     ICall.obj (.text:ICall_primSendServiceMsg$8)
                  000071b6    0000001e     PINCC26XX.obj (.text:PIN_close)
                  000071d4    0000001e     ICallBleAPI.obj (.text:matchHciCS$16)
                  000071f2    0000001e     ICallBleAPI.obj (.text:waitMatchCS$16)
                  00007210    0000001c     peripheral.obj (.text:GAPRole_StartDevice)
                  0000722c    0000001c     ICallBleAPI.obj (.text:GATT_bm_free)
                  00007248    0000001c     CC26XX_BLEPeripheral.obj (.text:ICall_wait$18)
                  00007264    0000001c     peripheral.obj (.text:ICall_wait$6)
                  00007280    0000001c     PINCC26XX.obj (.text:PINCC26XX_setIoCfgMux$10)
                  0000729c    0000001c     peripheral.obj (.text:gapRole_HandleParamUpdateNoSuccess$6)
                  000072b8    0000001c     ICallBleAPI.obj (.text:getStatusValueFromErrNo$16)
                  000072d4    0000001c     sysbios.aem3 : mangled__BIOS_lib.obj (.text:ti_sysbios_family_arm_cc26xx_Power_unregisterNotify__E)
                  000072f0    0000001c                  : mangled__BIOS_lib.obj (.text:xdc_runtime_LoggerCallback_Instance_init__E)
                  0000730c    0000001a     CC26XX_BLEPeripheral.obj (.text:CC26XX_BLEPeripheral_processAppMsg$18)
                  00007326    0000001a     ICall.obj (.text:ICall_enterCSImpl)
                  00007340    0000001a     ICall.obj (.text:ICall_primSetTimerMSecs$8)
                  0000735a    0000001a     driverlib.lib : osc.obj (.text:OSCHF_TurnOnXosc)
                  00007374    0000001a     ICallBleAPI.obj (.text:matchGattIndNotiCS$16)
                  0000738e    00000018     CC26XX_BLEPeripheral.obj (.text:CC26XX_BLEPeripheral_performPeriodicTask$18)
                  000073a6    00000018     driverlib.lib : chipinfo.obj (.text:ChipInfo_GetPackageType)
                  000073be    00000002     --HOLE-- [fill = 0]
                  000073c0    00000018     peripheral.obj (.text:GAPRole_TerminateConnection)
                  000073d8    00000018     ICallBleAPI.obj (.text:GATT_Notification)
                  000073f0    00000018     driverlib.lib : setup.obj (.text:GetTrimForAdcShModeEn$37)
                  00007408    00000018                   : setup.obj (.text:GetTrimForAdcShVbufEn$37)
                  00007420    00000018                   : setup.obj (.text:GetTrimForDblrLoopFilterResetVoltage$37)
                  00007438    00000018                   : setup.obj (.text:GetTrimForRcOscLfIBiasTrim$37)
                  00007450    00000018                   : setup.obj (.text:GetTrimForXoscHfIbiastherm$37)
                  00007468    00000018                   : setup.obj (.text:GetTrimForXoscLfRegulatorAndCmirrwrRatio$37)
                  00007480    00000018     ICallCC2650.obj (.text:ICallPlatform_pwrDispense)
                  00007498    00000018     ICallCC2650.obj (.text:ICallPlatform_pwrRequire)
                  000074b0    00000018     CC26XX_BLEPeripheral.obj (.text:ICall_free$18)
                  000074c8    00000018     util.obj (.text:ICall_free$21)
                  000074e0    00000018     ICallBleAPI.obj (.text:ICall_freeMsg$16)
                  000074f8    00000018     CC26XX_BLEPeripheral.obj (.text:ICall_freeMsg$18)
                  00007510    00000018     peripheral.obj (.text:ICall_freeMsg$6)
                  00007528    00000018     ICall.obj (.text:ICall_freeMsg$8)
                  00007540    00000018     ICall.obj (.text:ICall_initPrim$8)
                  00007558    00000018     ICall.obj (.text:ICall_primMalloc$8)
                  00007570    00000018     UART.obj (.text:UART_Params_init)
                  00007588    00000018     util.obj (.text:Util_constructQueue)
                  000075a0    00000018     peripheral.obj (.text:gapRole_setEvent$6)
                  000075b8    00000018     rtsv7M3_T_le_eabi.lib : args_main.obj (.text)
                  000075d0    00000018                           : ll_mul_t2.obj (.text)
                  000075e8    00000018     appBLE_pem3.oem3 (.text:ti_sysbios_BIOS_rtsUnlock__I)
                  00007600    00000018     appBLE_pem3.oem3 (.text:ti_sysbios_family_arm_cc26xx_Power_RFCORECLKS)
                  00007618    00000018     sysbios.aem3 : mangled__BIOS_lib.obj (.text:ti_sysbios_family_arm_cc26xx_Timer_getCount64__E)
                  00007630    00000018     appBLE_pem3.oem3 (.text:ti_sysbios_rom_cortexm_cc26xx_CC26xx_checkRevision__E)
                  00007648    00000016     CC26XX_BLEPeripheral.obj (.text:CC26XX_BLEPeripheral_processCharValueChangeEvt$18)
                  0000765e    00000016     driverlib.lib : setup.obj (.text:GetTrimForXoscHfFastStart$37)
                  00007674    00000016     ICall.obj (.text:ICall_abort$8)
                  0000768a    00000016     ICall.obj (.text:ICall_leaveCSImpl)
                  000076a0    00000016     ICall.obj (.text:ICall_primStopTimer$8)
                  000076b6    00000016     appBLE_pem3.oem3 (.text:ti_sysbios_BIOS_exitFunc__I)
                  000076cc    00000014     CC26XX_BLEPeripheral.obj (.text:CC26XX_BLEPeripheral_clockHandler$18)
                  000076e0    00000014     devinfoservice.obj (.text:DevInfo_AddService)
                  000076f4    00000014     ICallCC2650.obj (.text:ICallPlatform_pwrIsStableXOSCHF)
                  00007708    00000014     simpleGATTprofile.obj (.text:SimpleProfile_RegisterAppCBs)
                  0000771c    00000014     driverlib.lib : chipinfo.obj (.text:ThisCodeIsBuiltForCC26xxHwRev22AndLater_HaltIfViolated)
                  00007730    00000014     UART.obj (.text:UART_open)
                  00007744    00000014     UART.obj (.text:UART_write)
                  00007758    00000014     rtsv7M3_T_le_eabi.lib : _lock.obj (.text)
                  0000776c    00000014                           : strlen.obj (.text)
                  00007780    00000014     ICallBleAPI.obj (.text:setICallCmdEvtHdr$16)
                  00007794    00000014     appBLE_pem3.oem3 (.text:ti_sysbios_knl_Clock_doTick__I)
                  000077a8    00000012     appBLE_pem3.oem3 (.text:xdc_runtime_Startup_exec__I)
                  000077ba    00000002     --HOLE-- [fill = 0]
                  000077bc    00000010     devinfoservice.obj (.text:DevInfo_SetParameter)
                  000077cc    00000010     ICallBleAPI.obj (.text:GAP_EndDiscoverable)
                  000077dc    00000010     gattservapp_util.obj (.text:GATTServApp_ReadCharCfg)
                  000077ec    00000010     ICallCC2650.obj (.text:ICallPlatform_pwrGetXOSCStartupTime)
                  000077fc    00000010     ICall.obj (.text:ICall_primGetTickPeriod$8)
                  0000780c    00000010     ICall.obj (.text:ICall_taskEntry$8)
                  0000781c    00000010     UARTCC26XX.obj (.text:UARTCC26XX_init)
                  0000782c    00000010     util.obj (.text:Util_isActive)
                  0000783c    00000010     UARTCC26XX.obj (.text:uartPostNotify$14)
                  0000784c    00000010     appBLE_pem3.oem3 (.text:xdc_runtime_LoggerCallback_Object__get__S)
                  0000785c    00000010     sysbios.aem3 : mangled__BIOS_lib.obj (.text:xdc_runtime_SysCallback_putch__E)
                  0000786c    00000010                  : mangled__BIOS_lib.obj (.text:xdc_runtime_SysCallback_ready__E)
                  0000787c    0000000e     CC26XX_BLEPeripheral.obj (.text:CC26XX_BLEPeripheral_processStackMsg$18)
                  0000788a    0000000e     ICallCC2650.obj (.text:ICallPlatform_pwrGetTransitionState)
                  00007898    0000000e     ICall.obj (.text:ICall_primDisableMInt$8)
                  000078a6    0000000e     ICall.obj (.text:ICall_primEnableMInt$8)
                  000078b4    0000000e     ICall.obj (.text:ICall_primFreeMsg$8)
                  000078c2    0000000e     ICall.obj (.text:ICall_primGetTicks$8)
                  000078d0    0000000e     driverlib.lib : vims.obj (.text:NOROM_VIMSModeGet)
                  000078de    0000000e                   : setup.obj (.text:SignExtendVddrTrimValue$37)
                  000078ec    0000000e     rtsv7M3_T_le_eabi.lib : copy_decompress_none.obj (.text:decompress:none)
                  000078fa    0000000e     ICallBleAPI.obj (.text:matchGSARegisterServiceCS$16)
                  00007908    0000000e     ICallBleAPI.obj (.text:matchGapLinkEstCS$16)
                  00007916    0000000e     ICallBleAPI.obj (.text:matchGattSendRspCS$16)
                  00007924    0000000e     ICallBleAPI.obj (.text:matchLinkDBNumConnsCS$16)
                  00007932    0000000e     ICallBleAPI.obj (.text:setDispatchCmdEvtHdr$16)
                  00007940    0000000c     ICallBleAPI.obj (.text:GAP_MakeDiscoverable)
                  0000794c    0000000c     ICallBleAPI.obj (.text:GAP_TerminateAuth)
                  00007958    0000000c     ICallBleAPI.obj (.text:GAP_UpdateLinkParamReq)
                  00007964    0000000c     ICallBleAPI.obj (.text:GGS_SetParameter)
                  00007970    0000000c     ICall.obj (.text:ICall_clockFunc$8)
                  0000797c    0000000c     ICall.obj (.text:ICall_primDisableInt$8)
                  00007988    0000000c     ICall.obj (.text:ICall_primEnableInt$8)
                  00007994    0000000c     ICall.obj (.text:ICall_primFree$8)
                  000079a0    0000000c     ICall.obj (.text:ICall_primSignal$8)
                  000079ac    0000000c     driverlib.lib : cpu.obj (.text:NOROM_CPUcpsid)
                  000079b8    0000000c                   : cpu.obj (.text:NOROM_CPUcpsie)
                  000079c4    0000000c     uart_logs.obj (.text:UartLog_doInit)
                  000079d0    0000000c     util.obj (.text:Util_startClock)
                  000079dc    0000000c     rtsv7M3_T_le_eabi.lib : copy_zero_init.obj (.text:decompress:ZI)
                  000079e8    0000000c     ICallBleAPI.obj (.text:matchProfileSetParamCS$16)
                  000079f4    0000000c     sysbios.aem3 : mangled__BIOS_lib.obj (.text:ti_sysbios_BIOS_getThreadType__E)
                  00007a00    0000000c                  : mangled__BIOS_lib.obj (.text:ti_sysbios_family_arm_cc26xx_Power_getTransitionState__E)
                  00007a0c    0000000c                  : mangled__BIOS_lib.obj (.text:ti_sysbios_hal_Hwi_Params__init__S)
                  00007a18    0000000c     appBLE_pem3.oem3 (.text:xdc_runtime_Startup_reset__I)
                  00007a24    0000000a     ICallCC2650.obj (.text:ICallPlatform_pwrSwitchXOSCHF)
                  00007a2e    0000000a     ICall.obj (.text:ICall_primE2S$8)
                  00007a38    0000000a     sysbios.aem3 : mangled__BIOS_lib.obj (.text:xdc_runtime_LoggerCallback_disable__E)
                  00007a42    0000000a                  : mangled__BIOS_lib.obj (.text:xdc_runtime_LoggerCallback_enable__E)
                  00007a4c    0000000a     appBLE_pem3.oem3 (.text:xdc_runtime_Text_visitRope__I)
                  00007a56    00000008     CC26XX_BLEPeripheral.obj (.text:CC26XX_BLEPeripheral_charValueChangeCB$18)
                  00007a5e    00000008     CC26XX_BLEPeripheral.obj (.text:CC26XX_BLEPeripheral_stateChangeCB$18)
                  00007a66    00000008     ICallBleAPI.obj (.text:GATT_Indication)
                  00007a6e    00000008     ICallBleAPI.obj (.text:matchHciExtConnEventNoticeCS$16)
                  00007a76    00000008     UARTCC26XX.obj (.text:readSemCallback$14)
                  00007a7e    00000008     UARTCC26XX.obj (.text:writeSemCallback$14)
                  00007a86    00000006     ICallBleAPI.obj (.text:GAP_RegisterForMsgs)
                  00007a8c    00000006     ICallBleAPI.obj (.text:GATT_RegisterForMsgs)
                  00007a92    00000006     ICallBleAPI.obj (.text:GGS_AddService)
                  00007a98    00000006     ICall.obj (.text:ICall_mallocImpl)
                  00007a9e    00000006     UARTCC26XX.obj (.text:UARTCC26XX_readPolling)
                  00007aa4    00000006     UARTCC26XX.obj (.text:UARTCC26XX_writePolling)
                  00007aaa    00000006     sysbios.aem3 : mangled__BIOS_lib.obj (.text:__xdc__init)
                  00007ab0    00000006     rtsv7M3_T_le_eabi.lib : copy_decompress_rle.obj (.text:decompress:rle24)
                  00007ab6    00000006     ICallBleAPI.obj (.text:gattAddService$16)
                  00007abc    00000006     ICallBleAPI.obj (.text:matchBondMgrSetParamCS$16)
                  00007ac2    00000006     ICallBleAPI.obj (.text:matchGGSSetParamCS$16)
                  00007ac8    00000006     ICallBleAPI.obj (.text:matchGapDeviceInitCS$16)
                  00007ace    00000006     ICallBleAPI.obj (.text:matchGapEndDiscoverableCS$16)
                  00007ad4    00000006     ICallBleAPI.obj (.text:matchGapGetParamCS$16)
                  00007ada    00000006     ICallBleAPI.obj (.text:matchGapMakeDiscoverableCS$16)
                  00007ae0    00000006     ICallBleAPI.obj (.text:matchGapSetParamCS$16)
                  00007ae6    00000006     ICallBleAPI.obj (.text:matchGapTerminateAuthCS$16)
                  00007aec    00000006     ICallBleAPI.obj (.text:matchGapTerminateLinkReqCS$16)
                  00007af2    00000006     ICallBleAPI.obj (.text:matchGapUpdateAdvDataCS$16)
                  00007af8    00000006     ICallBleAPI.obj (.text:matchGapUpdateLinkParamReqCS$16)
                  00007afe    00000006     ICallBleAPI.obj (.text:matchUtilNvReadCS$16)
                  00007b04    00000006     ICallBleAPI.obj (.text:matchUtilNvWriteCS$16)
                  00007b0a    00000004     ICall.obj (.text:ICall_primAbort$8)
                  00007b0e    00000004     util.obj (.text:Util_stopClock)
                  00007b12    00000004     peripheral.obj (.text:gapRole_SetupGAP$6)
                  00007b16    00000004     appBLE_pem3.oem3 (.text:ti_sysbios_family_arm_cc26xx_Power_NOP)
                  00007b1a    00000004     sysbios.aem3 : mangled__BIOS_lib.obj (.text:ti_sysbios_knl_Clock_isActive__E)
                  00007b1e    00000004                  : mangled__BIOS_lib.obj (.text:xdc_runtime_LoggerCallback_defaultCreate)
                  00007b22    00000004                  : mangled__BIOS_lib.obj (.text:xdc_runtime_SysCallback_defaultReady)
                  00007b26    00000002     --HOLE-- [fill = 0]
                  00007b28    00000008     (.tramp.xdc_runtime_Core_assignParams__I.1)
                  00007b30    00000008     (.tramp.ti_sysbios_hal_Hwi_enableInterrupt__E.1)
                  00007b38    00000008     (.tramp.ti_sysbios_hal_Hwi_disableInterrupt__E.1)
                  00007b40    00000008     (.tramp.ti_sysbios_knl_Task_enable__E.1)
                  00007b48    00000008     (.tramp.ti_sysbios_family_arm_m3_Hwi_enableFxn__E.1)
                  00007b50    00000008     (.tramp.xdc_runtime_Startup_startMods__I.1)
                  00007b58    00000008     (.tramp.ti_sysbios_knl_Swi_post__E.1)
                  00007b60    00000008     (.tramp.ti_sysbios_knl_Clock_logTick__E.1)
                  00007b68    00000008     (.tramp.ti_sysbios_BIOS_RtsGateProxy_leave__E.1)
                  00007b70    00000008     (.tramp.ti_sysbios_knl_Queue_construct.1)
                  00007b78    00000008     (.tramp.ti_sysbios_knl_Queue_remove__E.1)
                  00007b80    00000008     (.tramp.ti_sysbios_BIOS_RtsGateProxy_enter__E.1)
                  00007b88    00000008     (.tramp.ti_sysbios_knl_Queue_dequeue__E.1)
                  00007b90    00000008     (.tramp.ti_sysbios_knl_Task_startup__E.1)
[...]
1001c23d  ti_sysbios_knl_Swi_startup__E                                             
1001c243  ti_sysbios_knl_Task_enable__E                                             
1001c249  ti_sysbios_BIOS_RtsGateProxy_enter__E                                     
1001c24d  ti_sysbios_BIOS_RtsGateProxy_leave__E                                     
1001c251  ti_sysbios_family_arm_cc26xx_Timer_getExpiredTicks__E                     
1001c255  ti_sysbios_family_arm_cc26xx_Timer_getPeriod__E                           
1001c259  ti_sysbios_family_arm_cc26xx_Timer_setPeriod__E                           
1001c25d  ti_sysbios_family_arm_m3_Hwi_delete                                       
1001c261  ti_sysbios_family_arm_m3_Hwi_destruct                                     
1001c265  ti_sysbios_family_arm_m3_TaskSupport_Module__startupDone__S               
1001c269  ti_sysbios_gates_GateHwi_query__E                                         
1001c269  xdc_runtime_System_Module_GateProxy_query__E                              
1001c26d  ti_sysbios_gates_GateMutex_delete                                         
1001c271  ti_sysbios_gates_GateMutex_destruct                                       
1001c275  ti_sysbios_BIOS_RtsGateProxy_query__E                                     
1001c275  ti_sysbios_gates_GateMutex_query__E                                       
1001c275  ti_sysbios_heaps_HeapMem_Module_GateProxy_query__E                        
1001c279  ti_sysbios_hal_Hwi_HwiProxy_Module__startupDone__S                        
1001c27d  ti_sysbios_hal_Hwi_HwiProxy_delete                                        
1001c281  ti_sysbios_hal_Hwi_HwiProxy_disableInterrupt__E                           
1001c281  ti_sysbios_hal_Hwi_disableInterrupt__E                                    
1001c285  ti_sysbios_hal_Hwi_HwiProxy_enableInterrupt__E                            
1001c285  ti_sysbios_hal_Hwi_enableInterrupt__E                                     
1001c289  ti_sysbios_hal_Hwi_HwiProxy_getStackInfo__E                               
1001c289  ti_sysbios_hal_Hwi_getStackInfo__E                                        
1001c28d  ti_sysbios_hal_Hwi_HwiProxy_startup__E                                    
1001c28d  ti_sysbios_hal_Hwi_startup__E                                             
1001c291  ti_sysbios_hal_Hwi_HwiProxy_switchFromBootStack__E                        
1001c295  ti_sysbios_hal_Hwi_delete                                                 
1001c299  ti_sysbios_hal_Hwi_switchFromBootStack__E                                 
1001c29d  ti_sysbios_heaps_HeapMem_Module_GateProxy_enter__E                        
1001c2a1  ti_sysbios_heaps_HeapMem_Module_GateProxy_leave__E                        
1001c2a5  ti_sysbios_heaps_HeapMem_isBlocking__E                                    
1001c2a9  ti_sysbios_knl_Clock_TimerProxy_Module__startupDone__S                    
1001c2ad  ti_sysbios_knl_Clock_TimerProxy_getExpiredTicks__E                        
1001c2b1  ti_sysbios_knl_Clock_TimerProxy_getPeriod__E                              
1001c2b5  ti_sysbios_knl_Clock_delete                                               
1001c2b9  ti_sysbios_knl_Clock_destruct                                             
1001c2bd  ti_sysbios_knl_Clock_removeI__E                                           
1001c2c1  ti_sysbios_knl_Clock_setTimeout__E                                        
1001c2c5  ti_sysbios_knl_Mailbox_delete                                             
1001c2c9  ti_sysbios_knl_Mailbox_destruct                                           
1001c2cd  ti_sysbios_knl_Queue_delete                                               
1001c2d1  ti_sysbios_knl_Queue_destruct                                             
1001c2d5  ti_sysbios_knl_Queue_head__E                                              
1001c2d9  ti_sysbios_knl_Queue_next__E                                              
1001c2dd  ti_sysbios_knl_Semaphore_delete                                           
1001c2e1  ti_sysbios_knl_Semaphore_destruct                                         
1001c2e5  ti_sysbios_knl_Swi_delete                                                 
1001c2e9  ti_sysbios_knl_Swi_destruct                                               
1001c2ed  ti_sysbios_knl_Swi_postInit__I                                            
1001c2f1  ti_sysbios_knl_Task_SupportProxy_Module__startupDone__S                   
1001c2f5  ti_sysbios_knl_Task_SupportProxy_getStackAlignment__E                     
1001c2f9  ti_sysbios_knl_Task_SupportProxy_start__E                                 
1001c2fd  ti_sysbios_knl_Task_SupportProxy_swap__E                                  
1001c301  ti_sysbios_knl_Task_delete                                                
1001c305  ti_sysbios_knl_Task_destruct                                              
1001c309  ti_sysbios_knl_Task_startup__E                                            
1001c30d  xdc_runtime_Startup_startMods__I                                          
1001c405  xdc_runtime_Core_createObject__I                                          
1001c487  xdc_runtime_Error_policySpin__E                                           
1001c489  xdc_runtime_Memory_alloc__E                                               
1001c4f9  xdc_runtime_Core_deleteObject__I                                          
1001c559  xdc_runtime_Startup_exec__E                                               
1001c5a9  xdc_runtime_Assert_raise__I                                               
1001c5f1  xdc_runtime_Core_assignParams__I                                          
1001c639  xdc_runtime_Core_constructObject__I                                       
1001c681  xdc_runtime_System_atexit__E                                              
1001c6b9  xdc_runtime_System_processAtExit__E                                       
1001c6ed  xdc_runtime_Core_assignLabel__I                                           
1001c71d  xdc_runtime_Text_cordText__E                                              
1001c749  xdc_runtime_System_abort__E                                               
1001c769  xdc_runtime_Error_raiseX__E                                               
1001c785  xdc_runtime_Memory_valloc__E                                              
1001c7a1  xdc_runtime_Core_destructObject__I                                        
1001c7b9  xdc_runtime_Error_check__E                                                
1001c7d1  xdc_runtime_System_exit__E                                                
1001c7e9  xdc_runtime_Text_ropeText__E                                              
1001c801  xdc_runtime_Memory_free__E                                                
1001c811  xdc_runtime_SysCallback_abort__E                                          
1001c821  xdc_runtime_SysCallback_exit__E                                           
1001c831  xdc_runtime_Timestamp_SupportProxy_get32__E                               
1001c831  xdc_runtime_Timestamp_get32__E                                            
1001c841  xdc_runtime_Error_init__E                                                 
1001c84d  xdc_runtime_Memory_calloc__E                                              
1001c859  xdc_runtime_Memory_getMaxDefaultTypeAlign__E                              
1001c879  xdc_runtime_Gate_leaveSystem__E                                           
1001c87f  xdc_runtime_System_Module_startup__E                                      
1001c885  xdc_runtime_Gate_enterSystem__E                                           
1001c889  xdc_runtime_Memory_HeapProxy_alloc__E                                     
1001c88d  xdc_runtime_Memory_HeapProxy_free__E                                      
1001c891  xdc_runtime_System_Module_GateProxy_enter__E                              
1001c895  xdc_runtime_System_Module_GateProxy_leave__E                              
1001c899  xdc_runtime_System_abortSpin__E                                           
1001c89b  xdc_runtime_System_exitSpin__E                                            
1001c89d  ti_sysbios_family_arm_m3_Hwi_dispatch__I                                  
1001c96d  ti_sysbios_family_arm_m3_TaskSupport_buildTaskStack                       
1001c9b9  ti_sysbios_family_arm_m3_Hwi_initStacks__E                                
1001ca01  ti_sysbios_family_arm_m3_Hwi_excHandlerAsm__I                             
1001ca21  ti_sysbios_family_xxx_Hwi_switchAndRunFunc                                
1001ca3f  ti_sysbios_family_arm_m3_Hwi_pendSV__I                                    
1001ca57  ti_sysbios_family_arm_m3_Hwi_return                                       
1001ca59  ti_sysbios_family_arm_m3_TaskSupport_glue                                 
1001ca69  ti_sysbios_family_arm_m3_TaskSupport_swap__E                              
1001ca71  ti_sysbios_knl_Task_swapReturn                                            
1001ca9b  ti_sysbios_rom_cortexm_cc26xx_CC26xx_getRevision__E                       
20000000  ti_sysbios_family_arm_m3_Hwi_ramVectors                                   
20000100  ti_sysbios_knl_Task_Module__state__V                                      
20000144  ti_sysbios_family_arm_m3_Hwi_Module__state__V                             
20000178  ti_sysbios_knl_Clock_Module__state__V                                     
200001a4  ti_sysbios_BIOS_Module__state__V                                          
200001c8  ti_sysbios_knl_Swi_Module__state__V                                       
200001e4  ti_sysbios_family_arm_cc26xx_Timer_Module__state__V                       
200001ec  ti_sysbios_family_arm_cc26xx_TimestampProvider_Module__state__V           
200001f0  xdc_runtime_Startup_Module__state__V                                      
200001f8  xdc_runtime_System_Module__state__V                                       
20000200  xdc_runtime_Memory_Module__state__V                                       
20000c78  ti_sysbios_heaps_HeapMem_Instance_State_0_buf__A                          
200012f8  ti_sysbios_knl_Task_Instance_State_0_stack__A                             
200014f8  PIN_NumPins                                                               
20001558  PIN_HandleTable                                                           
200015d4  uartCC26XXObjects                                                         
200016a4  ti_sysbios_family_arm_m3_Hwi_dispatchTable                                
20001798  driverlib_release_0_43243                                                 
20001828  sbpTask                                                                   
20001878  sbpTaskStack                                                              
20001b34  linkDBNumConns                                                            
20001c48  gapRoleTask                                                               
20001c98  gapRoleTaskStack                                                          
20001ea0  uartLog_tail                                                              
20001ea1  uartLog_head                                                              
20001ea2  uartLog_evBufIsEmpty                                                      
20001ea4  uartLog_evtNum                                                            
20001eac  uartLog_outBuf                                                            
20001f58  uartLog_evBuf                                                             
20002538  ti_sysbios_family_arm_cc26xx_Power_refCount                               
2000254b  ti_sysbios_family_arm_cc26xx_Power_constraintCounts                       
20002550  ti_sysbios_family_arm_cc26xx_Power_resourceHandlers                       
2000255c  ti_sysbios_family_arm_cc26xx_Timer_Module__root__V                        
20002564  ti_sysbios_family_arm_m3_Hwi_Module__root__V                              
2000256c  ti_sysbios_family_arm_m3_Hwi_Module_State_0_excActive__A                  
20002570  ti_sysbios_family_arm_m3_Hwi_Module_State_0_excContext__A                 
20002574  ti_sysbios_family_arm_m3_Hwi_Module_State_0_excStack__A                   
20002578  ti_sysbios_gates_GateHwi_Module__root__V                                  
20002580  ti_sysbios_gates_GateHwi_Object__table__V                                 
20002584  ti_sysbios_gates_GateMutex_Module__root__V                                
2000258c  ti_sysbios_hal_Hwi_Module__root__V                                        
20002594  ti_sysbios_heaps_HeapMem_Module__root__V                                  
2000259c  ti_sysbios_heaps_HeapMem_Object__table__V                                 
200025b4  ti_sysbios_knl_Clock_Module__root__V                                      
200025bc  ti_sysbios_knl_Event_Module__root__V                                      
200025c4  ti_sysbios_knl_Mailbox_Module__root__V                                    
200025cc  ti_sysbios_knl_Queue_Module__root__V                                      
200025d4  ti_sysbios_knl_Semaphore_Module__root__V                                  
200025dc  ti_sysbios_knl_Swi_Module__root__V                                        
200025e4  ti_sysbios_knl_Task_Module__root__V                                       
200025ec  ti_sysbios_knl_Task_Module_State_0_idleTask__A                            
200025f0  xdc_runtime_LoggerCallback_Module__root__V                                
200025f8  xdc_runtime_LoggerCallback_Object__table__V                               
20002608  __xdc__init__addr                                                         
2000260c  ICall_dispatcher                                                          
20002614  ICall_enterCriticalSection                                                
20002618  ICall_leaveCriticalSection                                                
20002698  ti_sysbios_family_arm_cc26xx_Power_Module__state__V                       
20002708  rfRegTbl                                                                  
2000275c  TSK_idle                                                                  
2000275c  ti_sysbios_knl_Task_Object__table__V                                      
200027a8  ti_sysbios_family_arm_cc26xx_Timer_Object__table__V                       
200027f0  ti_sysbios_gates_GateMutex_Object__table__V                               
20002828  BoardGpioInitTable                                                        
20002858  ti_sysbios_family_arm_m3_Hwi_Object__table__V                             
20002888  ti_sysbios_knl_Swi_Module_State_0_readyQ__A                               
200028b8  ti_sysbios_knl_Swi_Object__table__V                                       
200028e8  ti_sysbios_knl_Task_Module_State_0_readyQ__A                              
20002918  user0Cfg                                                                  
20002950  lastAppOpcodeSent                                                         
20002954  pfnBMAlloc                                                                
20002958  pfnBMFree                                                                 
20002964  _lock                                                                     
20002968  _unlock                                                                   
2000296c  __TI_cleanup_ptr                                                          
20002970  __TI_dtors_ptr                                                            
20002974  xdc_runtime_Registry_Module__state__V                                     
2000297c  main_func_sp                                                              
20003fe8  __stack                                                                   
200043e8  __STACK_END                                                               
200043e8  __STACK_TOP                                                               
e000e000  ti_sysbios_family_arm_m3_Hwi_nvic                                         
ffffffff  __binit__                                                                 
ffffffff  __c_args__                                                                
ffffffff  binit                                                                     
UNDEFED   SHT$$INIT_ARRAY$$Base                                                     
UNDEFED   SHT$$INIT_ARRAY$$Limit                                                    
UNDEFED   ti_sysbios_BIOS_RtsGateProxy_Handle__label__S__mangled__                  
UNDEFED   ti_sysbios_BIOS_RtsGateProxy_Object__delete__S__mangled__                 
UNDEFED   ti_sysbios_BIOS_RtsGateProxy_Params__init__S__mangled__                   
UNDEFED   ti_sysbios_BIOS_RtsGateProxy_query__E__mangled__                          
UNDEFED   ti_sysbios_hal_Hwi_HwiProxy_Module__startupDone__S__mangled__             
UNDEFED   ti_sysbios_hal_Hwi_HwiProxy_Object__delete__S__mangled__                  
UNDEFED   ti_sysbios_hal_Hwi_HwiProxy_Params__init__S__mangled__                    
UNDEFED   ti_sysbios_hal_Hwi_HwiProxy_disableInterrupt__E__mangled__                
UNDEFED   ti_sysbios_hal_Hwi_HwiProxy_enableInterrupt__E__mangled__                 
UNDEFED   ti_sysbios_hal_Hwi_HwiProxy_getStackInfo__E__mangled__                    
UNDEFED   ti_sysbios_hal_Hwi_HwiProxy_startup__E__mangled__                         
UNDEFED   ti_sysbios_hal_Hwi_HwiProxy_switchFromBootStack__E__mangled__             
UNDEFED   ti_sysbios_hal_Hwi_disableInterrupt__E__mangled__                         
UNDEFED   ti_sysbios_hal_Hwi_enableInterrupt__E__mangled__                          
UNDEFED   ti_sysbios_hal_Hwi_getStackInfo__E__mangled__                             
UNDEFED   ti_sysbios_hal_Hwi_startup__E__mangled__                                  
UNDEFED   ti_sysbios_hal_Hwi_switchFromBootStack__E__mangled__                      
UNDEFED   ti_sysbios_heaps_HeapMem_Module_GateProxy_Handle__label__S__mangled__     
UNDEFED   ti_sysbios_heaps_HeapMem_Module_GateProxy_Object__delete__S__mangled__    
UNDEFED   ti_sysbios_heaps_HeapMem_Module_GateProxy_Params__init__S__mangled__      
UNDEFED   ti_sysbios_heaps_HeapMem_Module_GateProxy_query__E__mangled__             
UNDEFED   ti_sysbios_knl_Clock_TimerProxy_Module__startupDone__S__mangled__         
UNDEFED   ti_sysbios_knl_Clock_TimerProxy_startup__E__mangled__                     
UNDEFED   ti_sysbios_knl_Task_SupportProxy_Module__startupDone__S__mangled__        
UNDEFED   ti_sysbios_knl_Task_SupportProxy_getStackAlignment__E__mangled__          
UNDEFED   ti_sysbios_knl_Task_SupportProxy_start__E__mangled__                      
UNDEFED   ti_sysbios_knl_Task_SupportProxy_swap__E__mangled__                       
UNDEFED   xdc_runtime_Main_Module_GateProxy_Handle__label__S                        
UNDEFED   xdc_runtime_Main_Module_GateProxy_Object__delete__S                       
UNDEFED   xdc_runtime_Main_Module_GateProxy_query__E                                
UNDEFED   xdc_runtime_Memory_HeapProxy_Handle__label__S__mangled__                  
UNDEFED   xdc_runtime_Memory_HeapProxy_Object__delete__S__mangled__                 
UNDEFED   xdc_runtime_System_Module_GateProxy_Handle__label__S__mangled__           
UNDEFED   xdc_runtime_System_Module_GateProxy_Object__delete__S__mangled__          
UNDEFED   xdc_runtime_System_Module_GateProxy_query__E__mangled__                   
UNDEFED   xdc_runtime_System_SupportProxy_abort__E                                  
UNDEFED   xdc_runtime_System_SupportProxy_exit__E                                   
UNDEFED   xdc_runtime_Timestamp_SupportProxy_get64__E__mangled__                    
UNDEFED   xdc_runtime_Timestamp_SupportProxy_getFreq__E__mangled__                  
UNDEFED   xdc_runtime_Timestamp_get32__E__mangled__                                 
UNDEFED   xdc_runtime_Timestamp_get64__E__mangled__                                 
UNDEFED   xdc_runtime_Timestamp_getFreq__E__mangled__                               

[885 symbols]
