******************************************************************************
                  TI ARM Linker PC v5.2.7                      
******************************************************************************
>> Linked Fri Jul 28 20:51:21 2017

OUTPUT FILE NAME:   <CC26XX_BLE.out>
ENTRY POINT SYMBOL: "ResetISR"  address: 00006f35


MEMORY CONFIGURATION

         name            origin    length      used     unused   attr    fill
----------------------  --------  ---------  --------  --------  ----  --------
  FLASH                 00000000   0000dfff  0000bace  00002531  R  X
  FLASH_LAST_PAGE       0001f000   00001000  00000058  00000fa8  R  X
  SRAM                  20000000   000043eb  00002f1b  000014d0  RW X


SEGMENT ALLOCATION MAP

run origin  load origin   length   init length attrs members
----------  ----------- ---------- ----------- ----- -------
00000000    00000000    0000bad8   0000bad8    r-x
  00000000    00000000    0000003c   0000003c    r-- .resetVecs
  0000003c    0000003c    000000c4   000000c4    r-x .text.1
  00000100    00000100    0000003c   0000003c    r-- .const:ti_sysbios_knl_Task_Object__PARAMS__C
  0000013c    0000013c    00000034   00000034    r-- .const:ti_sysbios_knl_Mailbox_Object__PARAMS__C
  00000170    00000170    00000030   00000030    r-- .const:ti_sysbios_family_arm_m3_Hwi_Object__PARAMS__C
  000001a0    000001a0    0000002c   0000002c    r-- .const:ti_sysbios_hal_Hwi_Object__PARAMS__C
  000001cc    000001cc    00000028   00000028    r-- .const:ti_sysbios_heaps_HeapMem_Module__FXNS__C
  000001f4    000001f4    00000028   00000028    r-- .const:ti_sysbios_knl_Swi_Object__PARAMS__C
  0000021c    0000021c    00000024   00000024    r-- .const:ti_sysbios_gates_GateHwi_Module__FXNS__C
  00000240    00000240    00000024   00000024    r-- .const:ti_sysbios_gates_GateMutex_Module__FXNS__C
  00000264    00000264    00000024   00000024    r-- .const:ti_sysbios_heaps_HeapMem_Object__PARAMS__C
  00000288    00000288    00000024   00000024    r-- .const:ti_sysbios_knl_Clock_Object__PARAMS__C
  000002ac    000002ac    00000024   00000024    r-- .const:ti_sysbios_knl_Semaphore_Object__PARAMS__C
  000002d0    000002d0    00000020   00000020    r-- .const:ti_sysbios_family_arm_m3_Hwi_Object__DESC__C
  000002f0    000002f0    00000020   00000020    r-- .const:ti_sysbios_gates_GateHwi_Object__DESC__C
  00000310    00000310    00000020   00000020    r-- .const:ti_sysbios_gates_GateMutex_Object__DESC__C
  00000330    00000330    00000020   00000020    r-- .const:ti_sysbios_hal_Hwi_Object__DESC__C
  00000350    00000350    00000020   00000020    r-- .const:ti_sysbios_heaps_HeapMem_Object__DESC__C
  00000370    00000370    00000020   00000020    r-- .const:ti_sysbios_knl_Clock_Object__DESC__C
  00000390    00000390    00000020   00000020    r-- .const:ti_sysbios_knl_Mailbox_Object__DESC__C
  000003b0    000003b0    00000020   00000020    r-- .const:ti_sysbios_knl_Queue_Object__DESC__C
  000003d0    000003d0    00000020   00000020    r-- .const:ti_sysbios_knl_Semaphore_Object__DESC__C
  000003f0    000003f0    00000020   00000020    r-- .const:ti_sysbios_knl_Swi_Object__DESC__C
  00000410    00000410    00000020   00000020    r-- .const:ti_sysbios_knl_Task_Object__DESC__C
  00000430    00000430    00000018   00000018    r-- .const:ti_sysbios_gates_GateHwi_Object__PARAMS__C
  00000448    00000448    00000018   00000018    r-- .const:ti_sysbios_gates_GateMutex_Object__PARAMS__C
  00000460    00000460    00000018   00000018    r-- .const:ti_sysbios_knl_Queue_Object__PARAMS__C
  00000478    00000478    00000008   00000008    r-- .const:ti_sysbios_knl_Idle_funcList__C
  00000480    00000480    00000004   00000004    r-x .text.2
  00000484    00000484    00000004   00000004    r-- .const:ti_sysbios_family_arm_cc26xx_Timer_startupNeeded__C
  00000488    00000488    00000004   00000004    r-- .const:ti_sysbios_family_arm_m3_Hwi_E_alreadyDefined__C
  0000048c    0000048c    00000004   00000004    r-- .const:ti_sysbios_family_arm_m3_Hwi_E_hwiLimitExceeded__C
  00000490    00000490    00000004   00000004    r-- .const:ti_sysbios_family_arm_m3_Hwi_NUM_INTERRUPTS__C
  00000494    00000494    00000004   00000004    r-- .const:ti_sysbios_family_arm_m3_Hwi_Object__count__C
  00000498    00000498    00000004   00000004    r-- .const:ti_sysbios_family_arm_m3_Hwi_Object__table__C
  0000049c    0000049c    00000004   00000004    r-- .const:ti_sysbios_family_arm_m3_Hwi_ccr__C
  000004a0    000004a0    00000004   00000004    r-- .const:ti_sysbios_family_arm_m3_Hwi_excHandlerFunc__C
  000004a4    000004a4    00000004   00000004    r-- .const:ti_sysbios_family_arm_m3_Hwi_nullIsrFunc__C
  000004a8    000004a8    00000004   00000004    r-- .const:ti_sysbios_family_arm_m3_Hwi_numSparseInterrupts__C
  000004ac    000004ac    00000004   00000004    r-- .const:ti_sysbios_family_arm_m3_Hwi_priGroup__C
  000004b0    000004b0    00000004   00000004    r-- .const:ti_sysbios_family_arm_m3_TaskSupport_stackAlignment__C
  000004b4    000004b4    00000004   00000004    r-- .const:ti_sysbios_heaps_HeapMem_E_memory__C
  000004b8    000004b8    00000004   00000004    r-- .const:ti_sysbios_heaps_HeapMem_Module__gateObj__C
  000004bc    000004bc    00000004   00000004    r-- .const:ti_sysbios_heaps_HeapMem_Object__count__C
  000004c0    000004c0    00000004   00000004    r-- .const:ti_sysbios_heaps_HeapMem_Object__table__C
  000004c4    000004c4    00000004   00000004    r-- .const:ti_sysbios_heaps_HeapMem_reqAlign__C
  000004c8    000004c8    00000004   00000004    r-- .const:ti_sysbios_knl_Clock_serviceMargin__C
  000004cc    000004cc    00000004   00000004    r-- .const:ti_sysbios_knl_Mailbox_Object__count__C
  000004d0    000004d0    00000004   00000004    r-- .const:ti_sysbios_knl_Mailbox_Object__table__C
  000004d4    000004d4    00000004   00000004    r-- .const:ti_sysbios_knl_Queue_Object__count__C
  000004d8    000004d8    00000004   00000004    r-- .const:ti_sysbios_knl_Queue_Object__table__C
  000004dc    000004dc    00000004   00000004    r-- .const:ti_sysbios_knl_Swi_Object__count__C
  000004e0    000004e0    00000004   00000004    r-- .const:ti_sysbios_knl_Swi_Object__table__C
  000004e4    000004e4    00000004   00000004    r-- .const:ti_sysbios_knl_Swi_numPriorities__C
  000004e8    000004e8    00000004   00000004    r-- .const:ti_sysbios_knl_Task_Object__count__C
  000004ec    000004ec    00000004   00000004    r-- .const:ti_sysbios_knl_Task_Object__table__C
  000004f0    000004f0    00000004   00000004    r-- .const:ti_sysbios_knl_Task_allBlockedFunc__C
  000004f4    000004f4    00000004   00000004    r-- .const:ti_sysbios_knl_Task_defaultStackHeap__C
  000004f8    000004f8    00000004   00000004    r-- .const:ti_sysbios_knl_Task_defaultStackSize__C
  000004fc    000004fc    00000004   00000004    r-- .const:ti_sysbios_knl_Task_numConstructedTasks__C
  00000500    00000500    00000002   00000002    r-x .text.3
  00000502    00000502    00000002   00000002    r-- .const:ti_sysbios_family_arm_cc26xx_Timer_Module__id__C
  00000504    00000504    00000002   00000002    r-- .const:ti_sysbios_family_arm_cc26xx_TimestampProvider_useClockTimer__C
  00000506    00000506    00000002   00000002    r-- .const:ti_sysbios_family_arm_m3_Hwi_Module__id__C
  00000508    00000508    00000002   00000002    r-- .const:ti_sysbios_gates_GateHwi_Module__id__C
  0000050a    0000050a    00000002   00000002    r-- .const:ti_sysbios_gates_GateMutex_Module__id__C
  0000050c    0000050c    00000002   00000002    r-- .const:ti_sysbios_heaps_HeapMem_Module__id__C
  0000050e    0000050e    00000002   00000002    r-- .const:ti_sysbios_knl_Task_initStackFlag__C
  00000510    00000510    00000001   00000001    r-- .const:ti_sysbios_knl_Clock_tickMode__C
  00000514    00000514    00000008   00000008    r-- .const:xdc_runtime_Startup_firstFxns__C
  0000051c    0000051c    00000008   00000008    r-- .const:xdc_runtime_Startup_lastFxns__C
  00000524    00000524    00000004   00000004    r-- .const:xdc_runtime_Assert_E_assertFailed__C
  00000528    00000528    00000004   00000004    r-- .const:xdc_runtime_Error_E_memory__C
  0000052c    0000052c    00000004   00000004    r-- .const:xdc_runtime_Error_policyFxn__C
  00000530    00000530    00000004   00000004    r-- .const:xdc_runtime_IGateProvider_Interface__BASE__C
  00000534    00000534    00000004   00000004    r-- .const:xdc_runtime_IHeap_Interface__BASE__C
  00000538    00000538    00000004   00000004    r-- .const:xdc_runtime_IModule_Interface__BASE__C
  0000053c    0000053c    00000004   00000004    r-- .const:xdc_runtime_Main_Module__diagsEnabled__C
  00000540    00000540    00000004   00000004    r-- .const:xdc_runtime_Main_Module__diagsIncluded__C
  00000544    00000544    00000004   00000004    r-- .const:xdc_runtime_Main_Module__diagsMask__C
  00000548    00000548    00000004   00000004    r-- .const:xdc_runtime_Memory_defaultHeapInstance__C
  0000054c    0000054c    00000004   00000004    r-- .const:xdc_runtime_Startup_execImpl__C
  00000550    00000550    00000004   00000004    r-- .const:xdc_runtime_Startup_maxPasses__C
  00000554    00000554    00000004   00000004    r-- .const:xdc_runtime_Startup_sfxnRts__C
  00000558    00000558    00000004   00000004    r-- .const:xdc_runtime_Startup_sfxnTab__C
  0000055c    0000055c    00000004   00000004    r-- .const:xdc_runtime_Startup_startModsFxn__C
  00000560    00000560    00000004   00000004    r-- .const:xdc_runtime_SysCallback_abortFxn__C
  00000564    00000564    00000004   00000004    r-- .const:xdc_runtime_SysCallback_exitFxn__C
  00000568    00000568    00000004   00000004    r-- .const:xdc_runtime_System_abortFxn__C
  0000056c    0000056c    00000004   00000004    r-- .const:xdc_runtime_System_exitFxn__C
  00000570    00000570    00000004   00000004    r-- .const:xdc_runtime_System_maxAtexitHandlers__C
  00000574    00000574    00000004   00000004    r-- .const:xdc_runtime_Text_charTab__C
  00000578    00000578    00000004   00000004    r-- .const:xdc_runtime_Text_nameEmpty__C
  0000057c    0000057c    00000004   00000004    r-- .const:xdc_runtime_Text_nameStatic__C
  00000580    00000580    00000004   00000004    r-- .const:xdc_runtime_Text_nameUnknown__C
  00000584    00000584    00000002   00000002    r-- .const:xdc_runtime_Main_Module__id__C
  00000586    00000586    00000002   00000002    r-- .const:xdc_runtime_Memory_Module__id__C
  00000588    00000588    00000002   00000002    r-- .const:xdc_runtime_Text_charCnt__C
  0000058a    0000058a    00000002   00000002    r-- .const:xdc_runtime_Text_isLoaded__C
  0000058c    0000058c    00000001   00000001    r-- .const:xdc_runtime_Error_policy__C
  00000590    00000590    00000004   00000004    r-- .const:ti_sysbios_rom_ROM_AONRTCChannelEnable
  00000594    00000594    00000004   00000004    r-- .const:ti_sysbios_rom_ROM_AONRTCCompareValueSet
  00000598    00000598    00000004   00000004    r-- .const:ti_sysbios_rom_ROM_AONRTCCurrentCompareValueGet
  0000059c    0000059c    00000004   00000004    r-- .const:ti_sysbios_rom_ROM_AONRTCEventClear
  000005a0    000005a0    00000004   00000004    r-- .const:ti_sysbios_rom_ROM_ti_sysbios_family_arm_cc26xx_Timer_getCount64__E
  000005a4    000005a4    00000004   00000004    r-- .const:ti_sysbios_rom_ROM_ti_sysbios_family_arm_cc26xx_Timer_getCurrentTick__E
  000005a8    000005a8    00000004   00000004    r-- .const:ti_sysbios_rom_ROM_ti_sysbios_family_arm_cc26xx_Timer_getMaxTicks__E
  000005ac    000005ac    00000004   00000004    r-- .const:ti_sysbios_rom_ROM_ti_sysbios_family_arm_cc26xx_Timer_initDevice__I
  000005b0    000005b0    00000004   00000004    r-- .const:ti_sysbios_rom_ROM_ti_sysbios_family_arm_cc26xx_Timer_setNextTick__E
  000005b4    000005b4    00000004   00000004    r-- .const:ti_sysbios_rom_ROM_ti_sysbios_family_arm_cc26xx_Timer_setThreshold__I
  000005b8    000005b8    00000004   00000004    r-- .const:ti_sysbios_rom_ROM_ti_sysbios_family_arm_cc26xx_Timer_start__E
  000005bc    000005bc    00000004   00000004    r-- .const:ti_sysbios_rom_ROM_ti_sysbios_family_arm_cc26xx_TimestampProvider_get32__E
  000005c0    000005c0    00000004   00000004    r-- .const:ti_sysbios_rom_ROM_xdc_runtime_Startup_getState__I
  000005c4    000005c4    00000004   00000004    r-- .const:ti_sysbios_rom_ROM_xdc_runtime_System_SupportProxy_abort__E
  000005c8    000005c8    00000004   00000004    r-- .const:ti_sysbios_rom_ROM_xdc_runtime_System_SupportProxy_exit__E
  000005cc    000005cc    00000004   00000004    r-- .const:ti_sysbios_gates_GateMutex_Instance_State_sem__O
  000005d0    000005d0    00000004   00000004    r-- .const:ti_sysbios_knl_Clock_Module_State_clockQ__O
  000005d4    000005d4    00000004   00000004    r-- .const:ti_sysbios_knl_Mailbox_Instance_State_dataQue__O
  000005d8    000005d8    00000004   00000004    r-- .const:ti_sysbios_knl_Mailbox_Instance_State_dataSem__O
  000005dc    000005dc    00000004   00000004    r-- .const:ti_sysbios_knl_Mailbox_Instance_State_freeQue__O
  000005e0    000005e0    00000004   00000004    r-- .const:ti_sysbios_knl_Mailbox_Instance_State_freeSem__O
  000005e4    000005e4    00000004   00000004    r-- .const:ti_sysbios_knl_Semaphore_Instance_State_pendQ__O
  000005e8    000005e8    00000004   00000004    r-- .const:ti_sysbios_knl_Task_Module_State_inactiveQ__O
  000005ec    000005ec    000090c0   000090c0    r-x .text.4
  000096ac    000096ac    00001c30   00001c30    r-- .const
  0000b2e0    0000b2e0    000007f8   000007f8    r-- .cinit
0001ffa8    0001ffa8    00000058   00000058    r--
  0001ffa8    0001ffa8    00000058   00000058    r-- .ccfg
20000000    20000000    000000c8   00000000    rw-
  20000000    20000000    000000c8   00000000    rw- .vecs
20000100    20000100    00000104   00000000    rw-
  20000100    20000100    00000044   00000000    rw- .data:ti_sysbios_knl_Task_Module__state__V
  20000144    20000144    00000034   00000000    rw- .data:ti_sysbios_family_arm_m3_Hwi_Module__state__V
  20000178    20000178    0000002c   00000000    rw- .data:ti_sysbios_knl_Clock_Module__state__V
  200001a4    200001a4    00000024   00000000    rw- .data:ti_sysbios_BIOS_Module__state__V
  200001c8    200001c8    0000001c   00000000    rw- .data:ti_sysbios_knl_Swi_Module__state__V
  200001e4    200001e4    00000008   00000000    rw- .data:ti_sysbios_family_arm_cc26xx_Timer_Module__state__V
  200001ec    200001ec    00000004   00000000    rw- .data:ti_sysbios_family_arm_cc26xx_TimestampProvider_Module__state__V
  200001f0    200001f0    00000008   00000000    rw- .data:xdc_runtime_Startup_Module__state__V
  200001f8    200001f8    00000008   00000000    rw- .data:xdc_runtime_System_Module__state__V
  20000200    20000200    00000004   00000000    rw- .data:xdc_runtime_Memory_Module__state__V
20000430    20000430    00000010   00000000    rw-
  20000430    20000430    00000010   00000000    rw- .TI.bound:dmaRxControlTableEntry0$12
20000440    20000440    00000010   00000000    rw-
  20000440    20000440    00000010   00000000    rw- .TI.bound:dmaTxControlTableEntry0$12
20000500    20000500    00000010   00000000    rw-
  20000500    20000500    00000010   00000000    rw- .TI.bound:dmaRxControlTableEntry1$12
20000510    20000510    00002920   00000000    rw-
  20000510    20000510    00000010   00000000    rw- .TI.bound:dmaTxControlTableEntry1$12
  20000520    20000520    00001707   00000000    rw- .bss
  20001c28    20001c28    00001208   00000000    rw- .data
20003fe8    20003fe8    00000400   00000000    rw-
  20003fe8    20003fe8    00000400   00000000    rw- .stack


SECTION ALLOCATION MAP

 output                                  attributes/
section   page    origin      length       input sections
--------  ----  ----------  ----------   ----------------
.resetVecs 
*          0    00000000    0000003c     
                  00000000    0000003c     appBLE_pem3.oem3 (.resetVecs)

.text.1    0    0000003c    000000c4     
                  0000003c    000000c4     SPICC26XXDMA.obj (.text:SPICC26XXDMA_configDMA$12)

.const:ti_sysbios_knl_Task_Object__PARAMS__C 
*          0    00000100    0000003c     
                  00000100    0000003c     appBLE_pem3.oem3 (.const:ti_sysbios_knl_Task_Object__PARAMS__C)

.const:ti_sysbios_knl_Mailbox_Object__PARAMS__C 
*          0    0000013c    00000034     
                  0000013c    00000034     appBLE_pem3.oem3 (.const:ti_sysbios_knl_Mailbox_Object__PARAMS__C)

.const:ti_sysbios_family_arm_m3_Hwi_Object__PARAMS__C 
*          0    00000170    00000030     
                  00000170    00000030     appBLE_pem3.oem3 (.const:ti_sysbios_family_arm_m3_Hwi_Object__PARAMS__C)

.const:ti_sysbios_hal_Hwi_Object__PARAMS__C 
*          0    000001a0    0000002c     
                  000001a0    0000002c     appBLE_pem3.oem3 (.const:ti_sysbios_hal_Hwi_Object__PARAMS__C)

.const:ti_sysbios_heaps_HeapMem_Module__FXNS__C 
*          0    000001cc    00000028     
                  000001cc    00000028     appBLE_pem3.oem3 (.const:ti_sysbios_heaps_HeapMem_Module__FXNS__C)

.const:ti_sysbios_knl_Swi_Object__PARAMS__C 
*          0    000001f4    00000028     
                  000001f4    00000028     appBLE_pem3.oem3 (.const:ti_sysbios_knl_Swi_Object__PARAMS__C)

.const:ti_sysbios_gates_GateHwi_Module__FXNS__C 
*          0    0000021c    00000024     
                  0000021c    00000024     appBLE_pem3.oem3 (.const:ti_sysbios_gates_GateHwi_Module__FXNS__C)

.const:ti_sysbios_gates_GateMutex_Module__FXNS__C 
*          0    00000240    00000024     
                  00000240    00000024     appBLE_pem3.oem3 (.const:ti_sysbios_gates_GateMutex_Module__FXNS__C)

.const:ti_sysbios_heaps_HeapMem_Object__PARAMS__C 
*          0    00000264    00000024     
                  00000264    00000024     appBLE_pem3.oem3 (.const:ti_sysbios_heaps_HeapMem_Object__PARAMS__C)

.const:ti_sysbios_knl_Clock_Object__PARAMS__C 
*          0    00000288    00000024     
                  00000288    00000024     appBLE_pem3.oem3 (.const:ti_sysbios_knl_Clock_Object__PARAMS__C)

.const:ti_sysbios_knl_Semaphore_Object__PARAMS__C 
*          0    000002ac    00000024     
                  000002ac    00000024     appBLE_pem3.oem3 (.const:ti_sysbios_knl_Semaphore_Object__PARAMS__C)

.const:ti_sysbios_family_arm_m3_Hwi_Object__DESC__C 
*          0    000002d0    00000020     
                  000002d0    00000020     appBLE_pem3.oem3 (.const:ti_sysbios_family_arm_m3_Hwi_Object__DESC__C)

.const:ti_sysbios_gates_GateHwi_Object__DESC__C 
*          0    000002f0    00000020     
                  000002f0    00000020     appBLE_pem3.oem3 (.const:ti_sysbios_gates_GateHwi_Object__DESC__C)

.const:ti_sysbios_gates_GateMutex_Object__DESC__C 
*          0    00000310    00000020     
                  00000310    00000020     appBLE_pem3.oem3 (.const:ti_sysbios_gates_GateMutex_Object__DESC__C)

.const:ti_sysbios_hal_Hwi_Object__DESC__C 
*          0    00000330    00000020     
                  00000330    00000020     appBLE_pem3.oem3 (.const:ti_sysbios_hal_Hwi_Object__DESC__C)

.const:ti_sysbios_heaps_HeapMem_Object__DESC__C 
*          0    00000350    00000020     
                  00000350    00000020     appBLE_pem3.oem3 (.const:ti_sysbios_heaps_HeapMem_Object__DESC__C)

.const:ti_sysbios_knl_Clock_Object__DESC__C 
*          0    00000370    00000020     
                  00000370    00000020     appBLE_pem3.oem3 (.const:ti_sysbios_knl_Clock_Object__DESC__C)

.const:ti_sysbios_knl_Mailbox_Object__DESC__C 
*          0    00000390    00000020     
                  00000390    00000020     appBLE_pem3.oem3 (.const:ti_sysbios_knl_Mailbox_Object__DESC__C)

.const:ti_sysbios_knl_Queue_Object__DESC__C 
*          0    000003b0    00000020     
                  000003b0    00000020     appBLE_pem3.oem3 (.const:ti_sysbios_knl_Queue_Object__DESC__C)

.const:ti_sysbios_knl_Semaphore_Object__DESC__C 
*          0    000003d0    00000020     
                  000003d0    00000020     appBLE_pem3.oem3 (.const:ti_sysbios_knl_Semaphore_Object__DESC__C)

.const:ti_sysbios_knl_Swi_Object__DESC__C 
*          0    000003f0    00000020     
                  000003f0    00000020     appBLE_pem3.oem3 (.const:ti_sysbios_knl_Swi_Object__DESC__C)

.const:ti_sysbios_knl_Task_Object__DESC__C 
*          0    00000410    00000020     
                  00000410    00000020     appBLE_pem3.oem3 (.const:ti_sysbios_knl_Task_Object__DESC__C)

.const:ti_sysbios_gates_GateHwi_Object__PARAMS__C 
*          0    00000430    00000018     
                  00000430    00000018     appBLE_pem3.oem3 (.const:ti_sysbios_gates_GateHwi_Object__PARAMS__C)

.const:ti_sysbios_gates_GateMutex_Object__PARAMS__C 
*          0    00000448    00000018     
                  00000448    00000018     appBLE_pem3.oem3 (.const:ti_sysbios_gates_GateMutex_Object__PARAMS__C)

.const:ti_sysbios_knl_Queue_Object__PARAMS__C 
*          0    00000460    00000018     
                  00000460    00000018     appBLE_pem3.oem3 (.const:ti_sysbios_knl_Queue_Object__PARAMS__C)

.const:ti_sysbios_knl_Idle_funcList__C 
*          0    00000478    00000008     
                  00000478    00000008     appBLE_pem3.oem3 (.const:ti_sysbios_knl_Idle_funcList__C)

.text.2    0    00000480    00000004     
                  00000480    00000004     ICallBleAPI.obj (.text:GATTServApp_AddService)

.const:ti_sysbios_family_arm_cc26xx_Timer_startupNeeded__C 
*          0    00000484    00000004     
                  00000484    00000004     appBLE_pem3.oem3 (.const:ti_sysbios_family_arm_cc26xx_Timer_startupNeeded__C)

.const:ti_sysbios_family_arm_m3_Hwi_E_alreadyDefined__C 
*          0    00000488    00000004     
                  00000488    00000004     appBLE_pem3.oem3 (.const:ti_sysbios_family_arm_m3_Hwi_E_alreadyDefined__C)

.const:ti_sysbios_family_arm_m3_Hwi_E_hwiLimitExceeded__C 
*          0    0000048c    00000004     
                  0000048c    00000004     appBLE_pem3.oem3 (.const:ti_sysbios_family_arm_m3_Hwi_E_hwiLimitExceeded__C)

.const:ti_sysbios_family_arm_m3_Hwi_NUM_INTERRUPTS__C 
*          0    00000490    00000004     
                  00000490    00000004     appBLE_pem3.oem3 (.const:ti_sysbios_family_arm_m3_Hwi_NUM_INTERRUPTS__C)

.const:ti_sysbios_family_arm_m3_Hwi_Object__count__C 
*          0    00000494    00000004     
                  00000494    00000004     appBLE_pem3.oem3 (.const:ti_sysbios_family_arm_m3_Hwi_Object__count__C)

.const:ti_sysbios_family_arm_m3_Hwi_Object__table__C 
*          0    00000498    00000004     
                  00000498    00000004     appBLE_pem3.oem3 (.const:ti_sysbios_family_arm_m3_Hwi_Object__table__C)

.const:ti_sysbios_family_arm_m3_Hwi_ccr__C 
*          0    0000049c    00000004     
                  0000049c    00000004     appBLE_pem3.oem3 (.const:ti_sysbios_family_arm_m3_Hwi_ccr__C)

.const:ti_sysbios_family_arm_m3_Hwi_excHandlerFunc__C 
*          0    000004a0    00000004     
                  000004a0    00000004     appBLE_pem3.oem3 (.const:ti_sysbios_family_arm_m3_Hwi_excHandlerFunc__C)

.const:ti_sysbios_family_arm_m3_Hwi_nullIsrFunc__C 
*          0    000004a4    00000004     
                  000004a4    00000004     appBLE_pem3.oem3 (.const:ti_sysbios_family_arm_m3_Hwi_nullIsrFunc__C)

.const:ti_sysbios_family_arm_m3_Hwi_numSparseInterrupts__C 
*          0    000004a8    00000004     
                  000004a8    00000004     appBLE_pem3.oem3 (.const:ti_sysbios_family_arm_m3_Hwi_numSparseInterrupts__C)

.const:ti_sysbios_family_arm_m3_Hwi_priGroup__C 
*          0    000004ac    00000004     
                  000004ac    00000004     appBLE_pem3.oem3 (.const:ti_sysbios_family_arm_m3_Hwi_priGroup__C)

.const:ti_sysbios_family_arm_m3_TaskSupport_stackAlignment__C 
*          0    000004b0    00000004     
                  000004b0    00000004     appBLE_pem3.oem3 (.const:ti_sysbios_family_arm_m3_TaskSupport_stackAlignment__C)

.const:ti_sysbios_heaps_HeapMem_E_memory__C 
*          0    000004b4    00000004     
                  000004b4    00000004     appBLE_pem3.oem3 (.const:ti_sysbios_heaps_HeapMem_E_memory__C)

.const:ti_sysbios_heaps_HeapMem_Module__gateObj__C 
*          0    000004b8    00000004     
                  000004b8    00000004     appBLE_pem3.oem3 (.const:ti_sysbios_heaps_HeapMem_Module__gateObj__C)

.const:ti_sysbios_heaps_HeapMem_Object__count__C 
*          0    000004bc    00000004     
                  000004bc    00000004     appBLE_pem3.oem3 (.const:ti_sysbios_heaps_HeapMem_Object__count__C)

.const:ti_sysbios_heaps_HeapMem_Object__table__C 
*          0    000004c0    00000004     
                  000004c0    00000004     appBLE_pem3.oem3 (.const:ti_sysbios_heaps_HeapMem_Object__table__C)

.const:ti_sysbios_heaps_HeapMem_reqAlign__C 
*          0    000004c4    00000004     
                  000004c4    00000004     appBLE_pem3.oem3 (.const:ti_sysbios_heaps_HeapMem_reqAlign__C)

.const:ti_sysbios_knl_Clock_serviceMargin__C 
*          0    000004c8    00000004     
                  000004c8    00000004     appBLE_pem3.oem3 (.const:ti_sysbios_knl_Clock_serviceMargin__C)

.const:ti_sysbios_knl_Mailbox_Object__count__C 
*          0    000004cc    00000004     
                  000004cc    00000004     appBLE_pem3.oem3 (.const:ti_sysbios_knl_Mailbox_Object__count__C)

.const:ti_sysbios_knl_Mailbox_Object__table__C 
*          0    000004d0    00000004     
                  000004d0    00000004     appBLE_pem3.oem3 (.const:ti_sysbios_knl_Mailbox_Object__table__C)

.const:ti_sysbios_knl_Queue_Object__count__C 
*          0    000004d4    00000004     
                  000004d4    00000004     appBLE_pem3.oem3 (.const:ti_sysbios_knl_Queue_Object__count__C)

.const:ti_sysbios_knl_Queue_Object__table__C 
*          0    000004d8    00000004     
                  000004d8    00000004     appBLE_pem3.oem3 (.const:ti_sysbios_knl_Queue_Object__table__C)

.const:ti_sysbios_knl_Swi_Object__count__C 
*          0    000004dc    00000004     
                  000004dc    00000004     appBLE_pem3.oem3 (.const:ti_sysbios_knl_Swi_Object__count__C)

.const:ti_sysbios_knl_Swi_Object__table__C 
*          0    000004e0    00000004     
                  000004e0    00000004     appBLE_pem3.oem3 (.const:ti_sysbios_knl_Swi_Object__table__C)

.const:ti_sysbios_knl_Swi_numPriorities__C 
*          0    000004e4    00000004     
                  000004e4    00000004     appBLE_pem3.oem3 (.const:ti_sysbios_knl_Swi_numPriorities__C)

.const:ti_sysbios_knl_Task_Object__count__C 
*          0    000004e8    00000004     
                  000004e8    00000004     appBLE_pem3.oem3 (.const:ti_sysbios_knl_Task_Object__count__C)

.const:ti_sysbios_knl_Task_Object__table__C 
*          0    000004ec    00000004     
                  000004ec    00000004     appBLE_pem3.oem3 (.const:ti_sysbios_knl_Task_Object__table__C)

.const:ti_sysbios_knl_Task_allBlockedFunc__C 
*          0    000004f0    00000004     
                  000004f0    00000004     appBLE_pem3.oem3 (.const:ti_sysbios_knl_Task_allBlockedFunc__C)

.const:ti_sysbios_knl_Task_defaultStackHeap__C 
*          0    000004f4    00000004     
                  000004f4    00000004     appBLE_pem3.oem3 (.const:ti_sysbios_knl_Task_defaultStackHeap__C)

.const:ti_sysbios_knl_Task_defaultStackSize__C 
*          0    000004f8    00000004     
                  000004f8    00000004     appBLE_pem3.oem3 (.const:ti_sysbios_knl_Task_defaultStackSize__C)

.const:ti_sysbios_knl_Task_numConstructedTasks__C 
*          0    000004fc    00000004     
                  000004fc    00000004     appBLE_pem3.oem3 (.const:ti_sysbios_knl_Task_numConstructedTasks__C)

.text.3    0    00000500    00000002     
                  00000500    00000002     SPICC26XXDMA.obj (.text:SPICC26XXDMA_serviceISR$12)

.const:ti_sysbios_family_arm_cc26xx_Timer_Module__id__C 
*          0    00000502    00000002     
                  00000502    00000002     appBLE_pem3.oem3 (.const:ti_sysbios_family_arm_cc26xx_Timer_Module__id__C)

.const:ti_sysbios_family_arm_cc26xx_TimestampProvider_useClockTimer__C 
*          0    00000504    00000002     
                  00000504    00000002     appBLE_pem3.oem3 (.const:ti_sysbios_family_arm_cc26xx_TimestampProvider_useClockTimer__C)

.const:ti_sysbios_family_arm_m3_Hwi_Module__id__C 
*          0    00000506    00000002     
                  00000506    00000002     appBLE_pem3.oem3 (.const:ti_sysbios_family_arm_m3_Hwi_Module__id__C)

.const:ti_sysbios_gates_GateHwi_Module__id__C 
*          0    00000508    00000002     
                  00000508    00000002     appBLE_pem3.oem3 (.const:ti_sysbios_gates_GateHwi_Module__id__C)

.const:ti_sysbios_gates_GateMutex_Module__id__C 
*          0    0000050a    00000002     
                  0000050a    00000002     appBLE_pem3.oem3 (.const:ti_sysbios_gates_GateMutex_Module__id__C)

.const:ti_sysbios_heaps_HeapMem_Module__id__C 
*          0    0000050c    00000002     
                  0000050c    00000002     appBLE_pem3.oem3 (.const:ti_sysbios_heaps_HeapMem_Module__id__C)

.const:ti_sysbios_knl_Task_initStackFlag__C 
*          0    0000050e    00000002     
                  0000050e    00000002     appBLE_pem3.oem3 (.const:ti_sysbios_knl_Task_initStackFlag__C)

.const:ti_sysbios_knl_Clock_tickMode__C 
*          0    00000510    00000001     
                  00000510    00000001     appBLE_pem3.oem3 (.const:ti_sysbios_knl_Clock_tickMode__C)

.const:xdc_runtime_Startup_firstFxns__C 
*          0    00000514    00000008     
                  00000514    00000008     appBLE_pem3.oem3 (.const:xdc_runtime_Startup_firstFxns__C)

.const:xdc_runtime_Startup_lastFxns__C 
*          0    0000051c    00000008     
                  0000051c    00000008     appBLE_pem3.oem3 (.const:xdc_runtime_Startup_lastFxns__C)

.const:xdc_runtime_Assert_E_assertFailed__C 
*          0    00000524    00000004     
                  00000524    00000004     appBLE_pem3.oem3 (.const:xdc_runtime_Assert_E_assertFailed__C)

.const:xdc_runtime_Error_E_memory__C 
*          0    00000528    00000004     
                  00000528    00000004     appBLE_pem3.oem3 (.const:xdc_runtime_Error_E_memory__C)

.const:xdc_runtime_Error_policyFxn__C 
*          0    0000052c    00000004     
                  0000052c    00000004     appBLE_pem3.oem3 (.const:xdc_runtime_Error_policyFxn__C)

.const:xdc_runtime_IGateProvider_Interface__BASE__C 
*          0    00000530    00000004     
                  00000530    00000004     appBLE_pem3.oem3 (.const:xdc_runtime_IGateProvider_Interface__BASE__C)

.const:xdc_runtime_IHeap_Interface__BASE__C 
*          0    00000534    00000004     
                  00000534    00000004     appBLE_pem3.oem3 (.const:xdc_runtime_IHeap_Interface__BASE__C)

.const:xdc_runtime_IModule_Interface__BASE__C 
*          0    00000538    00000004     
                  00000538    00000004     appBLE_pem3.oem3 (.const:xdc_runtime_IModule_Interface__BASE__C)

.const:xdc_runtime_Main_Module__diagsEnabled__C 
*          0    0000053c    00000004     
                  0000053c    00000004     appBLE_pem3.oem3 (.const:xdc_runtime_Main_Module__diagsEnabled__C)

.const:xdc_runtime_Main_Module__diagsIncluded__C 
*          0    00000540    00000004     
                  00000540    00000004     appBLE_pem3.oem3 (.const:xdc_runtime_Main_Module__diagsIncluded__C)

.const:xdc_runtime_Main_Module__diagsMask__C 
*          0    00000544    00000004     
                  00000544    00000004     appBLE_pem3.oem3 (.const:xdc_runtime_Main_Module__diagsMask__C)

.const:xdc_runtime_Memory_defaultHeapInstance__C 
*          0    00000548    00000004     
                  00000548    00000004     appBLE_pem3.oem3 (.const:xdc_runtime_Memory_defaultHeapInstance__C)

.const:xdc_runtime_Startup_execImpl__C 
*          0    0000054c    00000004     
                  0000054c    00000004     appBLE_pem3.oem3 (.const:xdc_runtime_Startup_execImpl__C)

.const:xdc_runtime_Startup_maxPasses__C 
*          0    00000550    00000004     
                  00000550    00000004     appBLE_pem3.oem3 (.const:xdc_runtime_Startup_maxPasses__C)

.const:xdc_runtime_Startup_sfxnRts__C 
*          0    00000554    00000004     
                  00000554    00000004     appBLE_pem3.oem3 (.const:xdc_runtime_Startup_sfxnRts__C)

.const:xdc_runtime_Startup_sfxnTab__C 
*          0    00000558    00000004     
                  00000558    00000004     appBLE_pem3.oem3 (.const:xdc_runtime_Startup_sfxnTab__C)

.const:xdc_runtime_Startup_startModsFxn__C 
*          0    0000055c    00000004     
                  0000055c    00000004     appBLE_pem3.oem3 (.const:xdc_runtime_Startup_startModsFxn__C)

.const:xdc_runtime_SysCallback_abortFxn__C 
*          0    00000560    00000004     
                  00000560    00000004     appBLE_pem3.oem3 (.const:xdc_runtime_SysCallback_abortFxn__C)

.const:xdc_runtime_SysCallback_exitFxn__C 
*          0    00000564    00000004     
                  00000564    00000004     appBLE_pem3.oem3 (.const:xdc_runtime_SysCallback_exitFxn__C)

.const:xdc_runtime_System_abortFxn__C 
*          0    00000568    00000004     
                  00000568    00000004     appBLE_pem3.oem3 (.const:xdc_runtime_System_abortFxn__C)

.const:xdc_runtime_System_exitFxn__C 
*          0    0000056c    00000004     
                  0000056c    00000004     appBLE_pem3.oem3 (.const:xdc_runtime_System_exitFxn__C)

.const:xdc_runtime_System_maxAtexitHandlers__C 
*          0    00000570    00000004     
                  00000570    00000004     appBLE_pem3.oem3 (.const:xdc_runtime_System_maxAtexitHandlers__C)

.const:xdc_runtime_Text_charTab__C 
*          0    00000574    00000004     
                  00000574    00000004     appBLE_pem3.oem3 (.const:xdc_runtime_Text_charTab__C)

.const:xdc_runtime_Text_nameEmpty__C 
*          0    00000578    00000004     
                  00000578    00000004     appBLE_pem3.oem3 (.const:xdc_runtime_Text_nameEmpty__C)

.const:xdc_runtime_Text_nameStatic__C 
*          0    0000057c    00000004     
                  0000057c    00000004     appBLE_pem3.oem3 (.const:xdc_runtime_Text_nameStatic__C)

.const:xdc_runtime_Text_nameUnknown__C 
*          0    00000580    00000004     
                  00000580    00000004     appBLE_pem3.oem3 (.const:xdc_runtime_Text_nameUnknown__C)

.const:xdc_runtime_Main_Module__id__C 
*          0    00000584    00000002     
                  00000584    00000002     appBLE_pem3.oem3 (.const:xdc_runtime_Main_Module__id__C)

.const:xdc_runtime_Memory_Module__id__C 
*          0    00000586    00000002     
                  00000586    00000002     appBLE_pem3.oem3 (.const:xdc_runtime_Memory_Module__id__C)

.const:xdc_runtime_Text_charCnt__C 
*          0    00000588    00000002     
                  00000588    00000002     appBLE_pem3.oem3 (.const:xdc_runtime_Text_charCnt__C)

.const:xdc_runtime_Text_isLoaded__C 
*          0    0000058a    00000002     
                  0000058a    00000002     appBLE_pem3.oem3 (.const:xdc_runtime_Text_isLoaded__C)

.const:xdc_runtime_Error_policy__C 
*          0    0000058c    00000001     
                  0000058c    00000001     appBLE_pem3.oem3 (.const:xdc_runtime_Error_policy__C)

.const:ti_sysbios_rom_ROM_AONRTCChannelEnable 
*          0    00000590    00000004     
                  00000590    00000004     appBLE_pem3.oem3 (.const:ti_sysbios_rom_ROM_AONRTCChannelEnable)

.const:ti_sysbios_rom_ROM_AONRTCCompareValueSet 
*          0    00000594    00000004     
                  00000594    00000004     appBLE_pem3.oem3 (.const:ti_sysbios_rom_ROM_AONRTCCompareValueSet)

.const:ti_sysbios_rom_ROM_AONRTCCurrentCompareValueGet 
*          0    00000598    00000004     
                  00000598    00000004     appBLE_pem3.oem3 (.const:ti_sysbios_rom_ROM_AONRTCCurrentCompareValueGet)

.const:ti_sysbios_rom_ROM_AONRTCEventClear 
*          0    0000059c    00000004     
                  0000059c    00000004     appBLE_pem3.oem3 (.const:ti_sysbios_rom_ROM_AONRTCEventClear)

.const:ti_sysbios_rom_ROM_ti_sysbios_family_arm_cc26xx_Timer_getCount64__E 
*          0    000005a0    00000004     
                  000005a0    00000004     appBLE_pem3.oem3 (.const:ti_sysbios_rom_ROM_ti_sysbios_family_arm_cc26xx_Timer_getCount64__E)

.const:ti_sysbios_rom_ROM_ti_sysbios_family_arm_cc26xx_Timer_getCurrentTick__E 
*          0    000005a4    00000004     
                  000005a4    00000004     appBLE_pem3.oem3 (.const:ti_sysbios_rom_ROM_ti_sysbios_family_arm_cc26xx_Timer_getCurrentTick__E)

.const:ti_sysbios_rom_ROM_ti_sysbios_family_arm_cc26xx_Timer_getMaxTicks__E 
*          0    000005a8    00000004     
                  000005a8    00000004     appBLE_pem3.oem3 (.const:ti_sysbios_rom_ROM_ti_sysbios_family_arm_cc26xx_Timer_getMaxTicks__E)

.const:ti_sysbios_rom_ROM_ti_sysbios_family_arm_cc26xx_Timer_initDevice__I 
*          0    000005ac    00000004     
                  000005ac    00000004     appBLE_pem3.oem3 (.const:ti_sysbios_rom_ROM_ti_sysbios_family_arm_cc26xx_Timer_initDevice__I)

.const:ti_sysbios_rom_ROM_ti_sysbios_family_arm_cc26xx_Timer_setNextTick__E 
*          0    000005b0    00000004     
                  000005b0    00000004     appBLE_pem3.oem3 (.const:ti_sysbios_rom_ROM_ti_sysbios_family_arm_cc26xx_Timer_setNextTick__E)

.const:ti_sysbios_rom_ROM_ti_sysbios_family_arm_cc26xx_Timer_setThreshold__I 
*          0    000005b4    00000004     
                  000005b4    00000004     appBLE_pem3.oem3 (.const:ti_sysbios_rom_ROM_ti_sysbios_family_arm_cc26xx_Timer_setThreshold__I)

.const:ti_sysbios_rom_ROM_ti_sysbios_family_arm_cc26xx_Timer_start__E 
*          0    000005b8    00000004     
                  000005b8    00000004     appBLE_pem3.oem3 (.const:ti_sysbios_rom_ROM_ti_sysbios_family_arm_cc26xx_Timer_start__E)

.const:ti_sysbios_rom_ROM_ti_sysbios_family_arm_cc26xx_TimestampProvider_get32__E 
*          0    000005bc    00000004     
                  000005bc    00000004     appBLE_pem3.oem3 (.const:ti_sysbios_rom_ROM_ti_sysbios_family_arm_cc26xx_TimestampProvider_get32__E)

.const:ti_sysbios_rom_ROM_xdc_runtime_Startup_getState__I 
*          0    000005c0    00000004     
                  000005c0    00000004     appBLE_pem3.oem3 (.const:ti_sysbios_rom_ROM_xdc_runtime_Startup_getState__I)

.const:ti_sysbios_rom_ROM_xdc_runtime_System_SupportProxy_abort__E 
*          0    000005c4    00000004     
                  000005c4    00000004     appBLE_pem3.oem3 (.const:ti_sysbios_rom_ROM_xdc_runtime_System_SupportProxy_abort__E)

.const:ti_sysbios_rom_ROM_xdc_runtime_System_SupportProxy_exit__E 
*          0    000005c8    00000004     
                  000005c8    00000004     appBLE_pem3.oem3 (.const:ti_sysbios_rom_ROM_xdc_runtime_System_SupportProxy_exit__E)

.const:ti_sysbios_gates_GateMutex_Instance_State_sem__O 
*          0    000005cc    00000004     
                  000005cc    00000004     appBLE_pem3.oem3 (.const:ti_sysbios_gates_GateMutex_Instance_State_sem__O)

.const:ti_sysbios_knl_Clock_Module_State_clockQ__O 
*          0    000005d0    00000004     
                  000005d0    00000004     appBLE_pem3.oem3 (.const:ti_sysbios_knl_Clock_Module_State_clockQ__O)

.const:ti_sysbios_knl_Mailbox_Instance_State_dataQue__O 
*          0    000005d4    00000004     
                  000005d4    00000004     appBLE_pem3.oem3 (.const:ti_sysbios_knl_Mailbox_Instance_State_dataQue__O)

.const:ti_sysbios_knl_Mailbox_Instance_State_dataSem__O 
*          0    000005d8    00000004     
                  000005d8    00000004     appBLE_pem3.oem3 (.const:ti_sysbios_knl_Mailbox_Instance_State_dataSem__O)

.const:ti_sysbios_knl_Mailbox_Instance_State_freeQue__O 
*          0    000005dc    00000004     
                  000005dc    00000004     appBLE_pem3.oem3 (.const:ti_sysbios_knl_Mailbox_Instance_State_freeQue__O)

.const:ti_sysbios_knl_Mailbox_Instance_State_freeSem__O 
*          0    000005e0    00000004     
                  000005e0    00000004     appBLE_pem3.oem3 (.const:ti_sysbios_knl_Mailbox_Instance_State_freeSem__O)

.const:ti_sysbios_knl_Semaphore_Instance_State_pendQ__O 
*          0    000005e4    00000004     
                  000005e4    00000004     appBLE_pem3.oem3 (.const:ti_sysbios_knl_Semaphore_Instance_State_pendQ__O)

.const:ti_sysbios_knl_Task_Module_State_inactiveQ__O 
*          0    000005e8    00000004     
                  000005e8    00000004     appBLE_pem3.oem3 (.const:ti_sysbios_knl_Task_Module_State_inactiveQ__O)

.text.4    0    000005ec    000090c0     
                  000005ec    00000440     sysbios.aem3 : mangled__BIOS_lib.obj (.text:xdc_runtime_System_doPrint__I)
                  00000a2c    000003e8     SPICC26XXDMA.obj (.text:SPICC26XXDMA_open)
                  00000e14    00000376     driverlib.lib : setup.obj (.text:HapiTrimDeviceShutDown$41)
                  0000118a    00000002     rtsv7M3_T_le_eabi.lib : i_div0.obj (.text)
                  0000118c    0000034c     sysbios.aem3 : mangled__BIOS_lib.obj (.text:ti_sysbios_family_arm_cc26xx_Power_auxISR__E)
                  000014d8    000002f8                  : mangled__BIOS_lib.obj (.text:ti_sysbios_family_arm_cc26xx_Power_sleep__E)
                  000017d0    000002dc     UARTCC26XX.obj (.text:UARTCC26XX_open)
                  00001aac    00000268     UARTCC26XX.obj (.text:UARTCC26XX_write)
                  00001d14    00000228     movedetectorSensor.obj (.text:Movedetector_processStateChangeEvt$23)
                  00001f3c    00000228     peripheral.obj (.text:gapRole_processGAPMsg$6)
                  00002164    00000224     peripheral.obj (.text:GAPRole_SetParameter)
                  00002388    00000224     SPICC26XXDMA.obj (.text:SPICC26XXDMA_hwiFxn$12)
                  000025ac    0000020c     movedetectorSensor.obj (.text:Movedetector_init$23)
                  000027b8    000001f4     rtsv7M3_T_le_eabi.lib : ull_div_t2.obj (.text)
                  000029ac    000001e4     UARTCC26XX.obj (.text:UARTCC26XX_read)
                  00002b90    000001cc     movedetectorSensor.obj (.text:Movedetector_processCharValueChangeEvt$23)
                  00002d5c    000001c6     driverlib.lib : sys_ctrl.obj (.text:SysCtrlSetRechargeBeforePowerDown)
                  00002f22    00000002     appBLE_pem3.oem3 (.text:ti_sysbios_BIOS_nullFunc__I)
                  00002f24    000001bc     movedetectorSensor.obj (.text:CheckForAlarm$23)
                  000030e0    00000188     PINCC26XX.obj (.text:PIN_init)
                  00003268    00000180     movedetectorSensor.obj (.text:Movedetector_taskFxn$23)
                  000033e8    0000016c     SPICC26XXDMA.obj (.text:SPICC26XXDMA_transfer)
                  00003554    0000015c     UARTCC26XX.obj (.text:UARTCC26XX_hwiIntFxn)
                  000036b0    00000154     uart_logs.obj (.text:uartLog_doPrint$24)
                  00003804    00000148     SPICC26XXDMA.obj (.text:SPICC26XXDMA_initIO$12)
                  0000394c    00000130     sysbios.aem3 : mangled__BIOS_lib.obj (.text:xdc_runtime_Text_putSite__E)
                  00003a7c    00000124     peripheral.obj (.text:GAPRole_GetParameter)
                  00003ba0    00000110     UARTCC26XX.obj (.text:UARTCC26XX_writeCancel)
                  00003cb0    00000104     sysbios.aem3 : mangled__BIOS_lib.obj (.text:calibrateRcoscHf1$28)
                  00003db4    00000100     SPICC26XXDMA.obj (.text:SPICC26XXDMA_transferCancel)
                  00003eb4    000000fc     rtsv7M3_T_le_eabi.lib : fd_mul_t2.obj (.text)
                  00003fb0    000000fc     sysbios.aem3 : mangled__BIOS_lib.obj (.text:xdc_runtime_Text_putLab__E)
                  000040ac    000000f8                  : mangled__BIOS_lib.obj (.text:ti_sysbios_family_arm_cc26xx_Power_startFirstMeasurement__E)
                  000041a4    000000f8     appBLE_pem3.oem3 (.text:xdc_runtime_System_printfExtend__I)
                  0000429c    000000f6     driverlib.lib : setup.obj (.text:GetTrimForAnabypassValue1$41)
                  00004392    00000002     sysbios.aem3 : mangled__BIOS_lib.obj (.text:ti_sysbios_family_arm_cc26xx_Power_defaultClockFunc__E)
                  00004394    000000f4     UARTCC26XX.obj (.text:UARTCC26XX_readCancel)
                  00004488    000000f4     peripheral.obj (.text:gapRole_taskFxn$6)
                  0000457c    000000f0     sysbios.aem3 : mangled__BIOS_lib.obj (.text:ti_sysbios_family_arm_cc26xx_Power_standbyPolicy__E)
                  0000466c    000000ec     ICall.obj (.text:ICall_primWaitMatch$7)
                  00004758    000000dc     UARTCC26XX.obj (.text:UARTCC26XX_close)
                  00004834    000000d8     sysbios.aem3 : mangled__BIOS_lib.obj (.text:ti_sysbios_family_arm_cc26xx_Power_setDependency__E)
                  0000490c    000000d0     UARTCC26XX.obj (.text:readData$14)
                  000049dc    000000d0     UARTCC26XX.obj (.text:readFinishedDoCallback$14)
                  00004aac    000000d0     sysbios.aem3 : mangled__BIOS_lib.obj (.text:ti_sysbios_family_arm_cc26xx_Power_releaseDependency__E)
                  00004b7c    000000cc     UARTCC26XX.obj (.text:writeData$14)
                  00004c48    000000bc     UARTCC26XX.obj (.text:UARTCC26XX_initHw$14)
                  00004d04    000000b4     PINCC26XX.obj (.text:PINCC26XX_setIoCfg$9)
                  00004db8    000000b4     movedetectorSensor.obj (.text:ReadSensorValue$23)
                  00004e6c    000000b4     SPICC26XXDMA.obj (.text:SPICC26XXDMA_close)
                  00004f20    000000b4     movedetectorGATTprofile.obj (.text:movedetector_WriteAttrCB$5)
                  00004fd4    000000b4     driverlib.lib : setup.obj (.text:trimDevice)
                  00005088    000000b0     devinfoservice.obj (.text:devInfo_ReadAttrCB$2)
                  00005138    000000b0     sysbios.aem3 : mangled__BIOS_lib.obj (.text:ti_sysbios_knl_Clock_workFuncDynamic__E)
                  000051e8    000000ac     movedetectorSensor.obj (.text:Movedetector_processGATTMsg$23)
                  00005294    000000a8     movedetectorSensor.obj (.text:MovedetectorSensor_handleKeys$23)
                  0000533c    000000a4     sysbios.aem3 : mangled__BIOS_lib.obj (.text:ti_sysbios_family_arm_cc26xx_Power_initiateCalibration__E)
                  000053e0    000000a0     auto_init.aem3 : auto_init.oem3 (.text)
                  00005480    000000a0     peripheral.obj (.text:gapRole_init$6)
                  00005520    0000009c     rtsv7M3_T_le_eabi.lib : memcpy_t2.obj (.text)
                  000055bc    00000094     driverlib.lib : osc.obj (.text:OSCHF_GetStartupTime)
                  00005650    00000094     UARTCC26XX.obj (.text:UARTCC26XX_initIO$14)
                  000056e4    00000090     PINCC26XX.obj (.text:PIN_open)
                  00005774    00000090     UARTCC26XX.obj (.text:writeFinishedDoCallback$14)
                  00005804    0000008c     sysbios.aem3 : mangled__BIOS_lib.obj (.text:ti_sysbios_family_arm_cc26xx_Power_LF_clockFunc__E)
                  00005890    0000008c                  : mangled__BIOS_lib.obj (.text:ti_sysbios_family_arm_cc26xx_Power_Module_startup__E)
                  0000591c    00000088                  : mangled__BIOS_lib.obj (.text:ti_sysbios_family_arm_cc26xx_Timer_start__E)
                  000059a4    00000084     driverlib.lib : setup.obj (.text:GetTrimForAmpcompCtrl$41)
                  00005a28    00000084     ICall.obj (.text:ICall_heapMalloc)
                  00005aac    00000084     ICall.obj (.text:ICall_primSetTimer$7)
                  00005b30    00000080     uart_logs.obj (.text:uartLog_outputFxn)
                  00005bb0    0000007e     movedetectorGATTprofile.obj (.text:movedetector_ReadAttrCB$5)
                  00005c2e    00000002     sysbios.aem3 : mangled__BIOS_lib.obj (.text:ti_sysbios_family_arm_cc26xx_Power_defaultNotifyTrapFunc__E)
                  00005c30    0000007c     board_key.obj (.text:Board_initKeys)
                  00005cac    0000007c     ICall.obj (.text:ICall_createRemoteTasks)
                  00005d28    0000007c     UARTCC26XX.obj (.text:writeTxFifoFlush$14)
                  00005da4    0000007a     rtsv7M3_T_le_eabi.lib : memset_t2.obj (.text)
                  00005e1e    00000002     appBLE_pem3.oem3 (.text:ti_sysbios_rom_cortexm_cc26xx_CC26xx_badRomRevision__E)
                  00005e20    00000078     SPICC26XXDMA.obj (.text:SPICC26XXDMA_control)
                  00005e98    00000078     UDMACC26XX.obj (.text:UDMACC26XX_hwiIntFxn)
                  00005f10    00000074     ICall.obj (.text:ICall_primSend$7)
                  00005f84    00000074     LIS3DH_Driver.obj (.text:LIS3DH_Initialize)
                  00005ff8    00000072     driverlib.lib : chipinfo.obj (.text:ChipInfo_GetHwRevision)
                  0000606a    00000002     sysbios.aem3 : mangled__BIOS_lib.obj (.text:xdc_runtime_SysCallback_defaultAbort)
                  0000606c    00000070     peripheral.obj (.text:gapRole_startConnUpdate$6)
                  000060dc    0000006c     ICallCC2650.obj (.text:ICallPlatform_pwrUpdActivityCounter)
                  00006148    0000006c     driverlib.lib : sys_ctrl.obj (.text:SysCtrl_DCDC_VoltageConditionalControl)
                  000061b4    0000006a     rtsv7M3_T_le_eabi.lib : copy_decompress_rle.obj (.text)
                  0000621e    00000002     sysbios.aem3 : mangled__BIOS_lib.obj (.text:xdc_runtime_SysCallback_defaultExit)
                  00006220    00000068     uart_logs.obj (.text:uartLog_flush)
                  00006288    00000066     gattservapp_util.obj (.text:gattServApp_SendNotiInd$4)
                  000062ee    00000002     sysbios.aem3 : mangled__BIOS_lib.obj (.text:xdc_runtime_SysCallback_defaultPutch)
                  000062f0    00000064     gattservapp_util.obj (.text:GATTServApp_ProcessCharCfg)
                  00006354    00000064     driverlib.lib : osc.obj (.text:OSCHF_AttemptToSwitchToXosc)
                  000063b8    00000064     PINCC26XX.obj (.text:PIN_add)
                  0000641c    00000062     driverlib.lib : sys_ctrl.obj (.text:SysCtrlAdjustRechargeAfterPowerDown)
                  0000647e    00000002     --HOLE-- [fill = 0]
                  00006480    00000060     appBLE_pem3.oem3 (.text:ti_sysbios_family_arm_cc26xx_Power_XOSC_HF_clockFunc__E)
                  000064e0    00000060     sysbios.aem3 : mangled__BIOS_lib.obj (.text:ti_sysbios_family_arm_cc26xx_Timer_setNextTick__E)
                  00006540    0000005c     appBLE_pem3.oem3 (.text:xdc_runtime_Startup_getState__I)
                  0000659c    0000005a     driverlib.lib : ddi.obj (.text:NOROM_DDI16BitfieldWrite)
                  000065f6    00000002     --HOLE-- [fill = 0]
                  000065f8    00000058     ICall.obj (.text:ICall_primEnroll$7)
                  00006650    00000058     SPICC26XXDMA.obj (.text:SPICC26XXDMA_initHw$12)
                  000066a8    00000058     UDMACC26XX.obj (.text:UDMACC26XX_open)
                  00006700    00000058     sysbios.aem3 : mangled__BIOS_lib.obj (.text:ti_sysbios_family_arm_cc26xx_Power_notify__I)
                  00006758    00000056     LIS3DH_Driver.obj (.text:LIS3DH_ReadDeviceValue)
                  000067ae    00000002     --HOLE-- [fill = 0]
                  000067b0    00000054     ICallCC2650.obj (.text:ICallPlatform_pwrRegisterNotify)
                  00006804    00000054     ICall.obj (.text:ICall_primThreadServes$7)
                  00006858    00000054     sysbios.aem3 : mangled__BIOS_lib.obj (.text:xdc_runtime_Text_visitRope2__I)
                  000068ac    00000052     ICall.obj (.text:ICall_primWait$7)
                  000068fe    00000052     driverlib.lib : osc.obj (.text:NOROM_OSCClockSourceSet)
                  00006950    00000050     ICallBleAPI.obj (.text:GAP_DeviceInit)
                  000069a0    00000050     ICallBleAPI.obj (.text:GAP_UpdateAdvertisingData)
                  000069f0    00000050     ICall.obj (.text:ICall_primGetEntityId$7)
                  00006a40    00000050     ICall.obj (.text:ICall_primRegisterApp$7)
                  00006a90    00000050     PINCC26XX.obj (.text:PIN_remove)
                  00006ae0    00000050     UARTCC26XX.obj (.text:startTxFifoEmptyClk$14)
                  00006b30    0000004c     peripheral.obj (.text:GAPRole_SendUpdateParam)
                  00006b7c    0000004c     ICall.obj (.text:ICall_newTask$7)
                  00006bc8    0000004c     peripheral.obj (.text:gapRole_processStackMsg$6)
                  00006c14    0000004c     rtsv7M3_T_le_eabi.lib : cpy_tbl.obj (.text)
                  00006c60    0000004c     sysbios.aem3 : mangled__BIOS_lib.obj (.text:xdc_runtime_Text_xprintf__I)
                  00006cac    0000004a     gattservapp_util.obj (.text:GATTServApp_ProcessCCCWriteReq)
                  00006cf6    00000002     --HOLE-- [fill = 0]
                  00006cf8    00000048     PINCC26XX.obj (.text:PIN_Isr$9)
                  00006d40    00000048     util.obj (.text:Util_constructClock)
                  00006d88    00000048     ICallBleAPI.obj (.text:gapSendParamAndPtrCmd$16)
                  00006dd0    00000048     ICallBleAPI.obj (.text:gattIndNoti$16)
                  00006e18    00000048     rtsv7M3_T_le_eabi.lib : fd_toi_t2.obj (.text)
                  00006e60    00000048     sysbios.aem3 : mangled__BIOS_lib.obj (.text:xdc_runtime_LoggerCallback_write8__E)
                  00006ea8    00000046     driverlib.lib : ddi.obj (.text:NOROM_DDI16BitfieldRead)
                  00006eee    00000002     --HOLE-- [fill = 0]
                  00006ef0    00000044     ICallBleAPI.obj (.text:GAP_TerminateLinkReq)
                  00006f34    00000044     boot.aem3 : boot.oem3 (.text)
                  00006f78    00000044     rtsv7M3_T_le_eabi.lib : exit.obj (.text)
                  00006fbc    00000044     sysbios.aem3 : mangled__BIOS_lib.obj (.text:ti_sysbios_family_arm_cc26xx_Timer_initDevice__I)
                  00007000    00000044                  : mangled__BIOS_lib.obj (.text:xdc_runtime_LoggerCallback_Module_startup__E)
                  00007044    00000042     ICall.obj (.text:ICall_primCreateSemaphore$7)
                  00007086    00000042     ICall.obj (.text:ICall_primCreateTask$7)
                  000070c8    00000042     LIS3DH_Driver.obj (.text:LIS3DH_SetDeviceMode)
                  0000710a    00000002     --HOLE-- [fill = 0]
                  0000710c    00000040     peripheral.obj (.text:GAPRole_createTask)
                  0000714c    00000040     ICallBleAPI.obj (.text:GATT_SendRsp)
                  0000718c    00000040     movedetectorSensor.obj (.text:Movedetector_createTask)
                  000071cc    00000040     driverlib.lib : osc.obj (.text:NOROM_OSCInterfaceEnable)
                  0000720c    00000040     rtsv7M3_T_le_eabi.lib : u_divt2.obj (.text)
                  0000724c    00000040     appBLE_pem3.oem3 (.text:ti_sysbios_family_arm_cc26xx_Power_XOSC_HF)
                  0000728c    00000040     sysbios.aem3 : mangled__BIOS_lib.obj (.text:ti_sysbios_family_arm_cc26xx_Power_isStableXOSC_HF__E)
                  000072cc    00000040                  : mangled__BIOS_lib.obj (.text:ti_sysbios_family_arm_cc26xx_Timer_getCurrentTick__E)
                  0000730c    0000003e     LIS3DH_Driver.obj (.text:LIS3DH_InterruptCtrl)
                  0000734a    0000003e     ICallBleAPI.obj (.text:hciSendParamsCmd$16)
                  00007388    0000003c     ICallBleAPI.obj (.text:GAP_GetParamValue)
                  000073c4    0000003c     ICallBleAPI.obj (.text:GATTServApp_RegisterService)
                  00007400    0000003c     ICallCC2650.obj (.text:ICallPlatform_pwrConfigACAction)
                  0000743c    0000003c     PINCC26XX.obj (.text:PINCC26XX_getConfig)
                  00007478    0000003c     SPICC26XXDMA.obj (.text:SPICC26XXDMA_csnCallback$12)
                  000074b4    0000003c     ICallBleAPI.obj (.text:profileSetParameter$16)
                  000074f0    0000003c     ICallBleAPI.obj (.text:sendWaitMatchCS$16)
                  0000752c    0000003c     ICallBleAPI.obj (.text:sendWaitMatchValueCS$16)
                  00007568    0000003c     sysbios.aem3 : mangled__BIOS_lib.obj (.text:ti_sysbios_family_arm_cc26xx_Power_releaseConstraint__E)
                  000075a4    0000003a     LIS3DH_Driver.obj (.text:LIS3DH_SetFilter)
                  000075de    00000002     --HOLE-- [fill = 0]
                  000075e0    00000038     ICallBleAPI.obj (.text:GAPBondMgr_LinkEst)
                  00007618    00000038     ICall.obj (.text:ICall_primGetMaxMSecs$7)
                  00007650    00000038     LIS3DH_Driver.obj (.text:LIS3DH_StartTransfer)
                  00007688    00000038     movedetectorSensor.obj (.text:Movedetector_sendAttRsp$23)
                  000076c0    00000038     PINCC26XX.obj (.text:PIN_setOutputEnable)
                  000076f8    00000038     SPI.obj (.text:SPI_init)
                  00007730    00000038     util.obj (.text:Util_restartClock)
                  00007768    00000038     ICallBleAPI.obj (.text:linkDB_NumConns)
                  000077a0    00000038     sysbios.aem3 : mangled__BIOS_lib.obj (.text:ti_sysbios_family_arm_cc26xx_Power_setConstraint__E)
                  000077d8    00000038                  : mangled__BIOS_lib.obj (.text:ti_sysbios_family_arm_cc26xx_Timer_setThreshold__I)
                  00007810    00000038                  : mangled__BIOS_lib.obj (.text:xdc_runtime_LoggerCallback_write4__E)
                  00007848    00000036     ICallCC2650.obj (.text:ICallPlatform_pwrDispenseImpl$8)
                  0000787e    00000036     ICallCC2650.obj (.text:ICallPlatform_pwrRequireImpl$8)
                  000078b4    00000036     ICall.obj (.text:ICall_primWaitSemaphore$7)
                  000078ea    00000034     driverlib.lib : chipinfo.obj (.text:ChipInfo_GetChipFamily)
                  0000791e    00000002     --HOLE-- [fill = 0]
                  00007920    00000034     ICallBleAPI.obj (.text:GAPBondMgr_SetParameter)
                  00007954    00000034     ICallBleAPI.obj (.text:GAP_SetParamValue)
                  00007988    00000034     ICall.obj (.text:ICall_primEntityId2ServiceId$7)
                  000079bc    00000034     ICall.obj (.text:ICall_primFetchMsg$7)
                  000079f0    00000034     ICall.obj (.text:ICall_primRegisterISR$7)
                  00007a24    00000034     ICall.obj (.text:ICall_primRegisterISR_Ext$7)
                  00007a58    00000034     ICall.obj (.text:ICall_searchServiceEntity$7)
                  00007a8c    00000034     led.obj (.text:Led_init)
                  00007ac0    00000034     driverlib.lib : setup.obj (.text:SetAonRtcSubSecInc$41)
                  00007af4    00000034     ICallBleAPI.obj (.text:osal_snv_read)
                  00007b28    00000034     ICallBleAPI.obj (.text:osal_snv_write)
                  00007b5c    00000034     ICallBleAPI.obj (.text:profileAddService$16)
                  00007b90    00000034     ICallBleAPI.obj (.text:registerTask$16)
                  00007bc4    00000033     sysbios.aem3 : mangled__BIOS_lib.obj (.text:xdc_runtime_Text_printVisFxn__I)
                  00007bf7    00000001     --HOLE-- [fill = 0]
                  00007bf8    00000032     driverlib.lib : osc.obj (.text:OSCHF_SwitchToRcOscTurnOffXosc)
                  00007c2a    00000032     ICallBleAPI.obj (.text:gapSendParamsCmd$16)
                  00007c5c    00000032     ICallBleAPI.obj (.text:gapSendPtrParamsCmd$16)
                  00007c8e    00000032     ICallBleAPI.obj (.text:matchGapSetGetParamCS$16)
                  00007cc0    00000032     ICallBleAPI.obj (.text:matchGattCmdStatus$16)
                  00007cf2    00000032     ICallBleAPI.obj (.text:matchUtilNvCS$16)
                  00007d24    00000030     ICallCC2650.obj (.text:ICallPlatform_pwrNotify$8)
                  00007d54    00000030     ICall.obj (.text:ICall_heapInit)
                  00007d84    00000030     ICall.obj (.text:ICall_msecs2Ticks$7)
                  00007db4    00000030     appBLE_pem3.oem3 (.text:ti_sysbios_BIOS_atExitFunc__I)
                  00007de4    00000030     sysbios.aem3 : mangled__BIOS_lib.obj (.text:ti_sysbios_family_arm_cc26xx_Power_registerNotify__E)
                  00007e14    00000030                  : mangled__BIOS_lib.obj (.text:ti_sysbios_family_arm_cc26xx_Power_switchXOSC_HF__E)
                  00007e44    00000030     appBLE_pem3.oem3 (.text:xdc_runtime_LoggerCallback_Object__create__S)
                  00007e74    00000030     sysbios.aem3 : mangled__BIOS_lib.obj (.text:xdc_runtime_LoggerCallback_write2__E)
                  00007ea4    0000002e     driverlib.lib : setup.obj (.text:GetTrimForRadcExtCfg$41)
                  00007ed2    0000002e     movedetectorSensor.obj (.text:ICall_fetchServiceMsg$23)
                  00007f00    0000002e     peripheral.obj (.text:ICall_fetchServiceMsg$6)
                  00007f2e    0000002e     ICall.obj (.text:ICall_msgDequeue$7)
                  00007f5c    0000002e     LIS3DH_Driver.obj (.text:LIS3DH_VerifyCommunication)
                  00007f8a    0000002e     ICallBleAPI.obj (.text:matchProfileAddServiceCS$16)
                  00007fb8    0000002c     driverlib.lib : aon_batmon.obj (.text:AONBatMonTemperatureGetDegC)
                  00007fe4    0000002c     board_key.obj (.text:Board_keyCallback$21)
                  00008010    0000002c     ICallBleAPI.obj (.text:GAPBondMgr_Register)
                  0000803c    0000002c     ICallBleAPI.obj (.text:HCI_EXT_ConnEventNoticeCmd)
                  00008068    0000002c     ICall.obj (.text:ICall_heapFree)
                  00008094    0000002c     movedetectorGATTprofile.obj (.text:ICall_malloc$5)
                  000080c0    0000002c     ICall.obj (.text:ICall_msgEnqueue$7)
                  000080ec    0000002c     ICall.obj (.text:ICall_primAllocMsg$7)
                  00008118    0000002c     ICall.obj (.text:ICall_primFetchServiceMsg$7)
                  00008144    0000002c     ICall.obj (.text:ICall_searchTask$7)
                  00008170    0000002c     ICallBleAPI.obj (.text:ICall_sendServiceMsg$16)
                  0000819c    0000002c     driverlib.lib : aon_rtc.obj (.text:NOROM_AONRTCCurrentCompareValueGet)
                  000081c8    0000002c     PINCC26XX.obj (.text:PIN_setConfig)
                  000081f4    0000002c     PINCC26XX.obj (.text:PIN_setInterrupt)
                  00008220    0000002c     movedetectorGATTprofile.obj (.text:utilExtractUuid16)
                  0000824c    0000002a     ICallBleAPI.obj (.text:ICall_waitMatch$16)
                  00008276    0000002a     UDMACC26XX.obj (.text:UDMACC26XX_close)
                  000082a0    0000002a     util.obj (.text:Util_enqueueMsg)
                  000082ca    0000002a     ICallBleAPI.obj (.text:matchProfileCS$16)
                  000082f4    00000028     gattservapp_util.obj (.text:GATTServApp_WriteCharCfg)
                  0000831c    00000028     driverlib.lib : setup.obj (.text:GetTrimForAmpcompTh2$41)
                  00008344    00000028     ICall.obj (.text:ICall_init)
                  0000836c    00000028     ICall.obj (.text:ICall_msgPrepend$7)
                  00008394    00000028     movedetectorSensor.obj (.text:ICall_registerApp$23)
                  000083bc    00000028     peripheral.obj (.text:ICall_registerApp$6)
                  000083e4    00000028     LIS3DH_Driver.obj (.text:LIS3DH_ReadINT1Source)
                  0000840c    00000028     LIS3DH_Driver.obj (.text:LIS3DH_ReadRefrence)
                  00008434    00000028     movedetectorGATTprofile.obj (.text:Movedetector_AddService)
                  0000845c    00000028     movedetectorGATTprofile.obj (.text:Movedetector_SetParameter)
                  00008484    00000028     movedetectorSensor.obj (.text:Movedetector_freeAttRsp$23)
                  000084ac    00000028     appBLE_pem3.oem3 (.text:ti_sysbios_family_arm_cc26xx_Power_isDependencyActive)
                  000084d4    00000028     sysbios.aem3 : mangled__BIOS_lib.obj (.text:ti_sysbios_family_arm_cc26xx_Timer_getMaxTicks__E)
                  000084fc    00000028                  : mangled__BIOS_lib.obj (.text:xdc_runtime_LoggerCallback_write0__E)
                  00008524    00000028                  : mangled__BIOS_lib.obj (.text:xdc_runtime_LoggerCallback_write1__E)
                  0000854c    00000028                  : mangled__BIOS_lib.obj (.text:xdc_runtime_System_snprintf__E)
                  00008574    00000026     driverlib.lib : osc.obj (.text:NOROM_OSCClockSourceGet)
                  0000859a    00000026     main.obj (.text:main)
                  000085c0    00000024     ICallBleAPI.obj (.text:GAPBondMgr_LinkTerm)
                  000085e4    00000024     ICallBleAPI.obj (.text:ICall_getLocalMsgEntityId$16)
                  00008608    00000024     ICallBleAPI.obj (.text:ICall_threadServes$16)
                  0000862c    00000024     LIS3DH_Driver.obj (.text:LIS3DH_Interrupt1Threshold)
                  00008650    00000024     movedetectorSensor.obj (.text:MovedetectorSensor_enqueueMsg$23)
                  00008674    00000024     movedetectorGATTprofile.obj (.text:Movedetector_GetParameter)
                  00008698    00000024     PINCC26XX.obj (.text:PINCC26XX_setMux)
                  000086bc    00000024     PINCC26XX.obj (.text:PIN_setOutputValue)
                  000086e0    00000024     UARTCC26XX.obj (.text:UARTCC26XX_control)
                  00008704    00000024     gattservapp_util.obj (.text:gattServApp_FindCharCfgItem$4)
                  00008728    00000024     LIS3DH_Driver.obj (.text:sbp_spiCallback)
                  0000874c    00000024     appBLE_pem3.oem3 (.text:ti_sysbios_BIOS_registerRTSLock__I)
                  00008770    00000024     appBLE_pem3.oem3 (.text:ti_sysbios_BIOS_removeRTSLock__I)
                  00008794    00000024     appBLE_pem3.oem3 (.text:ti_sysbios_BIOS_startFunc__I)
                  000087b8    00000024     sysbios.aem3 : mangled__BIOS_lib.obj (.text:ti_sysbios_family_arm_cc26xx_Timer_dynamicStub__E)
                  000087dc    00000022     driverlib.lib : setup.obj (.text:GetTrimForAmpcompTh1$41)
                  000087fe    00000022     ICall.obj (.text:ICall_dispatch$7)
                  00008820    00000022     util.obj (.text:ICall_malloc$25)
                  00008842    00000022     LIS3DH_Driver.obj (.text:LIS3DH_Interrupt1Config)
                  00008864    00000022     LIS3DH_Driver.obj (.text:LIS3DH_Interrupt1Duration)
                  00008886    00000022     movedetectorSensor.obj (.text:Movedetector_processAppMsg$23)
                  000088a8    00000020     gattservapp_util.obj (.text:GATTServApp_FindAttr)
                  000088c8    00000020     gattservapp_util.obj (.text:GATTServApp_InitCharCfg)
                  000088e8    00000020     ICallBleAPI.obj (.text:GATT_bm_alloc)
                  00008908    00000020     driverlib.lib : setup.obj (.text:GetTrimForRcOscLfRtuneCtuneTrim$41)
                  00008928    00000020                   : setup.obj (.text:GetTrimForXoscHfCtl$41)
                  00008948    00000020     ICallBleAPI.obj (.text:ICall_allocMsg$16)
                  00008968    00000020     ICallBleAPI.obj (.text:ICall_getEntityId$16)
                  00008988    00000020     movedetectorSensor.obj (.text:ICall_malloc$23)
                  000089a8    00000020     ICall.obj (.text:ICall_primService$7)
                  000089c8    00000020     ICall.obj (.text:ICall_searchService$7)
                  000089e8    00000020     UDMACC26XX.obj (.text:UDMACC26XX_initHw$15)
                  00008a08    00000020     util.obj (.text:Util_dequeueMsg)
                  00008a28    00000020     rtsv7M3_T_le_eabi.lib : u_tofd_t2.obj (.text)
                  00008a48    00000020     appBLE_pem3.oem3 (.text:ti_sysbios_BIOS_rtsLock__I)
                  00008a68    00000020     sysbios.aem3 : mangled__BIOS_lib.obj (.text:ti_sysbios_family_arm_cc26xx_TimestampProvider_get32__E)
                  00008a88    00000020     led.obj (.text:toggle_led)
                  00008aa8    0000001e     ICall.obj (.text:ICall_primSendServiceMsg$7)
                  00008ac6    0000001e     PINCC26XX.obj (.text:PIN_close)
                  00008ae4    0000001e     ICallBleAPI.obj (.text:matchHciCS$16)
                  00008b02    0000001e     ICallBleAPI.obj (.text:waitMatchCS$16)
                  00008b20    0000001c     peripheral.obj (.text:GAPRole_StartDevice)
                  00008b3c    0000001c     ICallBleAPI.obj (.text:GATT_bm_free)
                  00008b58    0000001c     movedetectorSensor.obj (.text:ICall_wait$23)
                  00008b74    0000001c     peripheral.obj (.text:ICall_wait$6)
                  00008b90    0000001c     PINCC26XX.obj (.text:PINCC26XX_setIoCfgMux$9)
                  00008bac    0000001c     peripheral.obj (.text:gapRole_HandleParamUpdateNoSuccess$6)
                  00008bc8    0000001c     ICallBleAPI.obj (.text:getStatusValueFromErrNo$16)
                  00008be4    0000001c     sysbios.aem3 : mangled__BIOS_lib.obj (.text:ti_sysbios_family_arm_cc26xx_Power_unregisterNotify__E)
                  00008c00    0000001c                  : mangled__BIOS_lib.obj (.text:xdc_runtime_LoggerCallback_Instance_init__E)
                  00008c1c    0000001a     ICall.obj (.text:ICall_enterCSImpl)
                  00008c36    0000001a     ICall.obj (.text:ICall_primSetTimerMSecs$7)
                  00008c50    0000001a     driverlib.lib : osc.obj (.text:OSCHF_TurnOnXosc)
                  00008c6a    0000001a     ICallBleAPI.obj (.text:matchGattIndNotiCS$16)
                  00008c84    00000018     driverlib.lib : chipinfo.obj (.text:ChipInfo_GetPackageType)
                  00008c9c    00000018     peripheral.obj (.text:GAPRole_TerminateConnection)
                  00008cb4    00000018     ICallBleAPI.obj (.text:GATT_Notification)
                  00008ccc    00000018     driverlib.lib : setup.obj (.text:GetTrimForAdcShModeEn$41)
                  00008ce4    00000018                   : setup.obj (.text:GetTrimForAdcShVbufEn$41)
                  00008cfc    00000018                   : setup.obj (.text:GetTrimForDblrLoopFilterResetVoltage$41)
                  00008d14    00000018                   : setup.obj (.text:GetTrimForRcOscLfIBiasTrim$41)
                  00008d2c    00000018                   : setup.obj (.text:GetTrimForXoscHfIbiastherm$41)
                  00008d44    00000018                   : setup.obj (.text:GetTrimForXoscLfRegulatorAndCmirrwrRatio$41)
                  00008d5c    00000018     ICallCC2650.obj (.text:ICallPlatform_pwrDispense)
                  00008d74    00000018     ICallCC2650.obj (.text:ICallPlatform_pwrRequire)
                  00008d8c    00000018     movedetectorSensor.obj (.text:ICall_free$23)
                  00008da4    00000018     util.obj (.text:ICall_free$25)
                  00008dbc    00000018     ICallBleAPI.obj (.text:ICall_freeMsg$16)
                  00008dd4    00000018     movedetectorSensor.obj (.text:ICall_freeMsg$23)
                  00008dec    00000018     peripheral.obj (.text:ICall_freeMsg$6)
                  00008e04    00000018     ICall.obj (.text:ICall_freeMsg$7)
                  00008e1c    00000018     ICall.obj (.text:ICall_initPrim$7)
                  00008e34    00000018     ICall.obj (.text:ICall_primMalloc$7)
                  00008e4c    00000018     PINCC26XX.obj (.text:PIN_getConfig)
                  00008e64    00000018     UART.obj (.text:UART_Params_init)
                  00008e7c    00000018     util.obj (.text:Util_constructQueue)
                  00008e94    00000018     peripheral.obj (.text:gapRole_setEvent$6)
                  00008eac    00000018     rtsv7M3_T_le_eabi.lib : args_main.obj (.text)
                  00008ec4    00000018                           : ll_mul_t2.obj (.text)
                  00008edc    00000018     appBLE_pem3.oem3 (.text:ti_sysbios_BIOS_rtsUnlock__I)
                  00008ef4    00000018     appBLE_pem3.oem3 (.text:ti_sysbios_family_arm_cc26xx_Power_RFCORECLKS)
                  00008f0c    00000018     sysbios.aem3 : mangled__BIOS_lib.obj (.text:ti_sysbios_family_arm_cc26xx_Timer_getCount64__E)
                  00008f24    00000018     appBLE_pem3.oem3 (.text:ti_sysbios_rom_cortexm_cc26xx_CC26xx_checkRevision__E)
                  00008f3c    00000016     driverlib.lib : setup.obj (.text:GetTrimForXoscHfFastStart$41)
                  00008f52    00000016     ICall.obj (.text:ICall_abort$7)
                  00008f68    00000016     ICall.obj (.text:ICall_leaveCSImpl)
                  00008f7e    00000016     ICall.obj (.text:ICall_primStopTimer$7)
                  00008f94    00000016     appBLE_pem3.oem3 (.text:ti_sysbios_BIOS_exitFunc__I)
                  00008faa    00000002     --HOLE-- [fill = 0]
                  00008fac    00000014     board_key.obj (.text:Board_keyChangeHandler$21)
                  00008fc0    00000014     devinfoservice.obj (.text:DevInfo_AddService)
                  00008fd4    00000014     ICallCC2650.obj (.text:ICallPlatform_pwrIsStableXOSCHF)
                  00008fe8    00000014     movedetectorGATTprofile.obj (.text:Movedetector_RegisterAppCBs)
                  00008ffc    00000014     movedetectorSensor.obj (.text:Movedetector_clockHandler$23)
                  00009010    00000014     movedetectorSensor.obj (.text:Movedetector_performPeriodicTask$23)
                  00009024    00000014     PINCC26XX.obj (.text:PINCC26XX_getInputValue$9)
                  00009038    00000014     SPICC26XXDMA.obj (.text:SPICC26XXDMA_init)
                  0000904c    00000014     SPI.obj (.text:SPI_Params_init)
                  00009060    00000014     SPI.obj (.text:SPI_open)
                  00009074    00000014     driverlib.lib : chipinfo.obj (.text:ThisCodeIsBuiltForCC26xxHwRev22AndLater_HaltIfViolated)
                  00009088    00000014     UART.obj (.text:UART_open)
                  0000909c    00000014     UART.obj (.text:UART_write)
                  000090b0    00000014     rtsv7M3_T_le_eabi.lib : _lock.obj (.text)
                  000090c4    00000014                           : strlen.obj (.text)
                  000090d8    00000014     ICallBleAPI.obj (.text:setICallCmdEvtHdr$16)
                  000090ec    00000014     appBLE_pem3.oem3 (.text:ti_sysbios_knl_Clock_doTick__I)
                  00009100    00000012     appBLE_pem3.oem3 (.text:xdc_runtime_Startup_exec__I)
                  00009112    00000002     --HOLE-- [fill = 0]
                  00009114    00000010     alarm.obj (.text:Alarm_SetSetting)
                  00009124    00000010     devinfoservice.obj (.text:DevInfo_SetParameter)
                  00009134    00000010     ICallBleAPI.obj (.text:GAP_EndDiscoverable)
                  00009144    00000010     gattservapp_util.obj (.text:GATTServApp_ReadCharCfg)
                  00009154    00000010     ICallCC2650.obj (.text:ICallPlatform_pwrGetXOSCStartupTime)
                  00009164    00000010     ICall.obj (.text:ICall_primGetTickPeriod$7)
                  00009174    00000010     ICall.obj (.text:ICall_taskEntry$7)
                  00009184    00000010     UARTCC26XX.obj (.text:UARTCC26XX_init)
                  00009194    00000010     util.obj (.text:Util_isActive)
                  000091a4    00000010     UARTCC26XX.obj (.text:uartPostNotify$14)
                  000091b4    00000010     appBLE_pem3.oem3 (.text:xdc_runtime_LoggerCallback_Object__get__S)
                  000091c4    00000010     sysbios.aem3 : mangled__BIOS_lib.obj (.text:xdc_runtime_SysCallback_putch__E)
                  000091d4    00000010                  : mangled__BIOS_lib.obj (.text:xdc_runtime_SysCallback_ready__E)
                  000091e4    0000000e     ICallCC2650.obj (.text:ICallPlatform_pwrGetTransitionState)
                  000091f2    0000000e     ICall.obj (.text:ICall_primDisableMInt$7)
                  00009200    0000000e     ICall.obj (.text:ICall_primEnableMInt$7)
                  0000920e    0000000e     ICall.obj (.text:ICall_primFreeMsg$7)
                  0000921c    0000000e     ICall.obj (.text:ICall_primGetTicks$7)
                  0000922a    0000000e     movedetectorSensor.obj (.text:Movedetector_processStackMsg$23)
                  00009238    0000000e     driverlib.lib : vims.obj (.text:NOROM_VIMSModeGet)
                  00009246    0000000e                   : setup.obj (.text:SignExtendVddrTrimValue$41)
                  00009254    0000000e     rtsv7M3_T_le_eabi.lib : copy_decompress_none.obj (.text:decompress:none)
                  00009262    0000000e     ICallBleAPI.obj (.text:matchGSARegisterServiceCS$16)
                  00009270    0000000e     ICallBleAPI.obj (.text:matchGapLinkEstCS$16)
                  0000927e    0000000e     ICallBleAPI.obj (.text:matchGattSendRspCS$16)
                  0000928c    0000000e     ICallBleAPI.obj (.text:matchLinkDBNumConnsCS$16)
                  0000929a    0000000e     ICallBleAPI.obj (.text:setDispatchCmdEvtHdr$16)
                  000092a8    0000000c     alarm.obj (.text:Alarm_GetSetting)
                  000092b4    0000000c     ICallBleAPI.obj (.text:GAP_MakeDiscoverable)
                  000092c0    0000000c     ICallBleAPI.obj (.text:GAP_TerminateAuth)
                  000092cc    0000000c     ICallBleAPI.obj (.text:GAP_UpdateLinkParamReq)
                  000092d8    0000000c     ICallBleAPI.obj (.text:GGS_SetParameter)
                  000092e4    0000000c     ICall.obj (.text:ICall_clockFunc$7)
                  000092f0    0000000c     ICall.obj (.text:ICall_primDisableInt$7)
                  000092fc    0000000c     ICall.obj (.text:ICall_primEnableInt$7)
                  00009308    0000000c     ICall.obj (.text:ICall_primFree$7)
                  00009314    0000000c     ICall.obj (.text:ICall_primSignal$7)
                  00009320    0000000c     driverlib.lib : cpu.obj (.text:NOROM_CPUcpsid)
                  0000932c    0000000c                   : cpu.obj (.text:NOROM_CPUcpsie)
                  00009338    0000000c     uart_logs.obj (.text:UartLog_doInit)
                  00009344    0000000c     rtsv7M3_T_le_eabi.lib : copy_zero_init.obj (.text:decompress:ZI)
                  00009350    0000000c     ICallBleAPI.obj (.text:matchProfileSetParamCS$16)
                  0000935c    0000000c     SPICC26XXDMA.obj (.text:spiPostNotify$12)
                  00009368    0000000c     sysbios.aem3 : mangled__BIOS_lib.obj (.text:ti_sysbios_BIOS_getThreadType__E)
                  00009374    0000000c                  : mangled__BIOS_lib.obj (.text:ti_sysbios_family_arm_cc26xx_Power_getDependencyCount__E)
                  00009380    0000000c                  : mangled__BIOS_lib.obj (.text:ti_sysbios_family_arm_cc26xx_Power_getTransitionState__E)
                  0000938c    0000000c                  : mangled__BIOS_lib.obj (.text:ti_sysbios_hal_Hwi_Params__init__S)
                  00009398    0000000c     appBLE_pem3.oem3 (.text:xdc_runtime_Startup_reset__I)
                  000093a4    0000000a     ICallCC2650.obj (.text:ICallPlatform_pwrSwitchXOSCHF)
                  000093ae    0000000a     ICall.obj (.text:ICall_primE2S$7)
                  000093b8    0000000a     SPI.obj (.text:SPI_transfer)
                  000093c2    0000000a     sysbios.aem3 : mangled__BIOS_lib.obj (.text:xdc_runtime_LoggerCallback_disable__E)
                  000093cc    0000000a                  : mangled__BIOS_lib.obj (.text:xdc_runtime_LoggerCallback_enable__E)
[...]
1001c265  ti_sysbios_family_arm_m3_TaskSupport_Module__startupDone__S               
1001c269  ti_sysbios_gates_GateHwi_query__E                                         
1001c269  xdc_runtime_System_Module_GateProxy_query__E                              
1001c26d  ti_sysbios_gates_GateMutex_delete                                         
1001c271  ti_sysbios_gates_GateMutex_destruct                                       
1001c275  ti_sysbios_BIOS_RtsGateProxy_query__E                                     
1001c275  ti_sysbios_gates_GateMutex_query__E                                       
1001c275  ti_sysbios_heaps_HeapMem_Module_GateProxy_query__E                        
1001c279  ti_sysbios_hal_Hwi_HwiProxy_Module__startupDone__S                        
1001c27d  ti_sysbios_hal_Hwi_HwiProxy_delete                                        
1001c281  ti_sysbios_hal_Hwi_HwiProxy_disableInterrupt__E                           
1001c281  ti_sysbios_hal_Hwi_disableInterrupt__E                                    
1001c285  ti_sysbios_hal_Hwi_HwiProxy_enableInterrupt__E                            
1001c285  ti_sysbios_hal_Hwi_enableInterrupt__E                                     
1001c289  ti_sysbios_hal_Hwi_HwiProxy_getStackInfo__E                               
1001c289  ti_sysbios_hal_Hwi_getStackInfo__E                                        
1001c28d  ti_sysbios_hal_Hwi_HwiProxy_startup__E                                    
1001c28d  ti_sysbios_hal_Hwi_startup__E                                             
1001c291  ti_sysbios_hal_Hwi_HwiProxy_switchFromBootStack__E                        
1001c295  ti_sysbios_hal_Hwi_delete                                                 
1001c299  ti_sysbios_hal_Hwi_switchFromBootStack__E                                 
1001c29d  ti_sysbios_heaps_HeapMem_Module_GateProxy_enter__E                        
1001c2a1  ti_sysbios_heaps_HeapMem_Module_GateProxy_leave__E                        
1001c2a5  ti_sysbios_heaps_HeapMem_isBlocking__E                                    
1001c2a9  ti_sysbios_knl_Clock_TimerProxy_Module__startupDone__S                    
1001c2ad  ti_sysbios_knl_Clock_TimerProxy_getExpiredTicks__E                        
1001c2b1  ti_sysbios_knl_Clock_TimerProxy_getPeriod__E                              
1001c2b5  ti_sysbios_knl_Clock_delete                                               
1001c2b9  ti_sysbios_knl_Clock_destruct                                             
1001c2bd  ti_sysbios_knl_Clock_removeI__E                                           
1001c2c1  ti_sysbios_knl_Clock_setTimeout__E                                        
1001c2c5  ti_sysbios_knl_Mailbox_delete                                             
1001c2c9  ti_sysbios_knl_Mailbox_destruct                                           
1001c2cd  ti_sysbios_knl_Queue_delete                                               
1001c2d1  ti_sysbios_knl_Queue_destruct                                             
1001c2d5  ti_sysbios_knl_Queue_head__E                                              
1001c2d9  ti_sysbios_knl_Queue_next__E                                              
1001c2dd  ti_sysbios_knl_Semaphore_delete                                           
1001c2e1  ti_sysbios_knl_Semaphore_destruct                                         
1001c2e5  ti_sysbios_knl_Swi_delete                                                 
1001c2e9  ti_sysbios_knl_Swi_destruct                                               
1001c2ed  ti_sysbios_knl_Swi_postInit__I                                            
1001c2f1  ti_sysbios_knl_Task_SupportProxy_Module__startupDone__S                   
1001c2f5  ti_sysbios_knl_Task_SupportProxy_getStackAlignment__E                     
1001c2f9  ti_sysbios_knl_Task_SupportProxy_start__E                                 
1001c2fd  ti_sysbios_knl_Task_SupportProxy_swap__E                                  
1001c301  ti_sysbios_knl_Task_delete                                                
1001c305  ti_sysbios_knl_Task_destruct                                              
1001c309  ti_sysbios_knl_Task_startup__E                                            
1001c30d  xdc_runtime_Startup_startMods__I                                          
1001c405  xdc_runtime_Core_createObject__I                                          
1001c487  xdc_runtime_Error_policySpin__E                                           
1001c489  xdc_runtime_Memory_alloc__E                                               
1001c4f9  xdc_runtime_Core_deleteObject__I                                          
1001c559  xdc_runtime_Startup_exec__E                                               
1001c5a9  xdc_runtime_Assert_raise__I                                               
1001c5f1  xdc_runtime_Core_assignParams__I                                          
1001c639  xdc_runtime_Core_constructObject__I                                       
1001c681  xdc_runtime_System_atexit__E                                              
1001c6b9  xdc_runtime_System_processAtExit__E                                       
1001c6ed  xdc_runtime_Core_assignLabel__I                                           
1001c71d  xdc_runtime_Text_cordText__E                                              
1001c749  xdc_runtime_System_abort__E                                               
1001c769  xdc_runtime_Error_raiseX__E                                               
1001c785  xdc_runtime_Memory_valloc__E                                              
1001c7a1  xdc_runtime_Core_destructObject__I                                        
1001c7b9  xdc_runtime_Error_check__E                                                
1001c7d1  xdc_runtime_System_exit__E                                                
1001c7e9  xdc_runtime_Text_ropeText__E                                              
1001c801  xdc_runtime_Memory_free__E                                                
1001c811  xdc_runtime_SysCallback_abort__E                                          
1001c821  xdc_runtime_SysCallback_exit__E                                           
1001c831  xdc_runtime_Timestamp_SupportProxy_get32__E                               
1001c831  xdc_runtime_Timestamp_get32__E                                            
1001c841  xdc_runtime_Error_init__E                                                 
1001c84d  xdc_runtime_Memory_calloc__E                                              
1001c859  xdc_runtime_Memory_getMaxDefaultTypeAlign__E                              
1001c879  xdc_runtime_Gate_leaveSystem__E                                           
1001c87f  xdc_runtime_System_Module_startup__E                                      
1001c885  xdc_runtime_Gate_enterSystem__E                                           
1001c889  xdc_runtime_Memory_HeapProxy_alloc__E                                     
1001c88d  xdc_runtime_Memory_HeapProxy_free__E                                      
1001c891  xdc_runtime_System_Module_GateProxy_enter__E                              
1001c895  xdc_runtime_System_Module_GateProxy_leave__E                              
1001c899  xdc_runtime_System_abortSpin__E                                           
1001c89b  xdc_runtime_System_exitSpin__E                                            
1001c89d  ti_sysbios_family_arm_m3_Hwi_dispatch__I                                  
1001c96d  ti_sysbios_family_arm_m3_TaskSupport_buildTaskStack                       
1001c9b9  ti_sysbios_family_arm_m3_Hwi_initStacks__E                                
1001ca01  ti_sysbios_family_arm_m3_Hwi_excHandlerAsm__I                             
1001ca21  ti_sysbios_family_xxx_Hwi_switchAndRunFunc                                
1001ca3f  ti_sysbios_family_arm_m3_Hwi_pendSV__I                                    
1001ca57  ti_sysbios_family_arm_m3_Hwi_return                                       
1001ca59  ti_sysbios_family_arm_m3_TaskSupport_glue                                 
1001ca69  ti_sysbios_family_arm_m3_TaskSupport_swap__E                              
1001ca71  ti_sysbios_knl_Task_swapReturn                                            
1001ca9b  ti_sysbios_rom_cortexm_cc26xx_CC26xx_getRevision__E                       
20000000  ti_sysbios_family_arm_m3_Hwi_ramVectors                                   
20000100  ti_sysbios_knl_Task_Module__state__V                                      
20000144  ti_sysbios_family_arm_m3_Hwi_Module__state__V                             
20000178  ti_sysbios_knl_Clock_Module__state__V                                     
200001a4  ti_sysbios_BIOS_Module__state__V                                          
200001c8  ti_sysbios_knl_Swi_Module__state__V                                       
200001e4  ti_sysbios_family_arm_cc26xx_Timer_Module__state__V                       
200001ec  ti_sysbios_family_arm_cc26xx_TimestampProvider_Module__state__V           
200001f0  xdc_runtime_Startup_Module__state__V                                      
200001f8  xdc_runtime_System_Module__state__V                                       
20000200  xdc_runtime_Memory_Module__state__V                                       
20000f90  ti_sysbios_heaps_HeapMem_Instance_State_0_buf__A                          
20001610  ti_sysbios_knl_Task_Instance_State_0_stack__A                             
20001810  spiCC26XXDMAObjects                                                       
20001960  PIN_NumPins                                                               
200019c0  PIN_HandleTable                                                           
20001a3c  uartCC26XXObjects                                                         
20001b0c  ti_sysbios_family_arm_m3_Hwi_dispatchTable                                
20001bd4  UdmaObjects                                                               
20001c24  driverlib_release_0_43243                                                 
20001c28  valueForTest                                                              
20001c2a  ledBlinkCount                                                             
20001c2b  sensorCheckCount                                                          
20001d40  sbpTask                                                                   
20001d90  sbpTaskStack                                                              
20002014  linkDBNumConns                                                            
20002128  gapRoleTask                                                               
20002178  gapRoleTaskStack                                                          
20002380  uartLog_tail                                                              
20002381  uartLog_head                                                              
20002382  uartLog_evBufIsEmpty                                                      
20002384  uartLog_evtNum                                                            
2000238c  uartLog_outBuf                                                            
20002438  uartLog_evBuf                                                             
20002970  ti_sysbios_family_arm_cc26xx_Power_refCount                               
20002983  ti_sysbios_family_arm_cc26xx_Power_constraintCounts                       
20002988  ti_sysbios_family_arm_cc26xx_Power_resourceHandlers                       
20002994  ti_sysbios_family_arm_cc26xx_Timer_Module__root__V                        
2000299c  ti_sysbios_family_arm_m3_Hwi_Module__root__V                              
200029a4  ti_sysbios_family_arm_m3_Hwi_Module_State_0_excActive__A                  
200029a8  ti_sysbios_family_arm_m3_Hwi_Module_State_0_excContext__A                 
200029ac  ti_sysbios_family_arm_m3_Hwi_Module_State_0_excStack__A                   
200029b0  ti_sysbios_gates_GateHwi_Module__root__V                                  
200029b8  ti_sysbios_gates_GateHwi_Object__table__V                                 
200029bc  ti_sysbios_gates_GateMutex_Module__root__V                                
200029c4  ti_sysbios_hal_Hwi_Module__root__V                                        
200029cc  ti_sysbios_heaps_HeapMem_Module__root__V                                  
200029d4  ti_sysbios_heaps_HeapMem_Object__table__V                                 
200029ec  ti_sysbios_knl_Clock_Module__root__V                                      
200029f4  ti_sysbios_knl_Event_Module__root__V                                      
200029fc  ti_sysbios_knl_Mailbox_Module__root__V                                    
20002a04  ti_sysbios_knl_Queue_Module__root__V                                      
20002a0c  ti_sysbios_knl_Semaphore_Module__root__V                                  
20002a14  ti_sysbios_knl_Swi_Module__root__V                                        
20002a1c  ti_sysbios_knl_Task_Module__root__V                                       
20002a24  ti_sysbios_knl_Task_Module_State_0_idleTask__A                            
20002a28  xdc_runtime_LoggerCallback_Module__root__V                                
20002a30  xdc_runtime_LoggerCallback_Object__table__V                               
20002a40  __xdc__init__addr                                                         
20002a44  ICall_dispatcher                                                          
20002a4c  ICall_enterCriticalSection                                                
20002a50  ICall_leaveCriticalSection                                                
20002ad0  ti_sysbios_family_arm_cc26xx_Power_Module__state__V                       
20002b40  rfRegTbl                                                                  
20002b94  TSK_idle                                                                  
20002b94  ti_sysbios_knl_Task_Object__table__V                                      
20002be4  appKeyChangeHandler                                                       
20002be8  hKeyPins                                                                  
20002bec  keyPinsCfg                                                                
20002bf8  keyPins                                                                   
20002c28  ti_sysbios_family_arm_cc26xx_Timer_Object__table__V                       
20002c70  BoardGpioInitTable                                                        
20002ca8  ti_sysbios_gates_GateMutex_Object__table__V                               
20002ce0  ti_sysbios_family_arm_m3_Hwi_Object__table__V                             
20002d10  ti_sysbios_knl_Swi_Module_State_0_readyQ__A                               
20002d40  ti_sysbios_knl_Swi_Object__table__V                                       
20002d70  ti_sysbios_knl_Task_Module_State_0_readyQ__A                              
20002dc4  user0Cfg                                                                  
20002dfc  lastAppOpcodeSent                                                         
20002e00  pfnBMAlloc                                                                
20002e04  pfnBMFree                                                                 
20002e10  _lock                                                                     
20002e14  _unlock                                                                   
20002e18  __TI_cleanup_ptr                                                          
20002e1c  __TI_dtors_ptr                                                            
20002e20  xdc_runtime_Registry_Module__state__V                                     
20002e2c  main_func_sp                                                              
20003fe8  __stack                                                                   
200043e8  __STACK_END                                                               
200043e8  __STACK_TOP                                                               
e000e000  ti_sysbios_family_arm_m3_Hwi_nvic                                         
ffffffff  __binit__                                                                 
ffffffff  __c_args__                                                                
ffffffff  binit                                                                     
UNDEFED   SHT$$INIT_ARRAY$$Base                                                     
UNDEFED   SHT$$INIT_ARRAY$$Limit                                                    
UNDEFED   ti_sysbios_BIOS_RtsGateProxy_Handle__label__S__mangled__                  
UNDEFED   ti_sysbios_BIOS_RtsGateProxy_Object__delete__S__mangled__                 
UNDEFED   ti_sysbios_BIOS_RtsGateProxy_Params__init__S__mangled__                   
UNDEFED   ti_sysbios_BIOS_RtsGateProxy_query__E__mangled__                          
UNDEFED   ti_sysbios_hal_Hwi_HwiProxy_Module__startupDone__S__mangled__             
UNDEFED   ti_sysbios_hal_Hwi_HwiProxy_Object__delete__S__mangled__                  
UNDEFED   ti_sysbios_hal_Hwi_HwiProxy_Params__init__S__mangled__                    
UNDEFED   ti_sysbios_hal_Hwi_HwiProxy_disableInterrupt__E__mangled__                
UNDEFED   ti_sysbios_hal_Hwi_HwiProxy_enableInterrupt__E__mangled__                 
UNDEFED   ti_sysbios_hal_Hwi_HwiProxy_getStackInfo__E__mangled__                    
UNDEFED   ti_sysbios_hal_Hwi_HwiProxy_startup__E__mangled__                         
UNDEFED   ti_sysbios_hal_Hwi_HwiProxy_switchFromBootStack__E__mangled__             
UNDEFED   ti_sysbios_hal_Hwi_disableInterrupt__E__mangled__                         
UNDEFED   ti_sysbios_hal_Hwi_enableInterrupt__E__mangled__                          
UNDEFED   ti_sysbios_hal_Hwi_getStackInfo__E__mangled__                             
UNDEFED   ti_sysbios_hal_Hwi_startup__E__mangled__                                  
UNDEFED   ti_sysbios_hal_Hwi_switchFromBootStack__E__mangled__                      
UNDEFED   ti_sysbios_heaps_HeapMem_Module_GateProxy_Handle__label__S__mangled__     
UNDEFED   ti_sysbios_heaps_HeapMem_Module_GateProxy_Object__delete__S__mangled__    
UNDEFED   ti_sysbios_heaps_HeapMem_Module_GateProxy_Params__init__S__mangled__      
UNDEFED   ti_sysbios_heaps_HeapMem_Module_GateProxy_query__E__mangled__             
UNDEFED   ti_sysbios_knl_Clock_TimerProxy_Module__startupDone__S__mangled__         
UNDEFED   ti_sysbios_knl_Clock_TimerProxy_startup__E__mangled__                     
UNDEFED   ti_sysbios_knl_Task_SupportProxy_Module__startupDone__S__mangled__        
UNDEFED   ti_sysbios_knl_Task_SupportProxy_getStackAlignment__E__mangled__          
UNDEFED   ti_sysbios_knl_Task_SupportProxy_start__E__mangled__                      
UNDEFED   ti_sysbios_knl_Task_SupportProxy_swap__E__mangled__                       
UNDEFED   xdc_runtime_Main_Module_GateProxy_Handle__label__S                        
UNDEFED   xdc_runtime_Main_Module_GateProxy_Object__delete__S                       
UNDEFED   xdc_runtime_Main_Module_GateProxy_query__E                                
UNDEFED   xdc_runtime_Memory_HeapProxy_Handle__label__S__mangled__                  
UNDEFED   xdc_runtime_Memory_HeapProxy_Object__delete__S__mangled__                 
UNDEFED   xdc_runtime_System_Module_GateProxy_Handle__label__S__mangled__           
UNDEFED   xdc_runtime_System_Module_GateProxy_Object__delete__S__mangled__          
UNDEFED   xdc_runtime_System_Module_GateProxy_query__E__mangled__                   
UNDEFED   xdc_runtime_System_SupportProxy_abort__E                                  
UNDEFED   xdc_runtime_System_SupportProxy_exit__E                                   
UNDEFED   xdc_runtime_Timestamp_SupportProxy_get64__E__mangled__                    
UNDEFED   xdc_runtime_Timestamp_SupportProxy_getFreq__E__mangled__                  
UNDEFED   xdc_runtime_Timestamp_get32__E__mangled__                                 
UNDEFED   xdc_runtime_Timestamp_get64__E__mangled__                                 
UNDEFED   xdc_runtime_Timestamp_getFreq__E__mangled__                               

[940 symbols]
