******************************************************************************
                  TI ARM Linker PC v5.2.7                      
******************************************************************************
>> Linked Sun Jun 19 15:00:42 2016

OUTPUT FILE NAME:   <SimpleBLEPeripheral.out>
ENTRY POINT SYMBOL: "ResetISR"  address: 00003bb5


MEMORY CONFIGURATION

         name            origin    length      used     unused   attr    fill
----------------------  --------  ---------  --------  --------  ----  --------
  FLASH                 00000000   00008fff  000064c6  00002b39  R  X
  FLASH_LAST_PAGE       0001f000   00001000  00000058  00000fa8  R  X
  SRAM                  20000000   00002cff  00002919  000003e6  RW X


SEGMENT ALLOCATION MAP

run origin  load origin   length   init length attrs members
----------  ----------- ---------- ----------- ----- -------
00000000    00000000    000064d0   000064d0    r-x
  00000000    00000000    0000003c   0000003c    r-- .resetVecs
  0000003c    0000003c    000000c4   000000c4    r-x .text.1
  00000100    00000100    0000003c   0000003c    r-- .const:ti_sysbios_knl_Task_Object__PARAMS__C
  0000013c    0000013c    00000034   00000034    r-- .const:ti_sysbios_knl_Mailbox_Object__PARAMS__C
  00000170    00000170    00000030   00000030    r-- .const:ti_sysbios_family_arm_m3_Hwi_Object__PARAMS__C
  000001a0    000001a0    0000002c   0000002c    r-- .const:ti_sysbios_hal_Hwi_Object__PARAMS__C
  000001cc    000001cc    00000028   00000028    r-- .const:ti_sysbios_heaps_HeapMem_Module__FXNS__C
  000001f4    000001f4    00000028   00000028    r-- .const:ti_sysbios_knl_Swi_Object__PARAMS__C
  0000021c    0000021c    00000024   00000024    r-- .const:ti_sysbios_gates_GateHwi_Module__FXNS__C
  00000240    00000240    00000024   00000024    r-- .const:ti_sysbios_gates_GateMutex_Module__FXNS__C
  00000264    00000264    00000024   00000024    r-- .const:ti_sysbios_heaps_HeapMem_Object__PARAMS__C
  00000288    00000288    00000024   00000024    r-- .const:ti_sysbios_knl_Clock_Object__PARAMS__C
  000002ac    000002ac    00000024   00000024    r-- .const:ti_sysbios_knl_Semaphore_Object__PARAMS__C
  000002d0    000002d0    00000020   00000020    r-- .const:ti_sysbios_family_arm_m3_Hwi_Object__DESC__C
  000002f0    000002f0    00000020   00000020    r-- .const:ti_sysbios_gates_GateHwi_Object__DESC__C
  00000310    00000310    00000020   00000020    r-- .const:ti_sysbios_gates_GateMutex_Object__DESC__C
  00000330    00000330    00000020   00000020    r-- .const:ti_sysbios_hal_Hwi_Object__DESC__C
  00000350    00000350    00000020   00000020    r-- .const:ti_sysbios_heaps_HeapMem_Object__DESC__C
  00000370    00000370    00000020   00000020    r-- .const:ti_sysbios_knl_Clock_Object__DESC__C
  00000390    00000390    00000020   00000020    r-- .const:ti_sysbios_knl_Mailbox_Object__DESC__C
  000003b0    000003b0    00000020   00000020    r-- .const:ti_sysbios_knl_Queue_Object__DESC__C
  000003d0    000003d0    00000020   00000020    r-- .const:ti_sysbios_knl_Semaphore_Object__DESC__C
  000003f0    000003f0    00000020   00000020    r-- .const:ti_sysbios_knl_Swi_Object__DESC__C
  00000410    00000410    00000020   00000020    r-- .const:ti_sysbios_knl_Task_Object__DESC__C
  00000430    00000430    00000018   00000018    r-- .const:ti_sysbios_gates_GateHwi_Object__PARAMS__C
  00000448    00000448    00000018   00000018    r-- .const:ti_sysbios_gates_GateMutex_Object__PARAMS__C
  00000460    00000460    00000018   00000018    r-- .const:ti_sysbios_knl_Queue_Object__PARAMS__C
  00000478    00000478    00000008   00000008    r-- .const:ti_sysbios_knl_Idle_funcList__C
  00000480    00000480    00000004   00000004    r-x .text.2
  00000484    00000484    00000004   00000004    r-- .const:ti_sysbios_family_arm_cc26xx_Timer_startupNeeded__C
  00000488    00000488    00000004   00000004    r-- .const:ti_sysbios_family_arm_m3_Hwi_E_alreadyDefined__C
  0000048c    0000048c    00000004   00000004    r-- .const:ti_sysbios_family_arm_m3_Hwi_E_hwiLimitExceeded__C
  00000490    00000490    00000004   00000004    r-- .const:ti_sysbios_family_arm_m3_Hwi_NUM_INTERRUPTS__C
  00000494    00000494    00000004   00000004    r-- .const:ti_sysbios_family_arm_m3_Hwi_Object__count__C
  00000498    00000498    00000004   00000004    r-- .const:ti_sysbios_family_arm_m3_Hwi_Object__table__C
  0000049c    0000049c    00000004   00000004    r-- .const:ti_sysbios_family_arm_m3_Hwi_ccr__C
  000004a0    000004a0    00000004   00000004    r-- .const:ti_sysbios_family_arm_m3_Hwi_excHandlerFunc__C
  000004a4    000004a4    00000004   00000004    r-- .const:ti_sysbios_family_arm_m3_Hwi_nullIsrFunc__C
  000004a8    000004a8    00000004   00000004    r-- .const:ti_sysbios_family_arm_m3_Hwi_numSparseInterrupts__C
  000004ac    000004ac    00000004   00000004    r-- .const:ti_sysbios_family_arm_m3_Hwi_priGroup__C
  000004b0    000004b0    00000004   00000004    r-- .const:ti_sysbios_family_arm_m3_TaskSupport_stackAlignment__C
  000004b4    000004b4    00000004   00000004    r-- .const:ti_sysbios_heaps_HeapMem_E_memory__C
  000004b8    000004b8    00000004   00000004    r-- .const:ti_sysbios_heaps_HeapMem_Module__gateObj__C
  000004bc    000004bc    00000004   00000004    r-- .const:ti_sysbios_heaps_HeapMem_Object__count__C
  000004c0    000004c0    00000004   00000004    r-- .const:ti_sysbios_heaps_HeapMem_Object__table__C
  000004c4    000004c4    00000004   00000004    r-- .const:ti_sysbios_heaps_HeapMem_reqAlign__C
  000004c8    000004c8    00000004   00000004    r-- .const:ti_sysbios_knl_Clock_serviceMargin__C
  000004cc    000004cc    00000004   00000004    r-- .const:ti_sysbios_knl_Mailbox_Object__count__C
  000004d0    000004d0    00000004   00000004    r-- .const:ti_sysbios_knl_Mailbox_Object__table__C
  000004d4    000004d4    00000004   00000004    r-- .const:ti_sysbios_knl_Queue_Object__count__C
  000004d8    000004d8    00000004   00000004    r-- .const:ti_sysbios_knl_Queue_Object__table__C
  000004dc    000004dc    00000004   00000004    r-- .const:ti_sysbios_knl_Swi_Object__count__C
  000004e0    000004e0    00000004   00000004    r-- .const:ti_sysbios_knl_Swi_Object__table__C
  000004e4    000004e4    00000004   00000004    r-- .const:ti_sysbios_knl_Swi_numPriorities__C
  000004e8    000004e8    00000004   00000004    r-- .const:ti_sysbios_knl_Task_Object__count__C
  000004ec    000004ec    00000004   00000004    r-- .const:ti_sysbios_knl_Task_Object__table__C
  000004f0    000004f0    00000004   00000004    r-- .const:ti_sysbios_knl_Task_allBlockedFunc__C
  000004f4    000004f4    00000004   00000004    r-- .const:ti_sysbios_knl_Task_defaultStackHeap__C
  000004f8    000004f8    00000004   00000004    r-- .const:ti_sysbios_knl_Task_defaultStackSize__C
  000004fc    000004fc    00000004   00000004    r-- .const:ti_sysbios_knl_Task_numConstructedTasks__C
  00000500    00000500    00000002   00000002    r-x .text.3
  00000502    00000502    00000002   00000002    r-- .const:ti_sysbios_family_arm_cc26xx_Timer_Module__id__C
  00000504    00000504    00000002   00000002    r-- .const:ti_sysbios_family_arm_cc26xx_TimestampProvider_useClockTimer__C
  00000506    00000506    00000002   00000002    r-- .const:ti_sysbios_family_arm_m3_Hwi_Module__id__C
  00000508    00000508    00000002   00000002    r-- .const:ti_sysbios_gates_GateHwi_Module__id__C
  0000050a    0000050a    00000002   00000002    r-- .const:ti_sysbios_gates_GateMutex_Module__id__C
  0000050c    0000050c    00000002   00000002    r-- .const:ti_sysbios_heaps_HeapMem_Module__id__C
  0000050e    0000050e    00000002   00000002    r-- .const:ti_sysbios_knl_Task_initStackFlag__C
  00000510    00000510    00000001   00000001    r-- .const:ti_sysbios_knl_Clock_tickMode__C
  00000514    00000514    00000008   00000008    r-- .const:xdc_runtime_Startup_firstFxns__C
  0000051c    0000051c    00000008   00000008    r-- .const:xdc_runtime_Startup_lastFxns__C
  00000524    00000524    00000004   00000004    r-- .const:xdc_runtime_Assert_E_assertFailed__C
  00000528    00000528    00000004   00000004    r-- .const:xdc_runtime_Error_E_memory__C
  0000052c    0000052c    00000004   00000004    r-- .const:xdc_runtime_Error_policyFxn__C
  00000530    00000530    00000004   00000004    r-- .const:xdc_runtime_IGateProvider_Interface__BASE__C
  00000534    00000534    00000004   00000004    r-- .const:xdc_runtime_IHeap_Interface__BASE__C
  00000538    00000538    00000004   00000004    r-- .const:xdc_runtime_IModule_Interface__BASE__C
  0000053c    0000053c    00000004   00000004    r-- .const:xdc_runtime_Main_Module__diagsEnabled__C
  00000540    00000540    00000004   00000004    r-- .const:xdc_runtime_Main_Module__diagsIncluded__C
  00000544    00000544    00000004   00000004    r-- .const:xdc_runtime_Main_Module__diagsMask__C
  00000548    00000548    00000004   00000004    r-- .const:xdc_runtime_Memory_defaultHeapInstance__C
  0000054c    0000054c    00000004   00000004    r-- .const:xdc_runtime_Startup_execImpl__C
  00000550    00000550    00000004   00000004    r-- .const:xdc_runtime_Startup_maxPasses__C
  00000554    00000554    00000004   00000004    r-- .const:xdc_runtime_Startup_sfxnRts__C
  00000558    00000558    00000004   00000004    r-- .const:xdc_runtime_Startup_sfxnTab__C
  0000055c    0000055c    00000004   00000004    r-- .const:xdc_runtime_Startup_startModsFxn__C
  00000560    00000560    00000004   00000004    r-- .const:xdc_runtime_SysCallback_abortFxn__C
  00000564    00000564    00000004   00000004    r-- .const:xdc_runtime_SysCallback_exitFxn__C
  00000568    00000568    00000004   00000004    r-- .const:xdc_runtime_System_abortFxn__C
  0000056c    0000056c    00000004   00000004    r-- .const:xdc_runtime_System_exitFxn__C
  00000570    00000570    00000004   00000004    r-- .const:xdc_runtime_System_maxAtexitHandlers__C
  00000574    00000574    00000004   00000004    r-- .const:xdc_runtime_Text_charTab__C
  00000578    00000578    00000004   00000004    r-- .const:xdc_runtime_Text_nameEmpty__C
  0000057c    0000057c    00000004   00000004    r-- .const:xdc_runtime_Text_nameStatic__C
  00000580    00000580    00000004   00000004    r-- .const:xdc_runtime_Text_nameUnknown__C
  00000584    00000584    00000002   00000002    r-- .const:xdc_runtime_Main_Module__id__C
  00000586    00000586    00000002   00000002    r-- .const:xdc_runtime_Memory_Module__id__C
  00000588    00000588    00000002   00000002    r-- .const:xdc_runtime_Text_charCnt__C
  0000058a    0000058a    00000002   00000002    r-- .const:xdc_runtime_Text_isLoaded__C
  0000058c    0000058c    00000001   00000001    r-- .const:xdc_runtime_Error_policy__C
  00000590    00000590    00000004   00000004    r-- .const:ti_sysbios_rom_ROM_AONRTCChannelEnable
  00000594    00000594    00000004   00000004    r-- .const:ti_sysbios_rom_ROM_AONRTCCompareValueSet
  00000598    00000598    00000004   00000004    r-- .const:ti_sysbios_rom_ROM_AONRTCCurrentCompareValueGet
  0000059c    0000059c    00000004   00000004    r-- .const:ti_sysbios_rom_ROM_AONRTCEventClear
  000005a0    000005a0    00000004   00000004    r-- .const:ti_sysbios_rom_ROM_ti_sysbios_family_arm_cc26xx_Timer_getCount64__E
  000005a4    000005a4    00000004   00000004    r-- .const:ti_sysbios_rom_ROM_ti_sysbios_family_arm_cc26xx_Timer_getCurrentTick__E
  000005a8    000005a8    00000004   00000004    r-- .const:ti_sysbios_rom_ROM_ti_sysbios_family_arm_cc26xx_Timer_getMaxTicks__E
  000005ac    000005ac    00000004   00000004    r-- .const:ti_sysbios_rom_ROM_ti_sysbios_family_arm_cc26xx_Timer_initDevice__I
  000005b0    000005b0    00000004   00000004    r-- .const:ti_sysbios_rom_ROM_ti_sysbios_family_arm_cc26xx_Timer_setNextTick__E
  000005b4    000005b4    00000004   00000004    r-- .const:ti_sysbios_rom_ROM_ti_sysbios_family_arm_cc26xx_Timer_setThreshold__I
  000005b8    000005b8    00000004   00000004    r-- .const:ti_sysbios_rom_ROM_ti_sysbios_family_arm_cc26xx_Timer_start__E
  000005bc    000005bc    00000004   00000004    r-- .const:ti_sysbios_rom_ROM_ti_sysbios_family_arm_cc26xx_TimestampProvider_get32__E
  000005c0    000005c0    00000004   00000004    r-- .const:ti_sysbios_rom_ROM_xdc_runtime_Startup_getState__I
  000005c4    000005c4    00000004   00000004    r-- .const:ti_sysbios_rom_ROM_xdc_runtime_System_SupportProxy_abort__E
  000005c8    000005c8    00000004   00000004    r-- .const:ti_sysbios_rom_ROM_xdc_runtime_System_SupportProxy_exit__E
  000005cc    000005cc    00000004   00000004    r-- .const:ti_sysbios_gates_GateMutex_Instance_State_sem__O
  000005d0    000005d0    00000004   00000004    r-- .const:ti_sysbios_knl_Clock_Module_State_clockQ__O
  000005d4    000005d4    00000004   00000004    r-- .const:ti_sysbios_knl_Mailbox_Instance_State_dataQue__O
  000005d8    000005d8    00000004   00000004    r-- .const:ti_sysbios_knl_Mailbox_Instance_State_dataSem__O
  000005dc    000005dc    00000004   00000004    r-- .const:ti_sysbios_knl_Mailbox_Instance_State_freeQue__O
  000005e0    000005e0    00000004   00000004    r-- .const:ti_sysbios_knl_Mailbox_Instance_State_freeSem__O
  000005e4    000005e4    00000004   00000004    r-- .const:ti_sysbios_knl_Semaphore_Instance_State_pendQ__O
  000005e8    000005e8    00000004   00000004    r-- .const:ti_sysbios_knl_Task_Module_State_inactiveQ__O
  000005ec    000005ec    00005474   00005474    r-x .text.4
  00005a60    00005a60    00000264   00000264    r-- .const
  00005cc8    00005cc8    00000808   00000808    r-- .cinit
0001ffa8    0001ffa8    00000058   00000058    r--
  0001ffa8    0001ffa8    00000058   00000058    r-- .ccfg
20000000    20000000    000000c8   00000000    rw-
  20000000    20000000    000000c8   00000000    rw- .vecs
20000100    20000100    0000245c   00000000    rw-
  20000100    20000100    00000044   00000000    rw- .data:ti_sysbios_knl_Task_Module__state__V
  20000144    20000144    00000034   00000000    rw- .data:ti_sysbios_family_arm_m3_Hwi_Module__state__V
  20000178    20000178    0000002c   00000000    rw- .data:ti_sysbios_knl_Clock_Module__state__V
  200001a4    200001a4    00000024   00000000    rw- .data:ti_sysbios_BIOS_Module__state__V
  200001c8    200001c8    0000001c   00000000    rw- .data:ti_sysbios_knl_Swi_Module__state__V
  200001e4    200001e4    00000008   00000000    rw- .data:ti_sysbios_family_arm_cc26xx_Timer_Module__state__V
  200001ec    200001ec    00000004   00000000    rw- .data:ti_sysbios_family_arm_cc26xx_TimestampProvider_Module__state__V
  200001f0    200001f0    00000008   00000000    rw- .data:xdc_runtime_Startup_Module__state__V
  200001f8    200001f8    00000008   00000000    rw- .data:xdc_runtime_System_Module__state__V
  20000200    20000200    00000004   00000000    rw- .data:xdc_runtime_Memory_Module__state__V
  20000208    20000208    000014b1   00000000    rw- .bss
  200016c0    200016c0    00000e9c   00000000    rw- .data
200028fc    200028fc    00000400   00000000    rw-
  200028fc    200028fc    00000400   00000000    rw- .stack


SECTION ALLOCATION MAP

 output                                  attributes/
section   page    origin      length       input sections
--------  ----  ----------  ----------   ----------------
.resetVecs 
*          0    00000000    0000003c     
                  00000000    0000003c     appBLE_pem3.oem3 (.resetVecs)

.text.1    0    0000003c    000000c4     
                  0000003c    000000b4     PINCC26XX.obj (.text:PINCC26XX_setIoCfg$10)
                  000000f0    00000008     (.tramp.ti_sysbios_family_arm_m3_Hwi_disableFxn__E.1)
                  000000f8    00000008     (.tramp.ti_sysbios_family_arm_m3_Hwi_restoreFxn__E.1)

.const:ti_sysbios_knl_Task_Object__PARAMS__C 
*          0    00000100    0000003c     
                  00000100    0000003c     appBLE_pem3.oem3 (.const:ti_sysbios_knl_Task_Object__PARAMS__C)

.const:ti_sysbios_knl_Mailbox_Object__PARAMS__C 
*          0    0000013c    00000034     
                  0000013c    00000034     appBLE_pem3.oem3 (.const:ti_sysbios_knl_Mailbox_Object__PARAMS__C)

.const:ti_sysbios_family_arm_m3_Hwi_Object__PARAMS__C 
*          0    00000170    00000030     
                  00000170    00000030     appBLE_pem3.oem3 (.const:ti_sysbios_family_arm_m3_Hwi_Object__PARAMS__C)

.const:ti_sysbios_hal_Hwi_Object__PARAMS__C 
*          0    000001a0    0000002c     
                  000001a0    0000002c     appBLE_pem3.oem3 (.const:ti_sysbios_hal_Hwi_Object__PARAMS__C)

.const:ti_sysbios_heaps_HeapMem_Module__FXNS__C 
*          0    000001cc    00000028     
                  000001cc    00000028     appBLE_pem3.oem3 (.const:ti_sysbios_heaps_HeapMem_Module__FXNS__C)

.const:ti_sysbios_knl_Swi_Object__PARAMS__C 
*          0    000001f4    00000028     
                  000001f4    00000028     appBLE_pem3.oem3 (.const:ti_sysbios_knl_Swi_Object__PARAMS__C)

.const:ti_sysbios_gates_GateHwi_Module__FXNS__C 
*          0    0000021c    00000024     
                  0000021c    00000024     appBLE_pem3.oem3 (.const:ti_sysbios_gates_GateHwi_Module__FXNS__C)

.const:ti_sysbios_gates_GateMutex_Module__FXNS__C 
*          0    00000240    00000024     
                  00000240    00000024     appBLE_pem3.oem3 (.const:ti_sysbios_gates_GateMutex_Module__FXNS__C)

.const:ti_sysbios_heaps_HeapMem_Object__PARAMS__C 
*          0    00000264    00000024     
                  00000264    00000024     appBLE_pem3.oem3 (.const:ti_sysbios_heaps_HeapMem_Object__PARAMS__C)

.const:ti_sysbios_knl_Clock_Object__PARAMS__C 
*          0    00000288    00000024     
                  00000288    00000024     appBLE_pem3.oem3 (.const:ti_sysbios_knl_Clock_Object__PARAMS__C)

.const:ti_sysbios_knl_Semaphore_Object__PARAMS__C 
*          0    000002ac    00000024     
                  000002ac    00000024     appBLE_pem3.oem3 (.const:ti_sysbios_knl_Semaphore_Object__PARAMS__C)

.const:ti_sysbios_family_arm_m3_Hwi_Object__DESC__C 
*          0    000002d0    00000020     
                  000002d0    00000020     appBLE_pem3.oem3 (.const:ti_sysbios_family_arm_m3_Hwi_Object__DESC__C)

.const:ti_sysbios_gates_GateHwi_Object__DESC__C 
*          0    000002f0    00000020     
                  000002f0    00000020     appBLE_pem3.oem3 (.const:ti_sysbios_gates_GateHwi_Object__DESC__C)

.const:ti_sysbios_gates_GateMutex_Object__DESC__C 
*          0    00000310    00000020     
                  00000310    00000020     appBLE_pem3.oem3 (.const:ti_sysbios_gates_GateMutex_Object__DESC__C)

.const:ti_sysbios_hal_Hwi_Object__DESC__C 
*          0    00000330    00000020     
                  00000330    00000020     appBLE_pem3.oem3 (.const:ti_sysbios_hal_Hwi_Object__DESC__C)

.const:ti_sysbios_heaps_HeapMem_Object__DESC__C 
*          0    00000350    00000020     
                  00000350    00000020     appBLE_pem3.oem3 (.const:ti_sysbios_heaps_HeapMem_Object__DESC__C)

.const:ti_sysbios_knl_Clock_Object__DESC__C 
*          0    00000370    00000020     
                  00000370    00000020     appBLE_pem3.oem3 (.const:ti_sysbios_knl_Clock_Object__DESC__C)

.const:ti_sysbios_knl_Mailbox_Object__DESC__C 
*          0    00000390    00000020     
                  00000390    00000020     appBLE_pem3.oem3 (.const:ti_sysbios_knl_Mailbox_Object__DESC__C)

.const:ti_sysbios_knl_Queue_Object__DESC__C 
*          0    000003b0    00000020     
                  000003b0    00000020     appBLE_pem3.oem3 (.const:ti_sysbios_knl_Queue_Object__DESC__C)

.const:ti_sysbios_knl_Semaphore_Object__DESC__C 
*          0    000003d0    00000020     
                  000003d0    00000020     appBLE_pem3.oem3 (.const:ti_sysbios_knl_Semaphore_Object__DESC__C)

.const:ti_sysbios_knl_Swi_Object__DESC__C 
*          0    000003f0    00000020     
                  000003f0    00000020     appBLE_pem3.oem3 (.const:ti_sysbios_knl_Swi_Object__DESC__C)

.const:ti_sysbios_knl_Task_Object__DESC__C 
*          0    00000410    00000020     
                  00000410    00000020     appBLE_pem3.oem3 (.const:ti_sysbios_knl_Task_Object__DESC__C)

.const:ti_sysbios_gates_GateHwi_Object__PARAMS__C 
*          0    00000430    00000018     
                  00000430    00000018     appBLE_pem3.oem3 (.const:ti_sysbios_gates_GateHwi_Object__PARAMS__C)

.const:ti_sysbios_gates_GateMutex_Object__PARAMS__C 
*          0    00000448    00000018     
                  00000448    00000018     appBLE_pem3.oem3 (.const:ti_sysbios_gates_GateMutex_Object__PARAMS__C)

.const:ti_sysbios_knl_Queue_Object__PARAMS__C 
*          0    00000460    00000018     
                  00000460    00000018     appBLE_pem3.oem3 (.const:ti_sysbios_knl_Queue_Object__PARAMS__C)

.const:ti_sysbios_knl_Idle_funcList__C 
*          0    00000478    00000008     
                  00000478    00000008     appBLE_pem3.oem3 (.const:ti_sysbios_knl_Idle_funcList__C)

.text.2    0    00000480    00000004     
                  00000480    00000004     ICallBleAPI.obj (.text:GATTServApp_AddService)

.const:ti_sysbios_family_arm_cc26xx_Timer_startupNeeded__C 
*          0    00000484    00000004     
                  00000484    00000004     appBLE_pem3.oem3 (.const:ti_sysbios_family_arm_cc26xx_Timer_startupNeeded__C)

.const:ti_sysbios_family_arm_m3_Hwi_E_alreadyDefined__C 
*          0    00000488    00000004     
                  00000488    00000004     appBLE_pem3.oem3 (.const:ti_sysbios_family_arm_m3_Hwi_E_alreadyDefined__C)

.const:ti_sysbios_family_arm_m3_Hwi_E_hwiLimitExceeded__C 
*          0    0000048c    00000004     
                  0000048c    00000004     appBLE_pem3.oem3 (.const:ti_sysbios_family_arm_m3_Hwi_E_hwiLimitExceeded__C)

.const:ti_sysbios_family_arm_m3_Hwi_NUM_INTERRUPTS__C 
*          0    00000490    00000004     
                  00000490    00000004     appBLE_pem3.oem3 (.const:ti_sysbios_family_arm_m3_Hwi_NUM_INTERRUPTS__C)

.const:ti_sysbios_family_arm_m3_Hwi_Object__count__C 
*          0    00000494    00000004     
                  00000494    00000004     appBLE_pem3.oem3 (.const:ti_sysbios_family_arm_m3_Hwi_Object__count__C)

.const:ti_sysbios_family_arm_m3_Hwi_Object__table__C 
*          0    00000498    00000004     
                  00000498    00000004     appBLE_pem3.oem3 (.const:ti_sysbios_family_arm_m3_Hwi_Object__table__C)

.const:ti_sysbios_family_arm_m3_Hwi_ccr__C 
*          0    0000049c    00000004     
                  0000049c    00000004     appBLE_pem3.oem3 (.const:ti_sysbios_family_arm_m3_Hwi_ccr__C)

.const:ti_sysbios_family_arm_m3_Hwi_excHandlerFunc__C 
*          0    000004a0    00000004     
                  000004a0    00000004     appBLE_pem3.oem3 (.const:ti_sysbios_family_arm_m3_Hwi_excHandlerFunc__C)

.const:ti_sysbios_family_arm_m3_Hwi_nullIsrFunc__C 
*          0    000004a4    00000004     
                  000004a4    00000004     appBLE_pem3.oem3 (.const:ti_sysbios_family_arm_m3_Hwi_nullIsrFunc__C)

.const:ti_sysbios_family_arm_m3_Hwi_numSparseInterrupts__C 
*          0    000004a8    00000004     
                  000004a8    00000004     appBLE_pem3.oem3 (.const:ti_sysbios_family_arm_m3_Hwi_numSparseInterrupts__C)

.const:ti_sysbios_family_arm_m3_Hwi_priGroup__C 
*          0    000004ac    00000004     
                  000004ac    00000004     appBLE_pem3.oem3 (.const:ti_sysbios_family_arm_m3_Hwi_priGroup__C)

.const:ti_sysbios_family_arm_m3_TaskSupport_stackAlignment__C 
*          0    000004b0    00000004     
                  000004b0    00000004     appBLE_pem3.oem3 (.const:ti_sysbios_family_arm_m3_TaskSupport_stackAlignment__C)

.const:ti_sysbios_heaps_HeapMem_E_memory__C 
*          0    000004b4    00000004     
                  000004b4    00000004     appBLE_pem3.oem3 (.const:ti_sysbios_heaps_HeapMem_E_memory__C)

.const:ti_sysbios_heaps_HeapMem_Module__gateObj__C 
*          0    000004b8    00000004     
                  000004b8    00000004     appBLE_pem3.oem3 (.const:ti_sysbios_heaps_HeapMem_Module__gateObj__C)

.const:ti_sysbios_heaps_HeapMem_Object__count__C 
*          0    000004bc    00000004     
                  000004bc    00000004     appBLE_pem3.oem3 (.const:ti_sysbios_heaps_HeapMem_Object__count__C)

.const:ti_sysbios_heaps_HeapMem_Object__table__C 
*          0    000004c0    00000004     
                  000004c0    00000004     appBLE_pem3.oem3 (.const:ti_sysbios_heaps_HeapMem_Object__table__C)

.const:ti_sysbios_heaps_HeapMem_reqAlign__C 
*          0    000004c4    00000004     
                  000004c4    00000004     appBLE_pem3.oem3 (.const:ti_sysbios_heaps_HeapMem_reqAlign__C)

.const:ti_sysbios_knl_Clock_serviceMargin__C 
*          0    000004c8    00000004     
                  000004c8    00000004     appBLE_pem3.oem3 (.const:ti_sysbios_knl_Clock_serviceMargin__C)

.const:ti_sysbios_knl_Mailbox_Object__count__C 
*          0    000004cc    00000004     
                  000004cc    00000004     appBLE_pem3.oem3 (.const:ti_sysbios_knl_Mailbox_Object__count__C)

.const:ti_sysbios_knl_Mailbox_Object__table__C 
*          0    000004d0    00000004     
                  000004d0    00000004     appBLE_pem3.oem3 (.const:ti_sysbios_knl_Mailbox_Object__table__C)

.const:ti_sysbios_knl_Queue_Object__count__C 
*          0    000004d4    00000004     
                  000004d4    00000004     appBLE_pem3.oem3 (.const:ti_sysbios_knl_Queue_Object__count__C)

.const:ti_sysbios_knl_Queue_Object__table__C 
*          0    000004d8    00000004     
                  000004d8    00000004     appBLE_pem3.oem3 (.const:ti_sysbios_knl_Queue_Object__table__C)

.const:ti_sysbios_knl_Swi_Object__count__C 
*          0    000004dc    00000004     
                  000004dc    00000004     appBLE_pem3.oem3 (.const:ti_sysbios_knl_Swi_Object__count__C)

.const:ti_sysbios_knl_Swi_Object__table__C 
*          0    000004e0    00000004     
                  000004e0    00000004     appBLE_pem3.oem3 (.const:ti_sysbios_knl_Swi_Object__table__C)

.const:ti_sysbios_knl_Swi_numPriorities__C 
*          0    000004e4    00000004     
                  000004e4    00000004     appBLE_pem3.oem3 (.const:ti_sysbios_knl_Swi_numPriorities__C)

.const:ti_sysbios_knl_Task_Object__count__C 
*          0    000004e8    00000004     
                  000004e8    00000004     appBLE_pem3.oem3 (.const:ti_sysbios_knl_Task_Object__count__C)

.const:ti_sysbios_knl_Task_Object__table__C 
*          0    000004ec    00000004     
                  000004ec    00000004     appBLE_pem3.oem3 (.const:ti_sysbios_knl_Task_Object__table__C)

.const:ti_sysbios_knl_Task_allBlockedFunc__C 
*          0    000004f0    00000004     
                  000004f0    00000004     appBLE_pem3.oem3 (.const:ti_sysbios_knl_Task_allBlockedFunc__C)

.const:ti_sysbios_knl_Task_defaultStackHeap__C 
*          0    000004f4    00000004     
                  000004f4    00000004     appBLE_pem3.oem3 (.const:ti_sysbios_knl_Task_defaultStackHeap__C)

.const:ti_sysbios_knl_Task_defaultStackSize__C 
*          0    000004f8    00000004     
                  000004f8    00000004     appBLE_pem3.oem3 (.const:ti_sysbios_knl_Task_defaultStackSize__C)

.const:ti_sysbios_knl_Task_numConstructedTasks__C 
*          0    000004fc    00000004     
                  000004fc    00000004     appBLE_pem3.oem3 (.const:ti_sysbios_knl_Task_numConstructedTasks__C)

.text.3    0    00000500    00000002     
                  00000500    00000002     appBLE_pem3.oem3 (.text:ti_sysbios_BIOS_nullFunc__I)

.const:ti_sysbios_family_arm_cc26xx_Timer_Module__id__C 
*          0    00000502    00000002     
                  00000502    00000002     appBLE_pem3.oem3 (.const:ti_sysbios_family_arm_cc26xx_Timer_Module__id__C)

.const:ti_sysbios_family_arm_cc26xx_TimestampProvider_useClockTimer__C 
*          0    00000504    00000002     
                  00000504    00000002     appBLE_pem3.oem3 (.const:ti_sysbios_family_arm_cc26xx_TimestampProvider_useClockTimer__C)

.const:ti_sysbios_family_arm_m3_Hwi_Module__id__C 
*          0    00000506    00000002     
                  00000506    00000002     appBLE_pem3.oem3 (.const:ti_sysbios_family_arm_m3_Hwi_Module__id__C)

.const:ti_sysbios_gates_GateHwi_Module__id__C 
*          0    00000508    00000002     
                  00000508    00000002     appBLE_pem3.oem3 (.const:ti_sysbios_gates_GateHwi_Module__id__C)

.const:ti_sysbios_gates_GateMutex_Module__id__C 
*          0    0000050a    00000002     
                  0000050a    00000002     appBLE_pem3.oem3 (.const:ti_sysbios_gates_GateMutex_Module__id__C)

.const:ti_sysbios_heaps_HeapMem_Module__id__C 
*          0    0000050c    00000002     
                  0000050c    00000002     appBLE_pem3.oem3 (.const:ti_sysbios_heaps_HeapMem_Module__id__C)

.const:ti_sysbios_knl_Task_initStackFlag__C 
*          0    0000050e    00000002     
                  0000050e    00000002     appBLE_pem3.oem3 (.const:ti_sysbios_knl_Task_initStackFlag__C)

.const:ti_sysbios_knl_Clock_tickMode__C 
*          0    00000510    00000001     
                  00000510    00000001     appBLE_pem3.oem3 (.const:ti_sysbios_knl_Clock_tickMode__C)

.const:xdc_runtime_Startup_firstFxns__C 
*          0    00000514    00000008     
                  00000514    00000008     appBLE_pem3.oem3 (.const:xdc_runtime_Startup_firstFxns__C)

.const:xdc_runtime_Startup_lastFxns__C 
*          0    0000051c    00000008     
                  0000051c    00000008     appBLE_pem3.oem3 (.const:xdc_runtime_Startup_lastFxns__C)

.const:xdc_runtime_Assert_E_assertFailed__C 
*          0    00000524    00000004     
                  00000524    00000004     appBLE_pem3.oem3 (.const:xdc_runtime_Assert_E_assertFailed__C)

.const:xdc_runtime_Error_E_memory__C 
*          0    00000528    00000004     
                  00000528    00000004     appBLE_pem3.oem3 (.const:xdc_runtime_Error_E_memory__C)

.const:xdc_runtime_Error_policyFxn__C 
*          0    0000052c    00000004     
                  0000052c    00000004     appBLE_pem3.oem3 (.const:xdc_runtime_Error_policyFxn__C)

.const:xdc_runtime_IGateProvider_Interface__BASE__C 
*          0    00000530    00000004     
                  00000530    00000004     appBLE_pem3.oem3 (.const:xdc_runtime_IGateProvider_Interface__BASE__C)

.const:xdc_runtime_IHeap_Interface__BASE__C 
*          0    00000534    00000004     
                  00000534    00000004     appBLE_pem3.oem3 (.const:xdc_runtime_IHeap_Interface__BASE__C)

.const:xdc_runtime_IModule_Interface__BASE__C 
*          0    00000538    00000004     
                  00000538    00000004     appBLE_pem3.oem3 (.const:xdc_runtime_IModule_Interface__BASE__C)

.const:xdc_runtime_Main_Module__diagsEnabled__C 
*          0    0000053c    00000004     
                  0000053c    00000004     appBLE_pem3.oem3 (.const:xdc_runtime_Main_Module__diagsEnabled__C)

.const:xdc_runtime_Main_Module__diagsIncluded__C 
*          0    00000540    00000004     
                  00000540    00000004     appBLE_pem3.oem3 (.const:xdc_runtime_Main_Module__diagsIncluded__C)

.const:xdc_runtime_Main_Module__diagsMask__C 
*          0    00000544    00000004     
                  00000544    00000004     appBLE_pem3.oem3 (.const:xdc_runtime_Main_Module__diagsMask__C)

.const:xdc_runtime_Memory_defaultHeapInstance__C 
*          0    00000548    00000004     
                  00000548    00000004     appBLE_pem3.oem3 (.const:xdc_runtime_Memory_defaultHeapInstance__C)

.const:xdc_runtime_Startup_execImpl__C 
*          0    0000054c    00000004     
                  0000054c    00000004     appBLE_pem3.oem3 (.const:xdc_runtime_Startup_execImpl__C)

.const:xdc_runtime_Startup_maxPasses__C 
*          0    00000550    00000004     
                  00000550    00000004     appBLE_pem3.oem3 (.const:xdc_runtime_Startup_maxPasses__C)

.const:xdc_runtime_Startup_sfxnRts__C 
*          0    00000554    00000004     
                  00000554    00000004     appBLE_pem3.oem3 (.const:xdc_runtime_Startup_sfxnRts__C)

.const:xdc_runtime_Startup_sfxnTab__C 
*          0    00000558    00000004     
                  00000558    00000004     appBLE_pem3.oem3 (.const:xdc_runtime_Startup_sfxnTab__C)

.const:xdc_runtime_Startup_startModsFxn__C 
*          0    0000055c    00000004     
                  0000055c    00000004     appBLE_pem3.oem3 (.const:xdc_runtime_Startup_startModsFxn__C)

.const:xdc_runtime_SysCallback_abortFxn__C 
*          0    00000560    00000004     
                  00000560    00000004     appBLE_pem3.oem3 (.const:xdc_runtime_SysCallback_abortFxn__C)

.const:xdc_runtime_SysCallback_exitFxn__C 
*          0    00000564    00000004     
                  00000564    00000004     appBLE_pem3.oem3 (.const:xdc_runtime_SysCallback_exitFxn__C)

.const:xdc_runtime_System_abortFxn__C 
*          0    00000568    00000004     
                  00000568    00000004     appBLE_pem3.oem3 (.const:xdc_runtime_System_abortFxn__C)

.const:xdc_runtime_System_exitFxn__C 
*          0    0000056c    00000004     
                  0000056c    00000004     appBLE_pem3.oem3 (.const:xdc_runtime_System_exitFxn__C)

.const:xdc_runtime_System_maxAtexitHandlers__C 
*          0    00000570    00000004     
                  00000570    00000004     appBLE_pem3.oem3 (.const:xdc_runtime_System_maxAtexitHandlers__C)

.const:xdc_runtime_Text_charTab__C 
*          0    00000574    00000004     
                  00000574    00000004     appBLE_pem3.oem3 (.const:xdc_runtime_Text_charTab__C)

.const:xdc_runtime_Text_nameEmpty__C 
*          0    00000578    00000004     
                  00000578    00000004     appBLE_pem3.oem3 (.const:xdc_runtime_Text_nameEmpty__C)

.const:xdc_runtime_Text_nameStatic__C 
*          0    0000057c    00000004     
                  0000057c    00000004     appBLE_pem3.oem3 (.const:xdc_runtime_Text_nameStatic__C)

.const:xdc_runtime_Text_nameUnknown__C 
*          0    00000580    00000004     
                  00000580    00000004     appBLE_pem3.oem3 (.const:xdc_runtime_Text_nameUnknown__C)

.const:xdc_runtime_Main_Module__id__C 
*          0    00000584    00000002     
                  00000584    00000002     appBLE_pem3.oem3 (.const:xdc_runtime_Main_Module__id__C)

.const:xdc_runtime_Memory_Module__id__C 
*          0    00000586    00000002     
                  00000586    00000002     appBLE_pem3.oem3 (.const:xdc_runtime_Memory_Module__id__C)

.const:xdc_runtime_Text_charCnt__C 
*          0    00000588    00000002     
                  00000588    00000002     appBLE_pem3.oem3 (.const:xdc_runtime_Text_charCnt__C)

.const:xdc_runtime_Text_isLoaded__C 
*          0    0000058a    00000002     
                  0000058a    00000002     appBLE_pem3.oem3 (.const:xdc_runtime_Text_isLoaded__C)

.const:xdc_runtime_Error_policy__C 
*          0    0000058c    00000001     
                  0000058c    00000001     appBLE_pem3.oem3 (.const:xdc_runtime_Error_policy__C)

.const:ti_sysbios_rom_ROM_AONRTCChannelEnable 
*          0    00000590    00000004     
                  00000590    00000004     appBLE_pem3.oem3 (.const:ti_sysbios_rom_ROM_AONRTCChannelEnable)

.const:ti_sysbios_rom_ROM_AONRTCCompareValueSet 
*          0    00000594    00000004     
                  00000594    00000004     appBLE_pem3.oem3 (.const:ti_sysbios_rom_ROM_AONRTCCompareValueSet)

.const:ti_sysbios_rom_ROM_AONRTCCurrentCompareValueGet 
*          0    00000598    00000004     
                  00000598    00000004     appBLE_pem3.oem3 (.const:ti_sysbios_rom_ROM_AONRTCCurrentCompareValueGet)

.const:ti_sysbios_rom_ROM_AONRTCEventClear 
*          0    0000059c    00000004     
                  0000059c    00000004     appBLE_pem3.oem3 (.const:ti_sysbios_rom_ROM_AONRTCEventClear)

.const:ti_sysbios_rom_ROM_ti_sysbios_family_arm_cc26xx_Timer_getCount64__E 
*          0    000005a0    00000004     
                  000005a0    00000004     appBLE_pem3.oem3 (.const:ti_sysbios_rom_ROM_ti_sysbios_family_arm_cc26xx_Timer_getCount64__E)

.const:ti_sysbios_rom_ROM_ti_sysbios_family_arm_cc26xx_Timer_getCurrentTick__E 
*          0    000005a4    00000004     
                  000005a4    00000004     appBLE_pem3.oem3 (.const:ti_sysbios_rom_ROM_ti_sysbios_family_arm_cc26xx_Timer_getCurrentTick__E)

.const:ti_sysbios_rom_ROM_ti_sysbios_family_arm_cc26xx_Timer_getMaxTicks__E 
*          0    000005a8    00000004     
                  000005a8    00000004     appBLE_pem3.oem3 (.const:ti_sysbios_rom_ROM_ti_sysbios_family_arm_cc26xx_Timer_getMaxTicks__E)

.const:ti_sysbios_rom_ROM_ti_sysbios_family_arm_cc26xx_Timer_initDevice__I 
*          0    000005ac    00000004     
                  000005ac    00000004     appBLE_pem3.oem3 (.const:ti_sysbios_rom_ROM_ti_sysbios_family_arm_cc26xx_Timer_initDevice__I)

.const:ti_sysbios_rom_ROM_ti_sysbios_family_arm_cc26xx_Timer_setNextTick__E 
*          0    000005b0    00000004     
                  000005b0    00000004     appBLE_pem3.oem3 (.const:ti_sysbios_rom_ROM_ti_sysbios_family_arm_cc26xx_Timer_setNextTick__E)

.const:ti_sysbios_rom_ROM_ti_sysbios_family_arm_cc26xx_Timer_setThreshold__I 
*          0    000005b4    00000004     
                  000005b4    00000004     appBLE_pem3.oem3 (.const:ti_sysbios_rom_ROM_ti_sysbios_family_arm_cc26xx_Timer_setThreshold__I)

.const:ti_sysbios_rom_ROM_ti_sysbios_family_arm_cc26xx_Timer_start__E 
*          0    000005b8    00000004     
                  000005b8    00000004     appBLE_pem3.oem3 (.const:ti_sysbios_rom_ROM_ti_sysbios_family_arm_cc26xx_Timer_start__E)

.const:ti_sysbios_rom_ROM_ti_sysbios_family_arm_cc26xx_TimestampProvider_get32__E 
*          0    000005bc    00000004     
                  000005bc    00000004     appBLE_pem3.oem3 (.const:ti_sysbios_rom_ROM_ti_sysbios_family_arm_cc26xx_TimestampProvider_get32__E)

.const:ti_sysbios_rom_ROM_xdc_runtime_Startup_getState__I 
*          0    000005c0    00000004     
                  000005c0    00000004     appBLE_pem3.oem3 (.const:ti_sysbios_rom_ROM_xdc_runtime_Startup_getState__I)

.const:ti_sysbios_rom_ROM_xdc_runtime_System_SupportProxy_abort__E 
*          0    000005c4    00000004     
                  000005c4    00000004     appBLE_pem3.oem3 (.const:ti_sysbios_rom_ROM_xdc_runtime_System_SupportProxy_abort__E)

.const:ti_sysbios_rom_ROM_xdc_runtime_System_SupportProxy_exit__E 
*          0    000005c8    00000004     
                  000005c8    00000004     appBLE_pem3.oem3 (.const:ti_sysbios_rom_ROM_xdc_runtime_System_SupportProxy_exit__E)

.const:ti_sysbios_gates_GateMutex_Instance_State_sem__O 
*          0    000005cc    00000004     
                  000005cc    00000004     appBLE_pem3.oem3 (.const:ti_sysbios_gates_GateMutex_Instance_State_sem__O)

.const:ti_sysbios_knl_Clock_Module_State_clockQ__O 
*          0    000005d0    00000004     
                  000005d0    00000004     appBLE_pem3.oem3 (.const:ti_sysbios_knl_Clock_Module_State_clockQ__O)

.const:ti_sysbios_knl_Mailbox_Instance_State_dataQue__O 
*          0    000005d4    00000004     
                  000005d4    00000004     appBLE_pem3.oem3 (.const:ti_sysbios_knl_Mailbox_Instance_State_dataQue__O)

.const:ti_sysbios_knl_Mailbox_Instance_State_dataSem__O 
*          0    000005d8    00000004     
                  000005d8    00000004     appBLE_pem3.oem3 (.const:ti_sysbios_knl_Mailbox_Instance_State_dataSem__O)

.const:ti_sysbios_knl_Mailbox_Instance_State_freeQue__O 
*          0    000005dc    00000004     
                  000005dc    00000004     appBLE_pem3.oem3 (.const:ti_sysbios_knl_Mailbox_Instance_State_freeQue__O)

.const:ti_sysbios_knl_Mailbox_Instance_State_freeSem__O 
*          0    000005e0    00000004     
                  000005e0    00000004     appBLE_pem3.oem3 (.const:ti_sysbios_knl_Mailbox_Instance_State_freeSem__O)

.const:ti_sysbios_knl_Semaphore_Instance_State_pendQ__O 
*          0    000005e4    00000004     
                  000005e4    00000004     appBLE_pem3.oem3 (.const:ti_sysbios_knl_Semaphore_Instance_State_pendQ__O)

.const:ti_sysbios_knl_Task_Module_State_inactiveQ__O 
*          0    000005e8    00000004     
                  000005e8    00000004     appBLE_pem3.oem3 (.const:ti_sysbios_knl_Task_Module_State_inactiveQ__O)

.text.4    0    000005ec    00005474     
                  000005ec    00000376     driverlib.lib : setup.obj (.text:HapiTrimDeviceShutDown$34)
                  00000962    00000002     sysbios.aem3 : mangled__BIOS_lib.obj (.text:ti_sysbios_family_arm_cc26xx_Power_defaultClockFunc__E)
                  00000964    0000034c                  : mangled__BIOS_lib.obj (.text:ti_sysbios_family_arm_cc26xx_Power_auxISR__E)
                  00000cb0    000002f8                  : mangled__BIOS_lib.obj (.text:ti_sysbios_family_arm_cc26xx_Power_sleep__E)
                  00000fa8    00000228     peripheral.obj (.text:gapRole_processGAPMsg$6)
                  000011d0    00000224     peripheral.obj (.text:GAPRole_SetParameter)
                  000013f4    000001f4     rtsv7M3_T_le_eabi.lib : ull_div_t2.obj (.text)
                  000015e8    000001dc     simpleBLEPeripheral.obj (.text:SimpleBLEPeripheral_init$17)
                  000017c4    000001c6     driverlib.lib : sys_ctrl.obj (.text:SysCtrlSetRechargeBeforePowerDown)
                  0000198a    00000002     sysbios.aem3 : mangled__BIOS_lib.obj (.text:ti_sysbios_family_arm_cc26xx_Power_defaultNotifyTrapFunc__E)
                  0000198c    00000188     PINCC26XX.obj (.text:PIN_init)
                  00001b14    00000124     peripheral.obj (.text:GAPRole_GetParameter)
                  00001c38    00000104     sysbios.aem3 : mangled__BIOS_lib.obj (.text:calibrateRcoscHf1$28)
                  00001d3c    000000f8                  : mangled__BIOS_lib.obj (.text:ti_sysbios_family_arm_cc26xx_Power_startFirstMeasurement__E)
                  00001e34    000000f6     driverlib.lib : setup.obj (.text:GetTrimForAnabypassValue1$34)
                  00001f2a    00000002     appBLE_pem3.oem3 (.text:ti_sysbios_rom_cortexm_cc26xx_CC26xx_badRomRevision__E)
                  00001f2c    000000f4     peripheral.obj (.text:gapRole_taskFxn$6)
                  00002020    000000f0     sysbios.aem3 : mangled__BIOS_lib.obj (.text:ti_sysbios_family_arm_cc26xx_Power_standbyPolicy__E)
                  00002110    000000ec     ICall.obj (.text:ICall_primWaitMatch$8)
                  000021fc    000000d8     sysbios.aem3 : mangled__BIOS_lib.obj (.text:ti_sysbios_family_arm_cc26xx_Power_setDependency__E)
                  000022d4    000000d0                  : mangled__BIOS_lib.obj (.text:ti_sysbios_family_arm_cc26xx_Power_releaseDependency__E)
                  000023a4    000000b4     driverlib.lib : setup.obj (.text:trimDevice)
                  00002458    000000b0     devinfoservice.obj (.text:devInfo_ReadAttrCB$3)
                  00002508    000000b0     sysbios.aem3 : mangled__BIOS_lib.obj (.text:ti_sysbios_knl_Clock_workFuncDynamic__E)
                  000025b8    000000a4                  : mangled__BIOS_lib.obj (.text:ti_sysbios_family_arm_cc26xx_Power_initiateCalibration__E)
                  0000265c    000000a0     auto_init.aem3 : auto_init.oem3 (.text)
                  000026fc    000000a0     peripheral.obj (.text:gapRole_init$6)
                  0000279c    0000009c     rtsv7M3_T_le_eabi.lib : memcpy_t2.obj (.text)
                  00002838    00000098     simpleBLEPeripheral.obj (.text:SimpleBLEPeripheral_taskFxn$17)
                  000028d0    00000094     driverlib.lib : osc.obj (.text:OSCHF_GetStartupTime)
                  00002964    00000094     simpleGATTprofile.obj (.text:simpleProfile_WriteAttrCB$7)
                  000029f8    0000008c     sysbios.aem3 : mangled__BIOS_lib.obj (.text:ti_sysbios_family_arm_cc26xx_Power_LF_clockFunc__E)
                  00002a84    0000008c                  : mangled__BIOS_lib.obj (.text:ti_sysbios_family_arm_cc26xx_Power_Module_startup__E)
                  00002b10    00000088     simpleBLEPeripheral.obj (.text:SimpleBLEPeripheral_processStateChangeEvt$17)
                  00002b98    00000088     sysbios.aem3 : mangled__BIOS_lib.obj (.text:ti_sysbios_family_arm_cc26xx_Timer_start__E)
                  00002c20    00000084     driverlib.lib : setup.obj (.text:GetTrimForAmpcompCtrl$34)
                  00002ca4    00000084     ICall.obj (.text:ICall_heapMalloc)
                  00002d28    00000084     ICall.obj (.text:ICall_primSetTimer$8)
                  00002dac    0000007c     ICall.obj (.text:ICall_createRemoteTasks)
                  00002e28    0000007a     rtsv7M3_T_le_eabi.lib : memset_t2.obj (.text)
                  00002ea2    00000002     sysbios.aem3 : mangled__BIOS_lib.obj (.text:xdc_runtime_SysCallback_defaultAbort)
                  00002ea4    00000074     ICall.obj (.text:ICall_primSend$8)
                  00002f18    00000072     driverlib.lib : chipinfo.obj (.text:ChipInfo_GetHwRevision)
                  00002f8a    00000002     sysbios.aem3 : mangled__BIOS_lib.obj (.text:xdc_runtime_SysCallback_defaultExit)
                  00002f8c    00000070     peripheral.obj (.text:gapRole_startConnUpdate$6)
                  00002ffc    0000006c     ICallCC2650.obj (.text:ICallPlatform_pwrUpdActivityCounter)
                  00003068    0000006c     driverlib.lib : sys_ctrl.obj (.text:SysCtrl_DCDC_VoltageConditionalControl)
                  000030d4    0000006a     rtsv7M3_T_le_eabi.lib : copy_decompress_rle.obj (.text)
                  0000313e    00000066     gattservapp_util.obj (.text:gattServApp_SendNotiInd$5)
                  000031a4    00000066     simpleGATTprofile.obj (.text:simpleProfile_ReadAttrCB$7)
                  0000320a    00000002     --HOLE-- [fill = 0]
                  0000320c    00000064     gattservapp_util.obj (.text:GATTServApp_ProcessCharCfg)
                  00003270    00000064     driverlib.lib : osc.obj (.text:OSCHF_AttemptToSwitchToXosc)
                  000032d4    00000062                   : sys_ctrl.obj (.text:SysCtrlAdjustRechargeAfterPowerDown)
                  00003336    00000002     --HOLE-- [fill = 0]
                  00003338    00000060     appBLE_pem3.oem3 (.text:ti_sysbios_family_arm_cc26xx_Power_XOSC_HF_clockFunc__E)
                  00003398    00000060     sysbios.aem3 : mangled__BIOS_lib.obj (.text:ti_sysbios_family_arm_cc26xx_Timer_setNextTick__E)
                  000033f8    0000005c     simpleGATTprofile.obj (.text:SimpleProfile_SetParameter)
                  00003454    0000005c     appBLE_pem3.oem3 (.text:xdc_runtime_Startup_getState__I)
                  000034b0    0000005a     driverlib.lib : ddi.obj (.text:NOROM_DDI16BitfieldWrite)
                  0000350a    00000002     --HOLE-- [fill = 0]
                  0000350c    00000058     ICall.obj (.text:ICall_primEnroll$8)
                  00003564    00000058     sysbios.aem3 : mangled__BIOS_lib.obj (.text:ti_sysbios_family_arm_cc26xx_Power_notify__I)
                  000035bc    00000054     ICallCC2650.obj (.text:ICallPlatform_pwrRegisterNotify)
                  00003610    00000054     ICall.obj (.text:ICall_primThreadServes$8)
                  00003664    00000052     ICall.obj (.text:ICall_primWait$8)
                  000036b6    00000052     driverlib.lib : osc.obj (.text:NOROM_OSCClockSourceSet)
                  00003708    00000050     ICallBleAPI.obj (.text:GAP_DeviceInit)
                  00003758    00000050     ICallBleAPI.obj (.text:GAP_UpdateAdvertisingData)
                  000037a8    00000050     ICall.obj (.text:ICall_primGetEntityId$8)
                  000037f8    00000050     ICall.obj (.text:ICall_primRegisterApp$8)
                  00003848    0000004c     peripheral.obj (.text:GAPRole_SendUpdateParam)
                  00003894    0000004c     ICall.obj (.text:ICall_newTask$8)
                  000038e0    0000004c     peripheral.obj (.text:gapRole_processStackMsg$6)
                  0000392c    0000004c     rtsv7M3_T_le_eabi.lib : cpy_tbl.obj (.text)
                  00003978    0000004a     gattservapp_util.obj (.text:GATTServApp_ProcessCCCWriteReq)
                  000039c2    00000002     --HOLE-- [fill = 0]
                  000039c4    00000048     PINCC26XX.obj (.text:PIN_Isr$10)
                  00003a0c    00000048     util.obj (.text:Util_constructClock)
                  00003a54    00000048     ICallBleAPI.obj (.text:gapSendParamAndPtrCmd$15)
                  00003a9c    00000048     ICallBleAPI.obj (.text:gattIndNoti$15)
                  00003ae4    00000046     driverlib.lib : ddi.obj (.text:NOROM_DDI16BitfieldRead)
                  00003b2a    00000002     --HOLE-- [fill = 0]
                  00003b2c    00000044     ICallBleAPI.obj (.text:GAP_TerminateLinkReq)
                  00003b70    00000044     simpleGATTprofile.obj (.text:SimpleProfile_GetParameter)
                  00003bb4    00000044     boot.aem3 : boot.oem3 (.text)
                  00003bf8    00000044     rtsv7M3_T_le_eabi.lib : exit.obj (.text)
                  00003c3c    00000044     sysbios.aem3 : mangled__BIOS_lib.obj (.text:ti_sysbios_family_arm_cc26xx_Timer_initDevice__I)
                  00003c80    00000042     ICall.obj (.text:ICall_primCreateSemaphore$8)
                  00003cc2    00000042     ICall.obj (.text:ICall_primCreateTask$8)
                  00003d04    00000040     peripheral.obj (.text:GAPRole_createTask)
                  00003d44    00000040     ICallBleAPI.obj (.text:GATT_SendRsp)
                  00003d84    00000040     driverlib.lib : osc.obj (.text:NOROM_OSCInterfaceEnable)
                  00003dc4    00000040     appBLE_pem3.oem3 (.text:ti_sysbios_family_arm_cc26xx_Power_XOSC_HF)
                  00003e04    00000040     sysbios.aem3 : mangled__BIOS_lib.obj (.text:ti_sysbios_family_arm_cc26xx_Power_isStableXOSC_HF__E)
                  00003e44    00000040                  : mangled__BIOS_lib.obj (.text:ti_sysbios_family_arm_cc26xx_Timer_getCurrentTick__E)
                  00003e84    0000003e     ICallBleAPI.obj (.text:hciSendParamsCmd$15)
                  00003ec2    00000002     --HOLE-- [fill = 0]
                  00003ec4    0000003c     ICallBleAPI.obj (.text:GAP_GetParamValue)
                  00003f00    0000003c     ICallBleAPI.obj (.text:GATTServApp_RegisterService)
                  00003f3c    0000003c     ICallCC2650.obj (.text:ICallPlatform_pwrConfigACAction)
                  00003f78    0000003c     simpleBLEPeripheral.obj (.text:SimpleBLEPeripheral_createTask)
                  00003fb4    0000003c     ICallBleAPI.obj (.text:profileSetParameter$15)
                  00003ff0    0000003c     ICallBleAPI.obj (.text:sendWaitMatchCS$15)
                  0000402c    0000003c     ICallBleAPI.obj (.text:sendWaitMatchValueCS$15)
                  00004068    0000003c     sysbios.aem3 : mangled__BIOS_lib.obj (.text:ti_sysbios_family_arm_cc26xx_Power_releaseConstraint__E)
                  000040a4    00000038     ICallBleAPI.obj (.text:GAPBondMgr_LinkEst)
                  000040dc    00000038     ICall.obj (.text:ICall_primGetMaxMSecs$8)
                  00004114    00000038     simpleBLEPeripheral.obj (.text:SimpleBLEPeripheral_sendAttRsp$17)
                  0000414c    00000038     util.obj (.text:Util_restartClock)
                  00004184    00000038     ICallBleAPI.obj (.text:linkDB_NumConns)
                  000041bc    00000038     sysbios.aem3 : mangled__BIOS_lib.obj (.text:ti_sysbios_family_arm_cc26xx_Power_setConstraint__E)
                  000041f4    00000038                  : mangled__BIOS_lib.obj (.text:ti_sysbios_family_arm_cc26xx_Timer_setThreshold__I)
                  0000422c    00000036     ICallCC2650.obj (.text:ICallPlatform_pwrDispenseImpl$9)
                  00004262    00000036     ICallCC2650.obj (.text:ICallPlatform_pwrRequireImpl$9)
                  00004298    00000036     ICall.obj (.text:ICall_primWaitSemaphore$8)
                  000042ce    00000034     driverlib.lib : chipinfo.obj (.text:ChipInfo_GetChipFamily)
                  00004302    00000002     --HOLE-- [fill = 0]
                  00004304    00000034     ICallBleAPI.obj (.text:GAPBondMgr_SetParameter)
                  00004338    00000034     ICallBleAPI.obj (.text:GAP_SetParamValue)
                  0000436c    00000034     ICall.obj (.text:ICall_primEntityId2ServiceId$8)
                  000043a0    00000034     ICall.obj (.text:ICall_primFetchMsg$8)
                  000043d4    00000034     ICall.obj (.text:ICall_primRegisterISR$8)
                  00004408    00000034     ICall.obj (.text:ICall_primRegisterISR_Ext$8)
                  0000443c    00000034     ICall.obj (.text:ICall_searchServiceEntity$8)
                  00004470    00000034     driverlib.lib : setup.obj (.text:SetAonRtcSubSecInc$34)
                  000044a4    00000034     simpleBLEPeripheral.obj (.text:SimpleBLEPeripheral_processGATTMsg$17)
                  000044d8    00000034     ICallBleAPI.obj (.text:osal_snv_read)
                  0000450c    00000034     ICallBleAPI.obj (.text:osal_snv_write)
                  00004540    00000034     ICallBleAPI.obj (.text:profileAddService$15)
                  00004574    00000034     ICallBleAPI.obj (.text:registerTask$15)
                  000045a8    00000032     driverlib.lib : osc.obj (.text:OSCHF_SwitchToRcOscTurnOffXosc)
                  000045da    00000032     ICallBleAPI.obj (.text:gapSendParamsCmd$15)
                  0000460c    00000032     ICallBleAPI.obj (.text:gapSendPtrParamsCmd$15)
                  0000463e    00000032     ICallBleAPI.obj (.text:matchGapSetGetParamCS$15)
                  00004670    00000032     ICallBleAPI.obj (.text:matchGattCmdStatus$15)
                  000046a2    00000032     ICallBleAPI.obj (.text:matchUtilNvCS$15)
                  000046d4    00000030     ICallCC2650.obj (.text:ICallPlatform_pwrNotify$9)
                  00004704    00000030     ICall.obj (.text:ICall_heapInit)
                  00004734    00000030     ICall.obj (.text:ICall_msecs2Ticks$8)
                  00004764    00000030     appBLE_pem3.oem3 (.text:ti_sysbios_BIOS_atExitFunc__I)
                  00004794    00000030     sysbios.aem3 : mangled__BIOS_lib.obj (.text:ti_sysbios_family_arm_cc26xx_Power_registerNotify__E)
                  000047c4    00000030                  : mangled__BIOS_lib.obj (.text:ti_sysbios_family_arm_cc26xx_Power_switchXOSC_HF__E)
                  000047f4    0000002e     driverlib.lib : setup.obj (.text:GetTrimForRadcExtCfg$34)
                  00004822    0000002e     simpleBLEPeripheral.obj (.text:ICall_fetchServiceMsg$17)
                  00004850    0000002e     peripheral.obj (.text:ICall_fetchServiceMsg$6)
                  0000487e    0000002e     ICall.obj (.text:ICall_msgDequeue$8)
                  000048ac    0000002e     ICallBleAPI.obj (.text:matchProfileAddServiceCS$15)
                  000048da    0000002c     driverlib.lib : aon_batmon.obj (.text:AONBatMonTemperatureGetDegC)
                  00004906    00000002     --HOLE-- [fill = 0]
                  00004908    0000002c     ICallBleAPI.obj (.text:GAPBondMgr_Register)
                  00004934    0000002c     ICallBleAPI.obj (.text:HCI_EXT_ConnEventNoticeCmd)
                  00004960    0000002c     ICall.obj (.text:ICall_heapFree)
                  0000498c    0000002c     simpleGATTprofile.obj (.text:ICall_malloc$7)
                  000049b8    0000002c     ICall.obj (.text:ICall_msgEnqueue$8)
                  000049e4    0000002c     ICall.obj (.text:ICall_primAllocMsg$8)
                  00004a10    0000002c     ICall.obj (.text:ICall_primFetchServiceMsg$8)
                  00004a3c    0000002c     ICall.obj (.text:ICall_searchTask$8)
                  00004a68    0000002c     ICallBleAPI.obj (.text:ICall_sendServiceMsg$15)
                  00004a94    0000002c     driverlib.lib : aon_rtc.obj (.text:NOROM_AONRTCCurrentCompareValueGet)
                  00004ac0    0000002a     ICallBleAPI.obj (.text:ICall_waitMatch$15)
                  00004aea    0000002a     util.obj (.text:Util_enqueueMsg)
                  00004b14    0000002a     ICallBleAPI.obj (.text:matchProfileCS$15)
                  00004b3e    00000028     gattservapp_util.obj (.text:GATTServApp_WriteCharCfg)
                  00004b66    00000028     driverlib.lib : setup.obj (.text:GetTrimForAmpcompTh2$34)
                  00004b8e    00000002     --HOLE-- [fill = 0]
                  00004b90    00000028     ICall.obj (.text:ICall_init)
                  00004bb8    00000028     ICall.obj (.text:ICall_msgPrepend$8)
                  00004be0    00000028     simpleBLEPeripheral.obj (.text:ICall_registerApp$17)
                  00004c08    00000028     peripheral.obj (.text:ICall_registerApp$6)
                  00004c30    00000028     simpleBLEPeripheral.obj (.text:SimpleBLEPeripheral_freeAttRsp$17)
                  00004c58    00000028     simpleGATTprofile.obj (.text:SimpleProfile_AddService)
                  00004c80    00000028     gattservapp_util.obj (.text:gattServApp_FindCharCfgItem$5)
                  00004ca8    00000028     appBLE_pem3.oem3 (.text:ti_sysbios_family_arm_cc26xx_Power_isDependencyActive)
                  00004cd0    00000028     sysbios.aem3 : mangled__BIOS_lib.obj (.text:ti_sysbios_family_arm_cc26xx_Timer_getMaxTicks__E)
                  00004cf8    00000026     driverlib.lib : osc.obj (.text:NOROM_OSCClockSourceGet)
                  00004d1e    00000024     ICallBleAPI.obj (.text:GAPBondMgr_LinkTerm)
                  00004d42    00000002     --HOLE-- [fill = 0]
                  00004d44    00000024     gattservapp_util.obj (.text:GATTServApp_FindAttr)
                  00004d68    00000024     ICallBleAPI.obj (.text:ICall_getLocalMsgEntityId$15)
                  00004d8c    00000024     ICallBleAPI.obj (.text:ICall_threadServes$15)
                  00004db0    00000024     simpleBLEPeripheral.obj (.text:SimpleBLEPeripheral_enqueueMsg$17)
                  00004dd4    00000024     appBLE_pem3.oem3 (.text:ti_sysbios_BIOS_registerRTSLock__I)
                  00004df8    00000024     appBLE_pem3.oem3 (.text:ti_sysbios_BIOS_removeRTSLock__I)
                  00004e1c    00000024     appBLE_pem3.oem3 (.text:ti_sysbios_BIOS_startFunc__I)
                  00004e40    00000024     sysbios.aem3 : mangled__BIOS_lib.obj (.text:ti_sysbios_family_arm_cc26xx_Timer_dynamicStub__E)
                  00004e64    00000022     driverlib.lib : setup.obj (.text:GetTrimForAmpcompTh1$34)
                  00004e86    00000022     ICall.obj (.text:ICall_dispatch$8)
                  00004ea8    00000022     util.obj (.text:ICall_malloc$18)
                  00004eca    00000002     --HOLE-- [fill = 0]
                  00004ecc    00000020     gattservapp_util.obj (.text:GATTServApp_InitCharCfg)
                  00004eec    00000020     ICallBleAPI.obj (.text:GATT_bm_alloc)
                  00004f0c    00000020     driverlib.lib : setup.obj (.text:GetTrimForRcOscLfRtuneCtuneTrim$34)
                  00004f2c    00000020                   : setup.obj (.text:GetTrimForXoscHfCtl$34)
                  00004f4c    00000020     ICallBleAPI.obj (.text:ICall_allocMsg$15)
                  00004f6c    00000020     ICallBleAPI.obj (.text:ICall_getEntityId$15)
                  00004f8c    00000020     simpleBLEPeripheral.obj (.text:ICall_malloc$17)
                  00004fac    00000020     ICall.obj (.text:ICall_primService$8)
                  00004fcc    00000020     ICall.obj (.text:ICall_searchService$8)
                  00004fec    00000020     util.obj (.text:Util_dequeueMsg)
                  0000500c    00000008     (.tramp.ti_sysbios_knl_Queue_dequeue__E.1)
                  00005014    00000020     appBLE_pem3.oem3 (.text:ti_sysbios_BIOS_rtsLock__I)
                  00005034    00000008     (.tramp.ti_sysbios_BIOS_RtsGateProxy_enter__E.1)
                  0000503c    00000020     sysbios.aem3 : mangled__BIOS_lib.obj (.text:ti_sysbios_family_arm_cc26xx_TimestampProvider_get32__E)
                  0000505c    0000001e     ICall.obj (.text:ICall_primSendServiceMsg$8)
                  0000507a    0000001e     main.obj (.text:main)
                  00005098    00000008     (.tramp.ti_sysbios_BIOS_start__E.1)
                  000050a0    0000001e     ICallBleAPI.obj (.text:matchHciCS$15)
                  000050be    0000001e     ICallBleAPI.obj (.text:waitMatchCS$15)
                  000050dc    0000001c     peripheral.obj (.text:GAPRole_StartDevice)
                  000050f8    0000001c     ICallBleAPI.obj (.text:GATT_bm_free)
                  00005114    0000001c     simpleBLEPeripheral.obj (.text:ICall_wait$17)
                  00005130    0000001c     peripheral.obj (.text:ICall_wait$6)
                  0000514c    0000001c     PINCC26XX.obj (.text:PINCC26XX_setIoCfgMux$10)
                  00005168    0000001c     peripheral.obj (.text:gapRole_HandleParamUpdateNoSuccess$6)
                  00005184    0000001c     ICallBleAPI.obj (.text:getStatusValueFromErrNo$15)
                  000051a0    0000001a     ICall.obj (.text:ICall_enterCSImpl)
                  000051ba    0000001a     ICall.obj (.text:ICall_primSetTimerMSecs$8)
                  000051d4    0000001a     driverlib.lib : osc.obj (.text:OSCHF_TurnOnXosc)
                  000051ee    0000001a     simpleBLEPeripheral.obj (.text:SimpleBLEPeripheral_processAppMsg$17)
                  00005208    0000001a     ICallBleAPI.obj (.text:matchGattIndNotiCS$15)
                  00005222    00000018     driverlib.lib : chipinfo.obj (.text:ChipInfo_GetPackageType)
                  0000523a    00000002     --HOLE-- [fill = 0]
                  0000523c    00000018     peripheral.obj (.text:GAPRole_TerminateConnection)
                  00005254    00000018     ICallBleAPI.obj (.text:GATT_Notification)
                  0000526c    00000018     driverlib.lib : setup.obj (.text:GetTrimForAdcShModeEn$34)
                  00005284    00000018                   : setup.obj (.text:GetTrimForAdcShVbufEn$34)
                  0000529c    00000018                   : setup.obj (.text:GetTrimForDblrLoopFilterResetVoltage$34)
                  000052b4    00000018                   : setup.obj (.text:GetTrimForRcOscLfIBiasTrim$34)
                  000052cc    00000018                   : setup.obj (.text:GetTrimForXoscHfIbiastherm$34)
                  000052e4    00000018                   : setup.obj (.text:GetTrimForXoscLfRegulatorAndCmirrwrRatio$34)
                  000052fc    00000018     ICallCC2650.obj (.text:ICallPlatform_pwrDispense)
                  00005314    00000018     ICallCC2650.obj (.text:ICallPlatform_pwrRequire)
                  0000532c    00000018     simpleBLEPeripheral.obj (.text:ICall_free$17)
                  00005344    00000018     util.obj (.text:ICall_free$18)
                  0000535c    00000018     ICallBleAPI.obj (.text:ICall_freeMsg$15)
                  00005374    00000018     simpleBLEPeripheral.obj (.text:ICall_freeMsg$17)
                  0000538c    00000018     peripheral.obj (.text:ICall_freeMsg$6)
                  000053a4    00000018     ICall.obj (.text:ICall_freeMsg$8)
                  000053bc    00000018     ICall.obj (.text:ICall_initPrim$8)
                  000053d4    00000018     ICall.obj (.text:ICall_primMalloc$8)
                  000053ec    00000018     simpleBLEPeripheral.obj (.text:SimpleBLEPeripheral_performPeriodicTask$17)
                  00005404    00000018     util.obj (.text:Util_constructQueue)
                  0000541c    00000008     (.tramp.ti_sysbios_knl_Queue_construct.1)
                  00005424    00000018     peripheral.obj (.text:gapRole_setEvent$6)
                  0000543c    00000018     rtsv7M3_T_le_eabi.lib : args_main.obj (.text)
                  00005454    00000018                           : ll_mul_t2.obj (.text)
                  0000546c    00000018     appBLE_pem3.oem3 (.text:ti_sysbios_BIOS_rtsUnlock__I)
                  00005484    00000008     (.tramp.ti_sysbios_BIOS_RtsGateProxy_leave__E.1)
                  0000548c    00000018     appBLE_pem3.oem3 (.text:ti_sysbios_family_arm_cc26xx_Power_RFCORECLKS)
                  000054a4    00000018     sysbios.aem3 : mangled__BIOS_lib.obj (.text:ti_sysbios_family_arm_cc26xx_Timer_getCount64__E)
                  000054bc    00000018     appBLE_pem3.oem3 (.text:ti_sysbios_rom_cortexm_cc26xx_CC26xx_checkRevision__E)
                  000054d4    00000016     driverlib.lib : setup.obj (.text:GetTrimForXoscHfFastStart$34)
                  000054ea    00000016     ICall.obj (.text:ICall_abort$8)
                  00005500    00000016     ICall.obj (.text:ICall_leaveCSImpl)
                  00005516    00000016     ICall.obj (.text:ICall_primStopTimer$8)
                  0000552c    00000016     simpleBLEPeripheral.obj (.text:SimpleBLEPeripheral_processCharValueChangeEvt$17)
                  00005542    00000016     appBLE_pem3.oem3 (.text:ti_sysbios_BIOS_exitFunc__I)
                  00005558    00000014     devinfoservice.obj (.text:DevInfo_AddService)
                  0000556c    00000014     ICallCC2650.obj (.text:ICallPlatform_pwrIsStableXOSCHF)
                  00005580    00000014     simpleBLEPeripheral.obj (.text:SimpleBLEPeripheral_clockHandler$17)
                  00005594    00000014     simpleGATTprofile.obj (.text:SimpleProfile_RegisterAppCBs)
                  000055a8    00000014     driverlib.lib : chipinfo.obj (.text:ThisCodeIsBuiltForCC26xxHwRev22AndLater_HaltIfViolated)
                  000055bc    00000014     rtsv7M3_T_le_eabi.lib : _lock.obj (.text)
                  000055d0    00000014                           : strlen.obj (.text)
                  000055e4    00000014     ICallBleAPI.obj (.text:setICallCmdEvtHdr$15)
                  000055f8    00000014     appBLE_pem3.oem3 (.text:ti_sysbios_knl_Clock_doTick__I)
                  0000560c    00000008     (.tramp.ti_sysbios_knl_Clock_logTick__E.1)
                  00005614    00000008     (.tramp.ti_sysbios_knl_Swi_post__E.1)
                  0000561c    00000012     appBLE_pem3.oem3 (.text:xdc_runtime_Startup_exec__I)
                  0000562e    00000002     --HOLE-- [fill = 0]
                  00005630    00000008     (.tramp.xdc_runtime_Startup_startMods__I.1)
                  00005638    00000010     devinfoservice.obj (.text:DevInfo_SetParameter)
                  00005648    00000010     ICallBleAPI.obj (.text:GAP_EndDiscoverable)
                  00005658    00000010     gattservapp_util.obj (.text:GATTServApp_ReadCharCfg)
                  00005668    00000010     ICallCC2650.obj (.text:ICallPlatform_pwrGetXOSCStartupTime)
                  00005678    00000010     ICall.obj (.text:ICall_primGetTickPeriod$8)
                  00005688    00000010     ICall.obj (.text:ICall_taskEntry$8)
                  00005698    00000010     util.obj (.text:Util_isActive)
                  000056a8    0000000e     ICallCC2650.obj (.text:ICallPlatform_pwrGetTransitionState)
                  000056b6    0000000e     ICall.obj (.text:ICall_primDisableMInt$8)
                  000056c4    0000000e     ICall.obj (.text:ICall_primEnableMInt$8)
                  000056d2    00000002     --HOLE-- [fill = 0]
                  000056d4    00000008     (.tramp.ti_sysbios_family_arm_m3_Hwi_enableFxn__E.1)
                  000056dc    00000008     (.tramp.ti_sysbios_knl_Task_enable__E.1)
                  000056e4    0000000e     ICall.obj (.text:ICall_primFreeMsg$8)
                  000056f2    0000000e     ICall.obj (.text:ICall_primGetTicks$8)
                  00005700    0000000e     driverlib.lib : vims.obj (.text:NOROM_VIMSModeGet)
                  0000570e    0000000e                   : setup.obj (.text:SignExtendVddrTrimValue$34)
                  0000571c    0000000e     simpleBLEPeripheral.obj (.text:SimpleBLEPeripheral_processStackMsg$17)
                  0000572a    0000000e     rtsv7M3_T_le_eabi.lib : copy_decompress_none.obj (.text:decompress:none)
                  00005738    0000000e     ICallBleAPI.obj (.text:matchGSARegisterServiceCS$15)
                  00005746    0000000e     ICallBleAPI.obj (.text:matchGapLinkEstCS$15)
                  00005754    0000000e     ICallBleAPI.obj (.text:matchGattSendRspCS$15)
                  00005762    0000000e     ICallBleAPI.obj (.text:matchLinkDBNumConnsCS$15)
                  00005770    0000000e     ICallBleAPI.obj (.text:setDispatchCmdEvtHdr$15)
                  0000577e    00000002     --HOLE-- [fill = 0]
                  00005780    0000000c     ICallBleAPI.obj (.text:GAP_MakeDiscoverable)
                  0000578c    0000000c     ICallBleAPI.obj (.text:GAP_TerminateAuth)
                  00005798    0000000c     ICallBleAPI.obj (.text:GAP_UpdateLinkParamReq)
                  000057a4    0000000c     ICallBleAPI.obj (.text:GGS_SetParameter)
                  000057b0    0000000c     ICall.obj (.text:ICall_clockFunc$8)
                  000057bc    0000000c     ICall.obj (.text:ICall_primDisableInt$8)
                  000057c8    00000008     (.tramp.ti_sysbios_hal_Hwi_disableInterrupt__E.1)
                  000057d0    0000000c     ICall.obj (.text:ICall_primEnableInt$8)
                  000057dc    00000008     (.tramp.ti_sysbios_hal_Hwi_enableInterrupt__E.1)
                  000057e4    0000000c     ICall.obj (.text:ICall_primFree$8)
                  000057f0    0000000c     ICall.obj (.text:ICall_primSignal$8)
                  000057fc    0000000c     driverlib.lib : cpu.obj (.text:NOROM_CPUcpsid)
                  00005808    0000000c                   : cpu.obj (.text:NOROM_CPUcpsie)
                  00005814    0000000c     util.obj (.text:Util_startClock)
                  00005820    0000000c     rtsv7M3_T_le_eabi.lib : copy_zero_init.obj (.text:decompress:ZI)
                  0000582c    0000000c     ICallBleAPI.obj (.text:matchProfileSetParamCS$15)
                  00005838    0000000c     sysbios.aem3 : mangled__BIOS_lib.obj (.text:ti_sysbios_BIOS_getThreadType__E)
                  00005844    0000000c                  : mangled__BIOS_lib.obj (.text:ti_sysbios_family_arm_cc26xx_Power_getTransitionState__E)
                  00005850    0000000c                  : mangled__BIOS_lib.obj (.text:ti_sysbios_hal_Hwi_Params__init__S)
                  0000585c    00000008     (.tramp.xdc_runtime_Core_assignParams__I.1)
                  00005864    0000000c     appBLE_pem3.oem3 (.text:xdc_runtime_Startup_reset__I)
                  00005870    0000000a     ICallCC2650.obj (.text:ICallPlatform_pwrSwitchXOSCHF)
                  0000587a    0000000a     ICall.obj (.text:ICall_primE2S$8)
                  00005884    00000008     ICallBleAPI.obj (.text:GATT_Indication)
                  0000588c    00000008     simpleBLEPeripheral.obj (.text:SimpleBLEPeripheral_charValueChangeCB$17)
                  00005894    00000008     simpleBLEPeripheral.obj (.text:SimpleBLEPeripheral_stateChangeCB$17)
                  0000589c    00000008     ICallBleAPI.obj (.text:matchHciExtConnEventNoticeCS$15)
                  000058a4    00000006     ICallBleAPI.obj (.text:GAP_RegisterForMsgs)
                  000058aa    00000006     ICallBleAPI.obj (.text:GATT_RegisterForMsgs)
                  000058b0    00000006     ICallBleAPI.obj (.text:GGS_AddService)
                  000058b6    00000006     ICall.obj (.text:ICall_mallocImpl)
                  000058bc    00000006     sysbios.aem3 : mangled__BIOS_lib.obj (.text:__xdc__init)
                  000058c2    00000006     rtsv7M3_T_le_eabi.lib : copy_decompress_rle.obj (.text:decompress:rle24)
                  000058c8    00000006     ICallBleAPI.obj (.text:gattAddService$15)
                  000058ce    00000006     ICallBleAPI.obj (.text:matchBondMgrSetParamCS$15)
                  000058d4    00000006     ICallBleAPI.obj (.text:matchGGSSetParamCS$15)
                  000058da    00000006     ICallBleAPI.obj (.text:matchGapDeviceInitCS$15)
                  000058e0    00000006     ICallBleAPI.obj (.text:matchGapEndDiscoverableCS$15)
                  000058e6    00000006     ICallBleAPI.obj (.text:matchGapGetParamCS$15)
                  000058ec    00000006     ICallBleAPI.obj (.text:matchGapMakeDiscoverableCS$15)
                  000058f2    00000006     ICallBleAPI.obj (.text:matchGapSetParamCS$15)
                  000058f8    00000006     ICallBleAPI.obj (.text:matchGapTerminateAuthCS$15)
                  000058fe    00000006     ICallBleAPI.obj (.text:matchGapTerminateLinkReqCS$15)
                  00005904    00000006     ICallBleAPI.obj (.text:matchGapUpdateAdvDataCS$15)
                  0000590a    00000006     ICallBleAPI.obj (.text:matchGapUpdateLinkParamReqCS$15)
                  00005910    00000006     ICallBleAPI.obj (.text:matchUtilNvReadCS$15)
                  00005916    00000006     ICallBleAPI.obj (.text:matchUtilNvWriteCS$15)
                  0000591c    00000004     ICall.obj (.text:ICall_primAbort$8)
                  00005920    00000004     util.obj (.text:Util_stopClock)
                  00005924    00000004     peripheral.obj (.text:gapRole_SetupGAP$6)
                  00005928    00000004     appBLE_pem3.oem3 (.text:ti_sysbios_family_arm_cc26xx_Power_NOP)
                  0000592c    00000004     sysbios.aem3 : mangled__BIOS_lib.obj (.text:ti_sysbios_knl_Clock_isActive__E)
                  00005930    00000008     (.tramp.ti_sysbios_knl_Task_startup__E.1)
                  00005938    00000008     (.tramp.ti_sysbios_knl_Swi_startup__E.1)
                  00005940    00000008     (.tramp.ti_sysbios_hal_Hwi_startup__E.1)
                  00005948    00000008     (.tramp.ti_sysbios_family_arm_cc26xx_Timer_startup__E.1)
                  00005950    00000008     (.tramp.xdc_runtime_System_atexit__E.1)
                  00005958    00000008     (.tramp.ti_sysbios_knl_Queue_enqueue__E.1)
                  00005960    00000008     (.tramp.ti_sysbios_knl_Queue_put__E.1)
                  00005968    00000008     (.tramp.ti_sysbios_BIOS_setThreadType__E.1)
                  00005970    00000008     (.tramp.ti_sysbios_hal_Hwi_create.1)
                  00005978    00000008     (.tramp.ti_sysbios_knl_Task_construct.1)
                  00005980    00000008     (.tramp.xdc_runtime_System_exit__E.1)
                  00005988    00000008     (.tramp.ti_sysbios_knl_Clock_construct.1)
                  00005990    00000008     (.tramp.ti_sysbios_knl_Semaphore_create.1)
                  00005998    00000008     (.tramp.ti_sysbios_knl_Task_create.1)
                  000059a0    00000008     (.tramp.ti_sysbios_knl_Task_Params__init__S.1)
                  000059a8    00000008     (.tramp.ti_sysbios_knl_Clock_create.1)
                  000059b0    00000008     (.tramp.ti_sysbios_knl_Clock_Params__init__S.1)
                  000059b8    00000008     (.tramp.ti_sysbios_knl_Clock_scheduleNextTick__E.1)
                  000059c0    00000008     (.tramp.ti_sysbios_knl_Clock_walkQueueDynamic__E.1)
                  000059c8    00000008     (.tramp.ti_sysbios_knl_Semaphore_post__E.1)
                  000059d0    00000008     (.tramp.ti_sysbios_knl_Semaphore_pend__E.1)
                  000059d8    00000008     (.tramp.ti_sysbios_knl_Clock_getTicks__E.1)
                  000059e0    00000008     (.tramp.ti_sysbios_knl_Task_self__E.1)
                  000059e8    00000008     (.tramp.ti_sysbios_knl_Clock_stop__E.1)
                  000059f0    00000008     (.tramp.ti_sysbios_knl_Clock_start__E.1)
                  000059f8    00000008     (.tramp.ti_sysbios_knl_Clock_setTimeout__E.1)
                  00005a00    00000008     (.tramp.ti_sysbios_knl_Clock_TimerProxy_getCurrentTick__E.1)
                  00005a08    00000008     (.tramp.ti_sysbios_family_arm_m3_Hwi_construct.1)
                  00005a10    00000008     (.tramp.ti_sysbios_family_arm_m3_Hwi_Params__init__S.1)
                  00005a18    00000008     (.tramp.ti_sysbios_knl_Semaphore_construct.1)
                  00005a20    00000008     (.tramp.ti_sysbios_knl_Semaphore_Params__init__S.1)
                  00005a28    00000008     (.tramp.ti_sysbios_knl_Task_restore__E.1)
                  00005a30    00000008     (.tramp.ti_sysbios_knl_Swi_restore__E.1)
                  00005a38    00000008     (.tramp.ti_sysbios_knl_Swi_disable__E.1)
                  00005a40    00000008     (.tramp.ti_sysbios_knl_Queue_next__E.1)
                  00005a48    00000008     (.tramp.ti_sysbios_knl_Queue_head__E.1)
                  00005a50    00000008     (.tramp.ti_sysbios_knl_Queue_empty__E.1)
                  00005a58    00000008     (.tramp.ti_sysbios_knl_Task_disable__E.1)

.const     0    00005a60    00000264     
                  00005a60    000000bc     ICall.obj (.const)
                  00005b1c    0000004c     appBLE_pem3.oem3 (.const:ti_sysbios_family_arm_cc26xx_Power_db)
                  00005b68    00000048     appBLE_pem3.oem3 (.const:.string)
                  00005bb0    0000002c     gatt_uuid.obj (.const)
                  00005bdc    00000028     appBLE_pem3.oem3 (.const:xdc_runtime_Startup_sfxnTab__A)
                  00005c04    00000027     bleUserConfig.obj (.const:txPowerTable)
                  00005c2b    00000014     devinfoservice.obj (.const:.string)
                  00005c3f    00000001     ICallCC2650.obj (.const)
                  00005c40    00000014     devinfoservice.obj (.const)
                  00005c54    00000014     simpleGATTprofile.obj (.const)
                  00005c68    00000014     appBLE_pem3.oem3 (.const:xdc_runtime_Startup_sfxnRts__A)
                  00005c7c    0000000c     simpleGATTprofile.obj (.const:.string)
                  00005c88    0000000c     appBLE_pem3.oem3 (.const:xdc_runtime_Startup_firstFxns__A)
                  00005c94    00000006     bleUserConfig.obj (.const)
                  00005c9a    00000005     simpleBLEPeripheral.obj (.const:.string)
                  00005c9f    00000001     appBLE_pem3.oem3 (.const:xdc_runtime_Text_charTab__A)
                  00005ca0    00000004     appBLE_pem3.oem3 (.const:ti_sysbios_family_arm_cc26xx_Power_Module_State_clockObj__O)
                  00005ca4    00000004     appBLE_pem3.oem3 (.const:ti_sysbios_family_arm_cc26xx_Power_Module_State_lfClockObj__O)
                  00005ca8    00000004     appBLE_pem3.oem3 (.const:ti_sysbios_family_arm_cc26xx_Power_Module_State_notifyQ__O)
                  00005cac    00000004     appBLE_pem3.oem3 (.const:ti_sysbios_family_arm_cc26xx_Power_notifyTrapFunc__C)
                  00005cb0    00000004     appBLE_pem3.oem3 (.const:ti_sysbios_family_arm_cc26xx_Power_totalTicksSTANDBY__C)
                  00005cb4    00000004     appBLE_pem3.oem3 (.const:ti_sysbios_family_arm_cc26xx_Power_wakeDelaySTANDBY__C)
                  00005cb8    00000004     appBLE_pem3.oem3 (.const:ti_sysbios_family_arm_m3_Hwi_disablePriority__C)
                  00005cbc    00000004     appBLE_pem3.oem3 (.const:ti_sysbios_knl_Clock_tickPeriod__C)
                  00005cc0    00000004     appBLE_pem3.oem3 (.const:ti_sysbios_knl_Idle_funcList__A)

.cinit     0    00005cc8    00000808     
                  00005cc8    0000066d     (.cinit..data.load) [load image, compression = rle]
                  00006335    00000003     --HOLE-- [fill = 0]
                  00006338    0000002d     (.cinit..data:ti_sysbios_family_arm_m3_Hwi_Module__state__V.load) [load image, compression = rle]
                  00006365    00000003     --HOLE-- [fill = 0]
                  00006368    0000002c     (.cinit..data:ti_sysbios_knl_Task_Module__state__V.load) [load image, compression = rle]
                  00006394    00000004     --HOLE-- [fill = 0]
                  00006398    00000021     (.cinit..data:ti_sysbios_knl_Clock_Module__state__V.load) [load image, compression = rle]
[...]
1001c1fb  ti_sysbios_family_arm_m3_Hwi_doSwiRestore__I                              
1001c203  ti_sysbios_family_arm_m3_Hwi_startup__E                                   
1001c20b  ti_sysbios_knl_Idle_loop__E                                               
1001c213  ti_sysbios_family_arm_m3_Hwi_doTaskRestore__I                             
1001c219  ti_sysbios_family_arm_m3_Hwi_restoreFxn__E                                
1001c21f  ti_sysbios_gates_GateHwi_leave__E                                         
1001c225  ti_sysbios_knl_Clock_stop__E                                              
1001c22b  ti_sysbios_knl_Queue_Instance_init__E                                     
1001c231  ti_sysbios_knl_Queue_elemClear__E                                         
1001c237  ti_sysbios_knl_Swi_Module_startup__E                                      
1001c23d  ti_sysbios_knl_Swi_startup__E                                             
1001c243  ti_sysbios_knl_Task_enable__E                                             
1001c249  ti_sysbios_BIOS_RtsGateProxy_enter__E                                     
1001c24d  ti_sysbios_BIOS_RtsGateProxy_leave__E                                     
1001c251  ti_sysbios_family_arm_cc26xx_Timer_getExpiredTicks__E                     
1001c255  ti_sysbios_family_arm_cc26xx_Timer_getPeriod__E                           
1001c259  ti_sysbios_family_arm_cc26xx_Timer_setPeriod__E                           
1001c25d  ti_sysbios_family_arm_m3_Hwi_delete                                       
1001c261  ti_sysbios_family_arm_m3_Hwi_destruct                                     
1001c265  ti_sysbios_family_arm_m3_TaskSupport_Module__startupDone__S               
1001c269  ti_sysbios_gates_GateHwi_query__E                                         
1001c269  xdc_runtime_System_Module_GateProxy_query__E                              
1001c26d  ti_sysbios_gates_GateMutex_delete                                         
1001c271  ti_sysbios_gates_GateMutex_destruct                                       
1001c275  ti_sysbios_BIOS_RtsGateProxy_query__E                                     
1001c275  ti_sysbios_gates_GateMutex_query__E                                       
1001c275  ti_sysbios_heaps_HeapMem_Module_GateProxy_query__E                        
1001c279  ti_sysbios_hal_Hwi_HwiProxy_Module__startupDone__S                        
1001c27d  ti_sysbios_hal_Hwi_HwiProxy_delete                                        
1001c281  ti_sysbios_hal_Hwi_HwiProxy_disableInterrupt__E                           
1001c281  ti_sysbios_hal_Hwi_disableInterrupt__E                                    
1001c285  ti_sysbios_hal_Hwi_HwiProxy_enableInterrupt__E                            
1001c285  ti_sysbios_hal_Hwi_enableInterrupt__E                                     
1001c289  ti_sysbios_hal_Hwi_HwiProxy_getStackInfo__E                               
1001c289  ti_sysbios_hal_Hwi_getStackInfo__E                                        
1001c28d  ti_sysbios_hal_Hwi_HwiProxy_startup__E                                    
1001c28d  ti_sysbios_hal_Hwi_startup__E                                             
1001c291  ti_sysbios_hal_Hwi_HwiProxy_switchFromBootStack__E                        
1001c295  ti_sysbios_hal_Hwi_delete                                                 
1001c299  ti_sysbios_hal_Hwi_switchFromBootStack__E                                 
1001c29d  ti_sysbios_heaps_HeapMem_Module_GateProxy_enter__E                        
1001c2a1  ti_sysbios_heaps_HeapMem_Module_GateProxy_leave__E                        
1001c2a5  ti_sysbios_heaps_HeapMem_isBlocking__E                                    
1001c2a9  ti_sysbios_knl_Clock_TimerProxy_Module__startupDone__S                    
1001c2ad  ti_sysbios_knl_Clock_TimerProxy_getExpiredTicks__E                        
1001c2b1  ti_sysbios_knl_Clock_TimerProxy_getPeriod__E                              
1001c2b5  ti_sysbios_knl_Clock_delete                                               
1001c2b9  ti_sysbios_knl_Clock_destruct                                             
1001c2bd  ti_sysbios_knl_Clock_removeI__E                                           
1001c2c1  ti_sysbios_knl_Clock_setTimeout__E                                        
1001c2c5  ti_sysbios_knl_Mailbox_delete                                             
1001c2c9  ti_sysbios_knl_Mailbox_destruct                                           
1001c2cd  ti_sysbios_knl_Queue_delete                                               
1001c2d1  ti_sysbios_knl_Queue_destruct                                             
1001c2d5  ti_sysbios_knl_Queue_head__E                                              
1001c2d9  ti_sysbios_knl_Queue_next__E                                              
1001c2dd  ti_sysbios_knl_Semaphore_delete                                           
1001c2e1  ti_sysbios_knl_Semaphore_destruct                                         
1001c2e5  ti_sysbios_knl_Swi_delete                                                 
1001c2e9  ti_sysbios_knl_Swi_destruct                                               
1001c2ed  ti_sysbios_knl_Swi_postInit__I                                            
1001c2f1  ti_sysbios_knl_Task_SupportProxy_Module__startupDone__S                   
1001c2f5  ti_sysbios_knl_Task_SupportProxy_getStackAlignment__E                     
1001c2f9  ti_sysbios_knl_Task_SupportProxy_start__E                                 
1001c2fd  ti_sysbios_knl_Task_SupportProxy_swap__E                                  
1001c301  ti_sysbios_knl_Task_delete                                                
1001c305  ti_sysbios_knl_Task_destruct                                              
1001c309  ti_sysbios_knl_Task_startup__E                                            
1001c30d  xdc_runtime_Startup_startMods__I                                          
1001c405  xdc_runtime_Core_createObject__I                                          
1001c487  xdc_runtime_Error_policySpin__E                                           
1001c489  xdc_runtime_Memory_alloc__E                                               
1001c4f9  xdc_runtime_Core_deleteObject__I                                          
1001c559  xdc_runtime_Startup_exec__E                                               
1001c5a9  xdc_runtime_Assert_raise__I                                               
1001c5f1  xdc_runtime_Core_assignParams__I                                          
1001c639  xdc_runtime_Core_constructObject__I                                       
1001c681  xdc_runtime_System_atexit__E                                              
1001c6b9  xdc_runtime_System_processAtExit__E                                       
1001c6ed  xdc_runtime_Core_assignLabel__I                                           
1001c71d  xdc_runtime_Text_cordText__E                                              
1001c749  xdc_runtime_System_abort__E                                               
1001c769  xdc_runtime_Error_raiseX__E                                               
1001c785  xdc_runtime_Memory_valloc__E                                              
1001c7a1  xdc_runtime_Core_destructObject__I                                        
1001c7b9  xdc_runtime_Error_check__E                                                
1001c7d1  xdc_runtime_System_exit__E                                                
1001c7e9  xdc_runtime_Text_ropeText__E                                              
1001c801  xdc_runtime_Memory_free__E                                                
1001c811  xdc_runtime_SysCallback_abort__E                                          
1001c821  xdc_runtime_SysCallback_exit__E                                           
1001c831  xdc_runtime_Timestamp_SupportProxy_get32__E                               
1001c831  xdc_runtime_Timestamp_get32__E                                            
1001c841  xdc_runtime_Error_init__E                                                 
1001c84d  xdc_runtime_Memory_calloc__E                                              
1001c859  xdc_runtime_Memory_getMaxDefaultTypeAlign__E                              
1001c879  xdc_runtime_Gate_leaveSystem__E                                           
1001c87f  xdc_runtime_System_Module_startup__E                                      
1001c885  xdc_runtime_Gate_enterSystem__E                                           
1001c889  xdc_runtime_Memory_HeapProxy_alloc__E                                     
1001c88d  xdc_runtime_Memory_HeapProxy_free__E                                      
1001c891  xdc_runtime_System_Module_GateProxy_enter__E                              
1001c895  xdc_runtime_System_Module_GateProxy_leave__E                              
1001c899  xdc_runtime_System_abortSpin__E                                           
1001c89b  xdc_runtime_System_exitSpin__E                                            
1001c89d  ti_sysbios_family_arm_m3_Hwi_dispatch__I                                  
1001c96d  ti_sysbios_family_arm_m3_TaskSupport_buildTaskStack                       
1001c9b9  ti_sysbios_family_arm_m3_Hwi_initStacks__E                                
1001ca01  ti_sysbios_family_arm_m3_Hwi_excHandlerAsm__I                             
1001ca21  ti_sysbios_family_xxx_Hwi_switchAndRunFunc                                
1001ca3f  ti_sysbios_family_arm_m3_Hwi_pendSV__I                                    
1001ca57  ti_sysbios_family_arm_m3_Hwi_return                                       
1001ca59  ti_sysbios_family_arm_m3_TaskSupport_glue                                 
1001ca69  ti_sysbios_family_arm_m3_TaskSupport_swap__E                              
1001ca71  ti_sysbios_knl_Task_swapReturn                                            
1001ca9b  ti_sysbios_rom_cortexm_cc26xx_CC26xx_getRevision__E                       
20000000  ti_sysbios_family_arm_m3_Hwi_ramVectors                                   
20000100  ti_sysbios_knl_Task_Module__state__V                                      
20000144  ti_sysbios_family_arm_m3_Hwi_Module__state__V                             
20000178  ti_sysbios_knl_Clock_Module__state__V                                     
200001a4  ti_sysbios_BIOS_Module__state__V                                          
200001c8  ti_sysbios_knl_Swi_Module__state__V                                       
200001e4  ti_sysbios_family_arm_cc26xx_Timer_Module__state__V                       
200001ec  ti_sysbios_family_arm_cc26xx_TimestampProvider_Module__state__V           
200001f0  xdc_runtime_Startup_Module__state__V                                      
200001f8  xdc_runtime_System_Module__state__V                                       
20000200  xdc_runtime_Memory_Module__state__V                                       
20000c78  ti_sysbios_heaps_HeapMem_Instance_State_0_buf__A                          
200012f8  ti_sysbios_knl_Task_Instance_State_0_stack__A                             
200014f8  PIN_NumPins                                                               
20001558  PIN_HandleTable                                                           
200015d4  ti_sysbios_family_arm_m3_Hwi_dispatchTable                                
200016b8  driverlib_release_0_43243                                                 
20001750  sbpTask                                                                   
200017a0  sbpTaskStack                                                              
20001a5c  linkDBNumConns                                                            
20001b70  gapRoleTask                                                               
20001bc0  gapRoleTaskStack                                                          
20002128  ti_sysbios_family_arm_cc26xx_Power_refCount                               
2000213b  ti_sysbios_family_arm_cc26xx_Power_constraintCounts                       
20002140  ti_sysbios_family_arm_cc26xx_Power_resourceHandlers                       
2000214c  ti_sysbios_family_arm_cc26xx_Timer_Module__root__V                        
20002154  ti_sysbios_family_arm_m3_Hwi_Module__root__V                              
2000215c  ti_sysbios_family_arm_m3_Hwi_Module_State_0_excActive__A                  
20002160  ti_sysbios_family_arm_m3_Hwi_Module_State_0_excContext__A                 
20002164  ti_sysbios_family_arm_m3_Hwi_Module_State_0_excStack__A                   
20002168  ti_sysbios_gates_GateHwi_Module__root__V                                  
20002170  ti_sysbios_gates_GateHwi_Object__table__V                                 
20002174  ti_sysbios_gates_GateMutex_Module__root__V                                
2000217c  ti_sysbios_hal_Hwi_Module__root__V                                        
20002184  ti_sysbios_heaps_HeapMem_Module__root__V                                  
2000218c  ti_sysbios_heaps_HeapMem_Object__table__V                                 
200021a4  ti_sysbios_knl_Clock_Module__root__V                                      
200021ac  ti_sysbios_knl_Event_Module__root__V                                      
200021b4  ti_sysbios_knl_Mailbox_Module__root__V                                    
200021bc  ti_sysbios_knl_Queue_Module__root__V                                      
200021c4  ti_sysbios_knl_Semaphore_Module__root__V                                  
200021cc  ti_sysbios_knl_Swi_Module__root__V                                        
200021d4  ti_sysbios_knl_Task_Module__root__V                                       
200021dc  ti_sysbios_knl_Task_Module_State_0_idleTask__A                            
200021e0  __xdc__init__addr                                                         
200021e4  ICall_dispatcher                                                          
200021ec  ICall_enterCriticalSection                                                
200021f0  ICall_leaveCriticalSection                                                
20002270  ti_sysbios_family_arm_cc26xx_Power_Module__state__V                       
200022e0  rfRegTbl                                                                  
20002334  TSK_idle                                                                  
20002334  ti_sysbios_knl_Task_Object__table__V                                      
20002380  ti_sysbios_family_arm_cc26xx_Timer_Object__table__V                       
200023c8  BoardGpioInitTable                                                        
20002404  ti_sysbios_gates_GateMutex_Object__table__V                               
2000243c  ti_sysbios_family_arm_m3_Hwi_Object__table__V                             
2000246c  ti_sysbios_knl_Swi_Module_State_0_readyQ__A                               
2000249c  ti_sysbios_knl_Swi_Object__table__V                                       
200024cc  ti_sysbios_knl_Task_Module_State_0_readyQ__A                              
200024fc  user0Cfg                                                                  
20002534  lastAppOpcodeSent                                                         
20002538  pfnBMAlloc                                                                
2000253c  pfnBMFree                                                                 
20002548  _lock                                                                     
2000254c  _unlock                                                                   
20002550  __TI_cleanup_ptr                                                          
20002554  __TI_dtors_ptr                                                            
20002558  main_func_sp                                                              
200028fc  __stack                                                                   
20002cfc  __STACK_END                                                               
20002cfc  __STACK_TOP                                                               
e000e000  ti_sysbios_family_arm_m3_Hwi_nvic                                         
ffffffff  __binit__                                                                 
ffffffff  __c_args__                                                                
ffffffff  binit                                                                     
UNDEFED   SHT$$INIT_ARRAY$$Base                                                     
UNDEFED   SHT$$INIT_ARRAY$$Limit                                                    
UNDEFED   ti_sysbios_BIOS_RtsGateProxy_Handle__label__S__mangled__                  
UNDEFED   ti_sysbios_BIOS_RtsGateProxy_Object__delete__S__mangled__                 
UNDEFED   ti_sysbios_BIOS_RtsGateProxy_Params__init__S__mangled__                   
UNDEFED   ti_sysbios_BIOS_RtsGateProxy_query__E__mangled__                          
UNDEFED   ti_sysbios_hal_Hwi_HwiProxy_Module__startupDone__S__mangled__             
UNDEFED   ti_sysbios_hal_Hwi_HwiProxy_Object__delete__S__mangled__                  
UNDEFED   ti_sysbios_hal_Hwi_HwiProxy_Params__init__S__mangled__                    
UNDEFED   ti_sysbios_hal_Hwi_HwiProxy_disableInterrupt__E__mangled__                
UNDEFED   ti_sysbios_hal_Hwi_HwiProxy_enableInterrupt__E__mangled__                 
UNDEFED   ti_sysbios_hal_Hwi_HwiProxy_getStackInfo__E__mangled__                    
UNDEFED   ti_sysbios_hal_Hwi_HwiProxy_startup__E__mangled__                         
UNDEFED   ti_sysbios_hal_Hwi_HwiProxy_switchFromBootStack__E__mangled__             
UNDEFED   ti_sysbios_hal_Hwi_disableInterrupt__E__mangled__                         
UNDEFED   ti_sysbios_hal_Hwi_enableInterrupt__E__mangled__                          
UNDEFED   ti_sysbios_hal_Hwi_getStackInfo__E__mangled__                             
UNDEFED   ti_sysbios_hal_Hwi_startup__E__mangled__                                  
UNDEFED   ti_sysbios_hal_Hwi_switchFromBootStack__E__mangled__                      
UNDEFED   ti_sysbios_heaps_HeapMem_Module_GateProxy_Handle__label__S__mangled__     
UNDEFED   ti_sysbios_heaps_HeapMem_Module_GateProxy_Object__delete__S__mangled__    
UNDEFED   ti_sysbios_heaps_HeapMem_Module_GateProxy_Params__init__S__mangled__      
UNDEFED   ti_sysbios_heaps_HeapMem_Module_GateProxy_query__E__mangled__             
UNDEFED   ti_sysbios_knl_Clock_TimerProxy_Module__startupDone__S__mangled__         
UNDEFED   ti_sysbios_knl_Clock_TimerProxy_startup__E__mangled__                     
UNDEFED   ti_sysbios_knl_Task_SupportProxy_Module__startupDone__S__mangled__        
UNDEFED   ti_sysbios_knl_Task_SupportProxy_getStackAlignment__E__mangled__          
UNDEFED   ti_sysbios_knl_Task_SupportProxy_start__E__mangled__                      
UNDEFED   ti_sysbios_knl_Task_SupportProxy_swap__E__mangled__                       
UNDEFED   xdc_runtime_Main_Module_GateProxy_Handle__label__S                        
UNDEFED   xdc_runtime_Main_Module_GateProxy_Object__delete__S                       
UNDEFED   xdc_runtime_Main_Module_GateProxy_query__E                                
UNDEFED   xdc_runtime_Memory_HeapProxy_Handle__label__S__mangled__                  
UNDEFED   xdc_runtime_Memory_HeapProxy_Object__delete__S__mangled__                 
UNDEFED   xdc_runtime_System_Module_GateProxy_Handle__label__S__mangled__           
UNDEFED   xdc_runtime_System_Module_GateProxy_Object__delete__S__mangled__          
UNDEFED   xdc_runtime_System_Module_GateProxy_query__E__mangled__                   
UNDEFED   xdc_runtime_System_SupportProxy_abort__E                                  
UNDEFED   xdc_runtime_System_SupportProxy_exit__E                                   
UNDEFED   xdc_runtime_Timestamp_SupportProxy_get64__E__mangled__                    
UNDEFED   xdc_runtime_Timestamp_SupportProxy_getFreq__E__mangled__                  
UNDEFED   xdc_runtime_Timestamp_get32__E__mangled__                                 
UNDEFED   xdc_runtime_Timestamp_get64__E__mangled__                                 
UNDEFED   xdc_runtime_Timestamp_getFreq__E__mangled__                               

[792 symbols]
